04-23 10:48:51.876  1302  3224 V RestrictedPackageService: filterBroadcastReceiver for com.google.android.gms.gcm.ACTION_SCHEDULE
04-23 10:48:51.877 32696 14307 V FA-SVC  : Scheduling upload, millis: 2636524
04-23 10:48:51.879  1302  9795 V RestrictedPackageService: filterBroadcastReceiver for com.google.android.gms.gcm.ACTION_SCHEDULE
04-23 10:48:51.880 32696 14307 V FA-SVC  : Background event processing time, ms: 20
04-23 10:48:51.894 15021 15021 I art     : Starting a blocking GC AddRemoveAppImageSpace
04-23 10:48:51.907 14653 15013 W Finsky  : [12077] nxq.a(31): Process for package com.deliveryclub is not important enough.
04-23 10:48:51.910 14653 15013 W Finsky  : [12077] nxq.a(31): Process for package com.deliveryclub is not important enough.
04-23 10:48:51.911 14653 15013 W Finsky  : [12077] nxq.a(32): Destructive updates for package com.deliveryclub are disabled.
04-23 10:48:51.912 14653 15013 W Finsky  : [12077] nxq.a(32): Destructive updates for package com.deliveryclub are disabled.
04-23 10:48:51.912 14653 15013 I Finsky  : [12077] nxy.run(45): Cannot update, by policy!
04-23 10:48:51.917 14818 14966 I PlayCore: UID: [10341]  PID: [14818] AppUpdateService : Unbind from service.
04-23 10:48:51.917 14818 14833 I PlayCore: UID: [10341]  PID: [14818] OnRequestInstallCallback : onRequestInfo
04-23 10:48:51.918 14818 14922 D SystemManager: UpdateListener - Result: com.google.android.play.core.a.a@43aa687
04-23 10:48:51.921 14653 14653 I Finsky  : [1] qib.onTrimMemory(1): Memory trim requested to level 80
04-23 10:48:51.979 15021 15021 I MAMInfo : MAMInfo initialized. Debug=false, UseTestAgent=false, ManagedDialogDisabled=false, DeprecationDialogDisabled=false, PolicyRequired=false, MultiIdentityEnabled=true, FullBackupContent=true, UseDefaultEnrollment=false, ExceptionOnInit=false, Debuggable=false
04-23 10:48:52.048 15021 15021 V FA      : Registered activity lifecycle callback
04-23 10:48:52.065  1302  1403 D AutoBrightnessLenovo.LightSensorSample: onSensorChanged: lux = 228.0
04-23 10:48:52.072 15021 15021 D FirebaseApp: com.google.firebase.auth.FirebaseAuth is not linked. Skipping initialization.
04-23 10:48:52.073 15021 15021 D FirebaseApp: com.google.firebase.crash.FirebaseCrash is not linked. Skipping initialization.
04-23 10:48:52.073 15021 15021 I FirebaseInitProvider: FirebaseApp initialization successful
04-23 10:48:52.073  1302  9791 D PowerManagerService: acquireWakeLockInternal: lock=60896079, flags=0x1, tag="fiid-sync", ws=null, uid=10125, pid=15021
04-23 10:48:52.073  1302  9791 D PowerManagerService: updateWakeLockSummaryLocked: mWakefulness=Awake, mWakeLockSummary=0x1
04-23 10:48:52.073  1302  9791 D PowerManagerService: updateUserActivitySummaryLocked: mWakefulness=Awake, mUserActivitySummary=0x1, nextTimeout=859153201 (in 1740151 ms)
04-23 10:48:52.074  1302  9791 D PowerManagerService: updateDisplayPowerStateLocked: mDisplayReady=true, policy=3, mWakefulness=1, mWakeLockSummary=0x1, mUserActivitySummary=0x1, mBootCompleted=true, mScreenBrightnessBoostInProgress=false
04-23 10:48:52.076   717   717 I MSM-irqbalance: Decided to move IRQ3 from CPU2 [P:0] to CPU4 [P:1] (banned)
04-23 10:48:52.077   717   717 I MSM-irqbalance: Decided to move IRQ5 from CPU2 [P:0] to CPU6 [P:1] (banned)
04-23 10:48:52.077   717   717 I MSM-irqbalance: Decided to move IRQ3 from CPU1 [P:0] to CPU5 [P:1] (banned)
04-23 10:48:52.077   717   717 I MSM-irqbalance: Decided to move IRQ5 from CPU1 [P:0] to CPU7 [P:1] (banned)
04-23 10:48:52.077   717   717 I MSM-irqbalance: Decided to move IRQ3 from CPU0 [P:0] to CPU4 [P:1] (banned)
04-23 10:48:52.077   717   717 I MSM-irqbalance: Decided to move IRQ5 from CPU0 [P:0] to CPU6 [P:1] (banned)
04-23 10:48:52.077   717   717 I MSM-irqbalance: Decided to move IRQ3 from CPU3 [P:0] to CPU5 [P:1] (banned)
04-23 10:48:52.077   717   717 I MSM-irqbalance: Decided to move IRQ5 from CPU3 [P:0] to CPU7 [P:1] (banned)
04-23 10:48:52.082  1302  1751 D PowerManagerService: releaseWakeLockInternal: lock=60896079 [fiid-sync], flags=0x0
04-23 10:48:52.082  1302  1751 D PowerManagerService: updateWakeLockSummaryLocked: mWakefulness=Awake, mWakeLockSummary=0x1
04-23 10:48:52.082  1302  1751 D PowerManagerService: updateUserActivitySummaryLocked: mWakefulness=Awake, mUserActivitySummary=0x1, nextTimeout=859153201 (in 1740143 ms)
04-23 10:48:52.082  1302  1751 D PowerManagerService: updateDisplayPowerStateLocked: mDisplayReady=true, policy=3, mWakefulness=1, mWakeLockSummary=0x1, mUserActivitySummary=0x1, mBootCompleted=true, mScreenBrightnessBoostInProgress=false
04-23 10:48:52.090 15021 15041 I FA      : Collection disabled with firebase_analytics_collection_enabled=0
04-23 10:48:52.095 15021 15041 I FA      : App measurement is starting up, version: 14710
04-23 10:48:52.095 15021 15041 I FA      : To enable debug logging run: adb shell setprop log.tag.FA VERBOSE
04-23 10:48:52.095 15021 15041 I FA      : To enable faster debug mode event logging run:
04-23 10:48:52.095 15021 15041 I FA      :   adb shell setprop debug.firebase.analytics.app com.microsoft.office.excel
04-23 10:48:52.096 15021 15041 D FA      : Debug-level message logging enabled
04-23 10:48:52.119 15021 15041 V FA      : Connecting to remote service
04-23 10:48:52.134  1302  9793 I ActivityManager: Process ru.sberbank.spasibo (pid 13802) has died
04-23 10:48:52.134  1302  9793 D ActivityManager: cleanUpApplicationRecord -- 13802
04-23 10:48:52.134  1302  9793 W ActivityManager: Scheduling restart of crashed service ru.sberbank.spasibo/.AppCloseWatcherService in 128504ms
04-23 10:48:52.134  1302  2873 D IzatProviderEngine_jni: onRemoveRequest called by network
04-23 10:48:52.134  1302  2873 D IzatProviderEngine_jni: Provider Type: 2
04-23 10:48:52.134  1302  2873 D IzatProviderEngine_jni: Num Updates : 2147483647
04-23 10:48:52.134  1302  2873 D IzatProviderEngine_jni: Interval : 3600000
04-23 10:48:52.134  1302  2873 D IzatProviderEngine_jni: Displacement : 3000.000000
04-23 10:48:52.134  1302  2873 D IzatProviderEngine_jni: Accuracy : 1
04-23 10:48:52.134  1302  9793 W ActivityManager: Scheduling restart of crashed service ru.sberbank.spasibo/.services.LocationService in 138504ms
04-23 10:48:52.154 15021 15021 I TelemetryManager: Initalizing Android early telemetry
04-23 10:48:52.161 15021 15021 D TSLTokenProviderImpl: Init
04-23 10:48:52.163 15021 15021 D TSLTokenProviderImpl: Check if this IsTSLDebugMode
04-23 10:48:52.163 15021 15021 D TokenSharingManager_v1.4.7: Library works in release mode
04-23 10:48:52.164 15021 15021 E AppHost.Android: Low memory. Level : 5. System may start killing background processes.
04-23 10:48:52.179 15021 15041 D FA      : Connected to remote service
04-23 10:48:52.179 15021 15041 V FA      : Processing queued up service tasks: 1
04-23 10:48:52.189  1302  3225 I ActivityManager: Start proc 15056:com.microsoft.office.powerpoint/u0a125 for broadcast com.microsoft.office.powerpoint/com.microsoft.office.notification.SystemBroadcastReceiver
04-23 10:48:52.198 15021 15051 W System  : ClassLoader referenced unknown path: 
04-23 10:48:52.212 15056 15056 D LenovoAppIconTheme: ExtraResources;cleanCachedIcon;clear cache..
04-23 10:48:52.229 15056 15056 I art     : Starting a blocking GC AddRemoveAppImageSpace
04-23 10:48:52.264  1302  1403 D AutoBrightnessLenovo.LightSensorSample: onSensorChanged: lux = 224.0
04-23 10:48:52.330 15056 15056 I MAMInfo : MAMInfo initialized. Debug=false, UseTestAgent=false, ManagedDialogDisabled=false, DeprecationDialogDisabled=false, PolicyRequired=false, MultiIdentityEnabled=true, FullBackupContent=true, UseDefaultEnrollment=false, ExceptionOnInit=false, Debuggable=false
04-23 10:48:52.401 15056 15056 V FA      : Registered activity lifecycle callback
04-23 10:48:52.410 15056 15056 D FirebaseApp: com.google.firebase.auth.FirebaseAuth is not linked. Skipping initialization.
04-23 10:48:52.412 15056 15056 D FirebaseApp: com.google.firebase.crash.FirebaseCrash is not linked. Skipping initialization.
04-23 10:48:52.412 15056 15056 I FirebaseInitProvider: FirebaseApp initialization successful
04-23 10:48:52.446 15056 15074 I FA      : Collection disabled with firebase_analytics_collection_enabled=0
04-23 10:48:52.449 15056 15074 I FA      : App measurement is starting up, version: 14710
04-23 10:48:52.449 15056 15074 I FA      : To enable debug logging run: adb shell setprop log.tag.FA VERBOSE
04-23 10:48:52.449 15056 15074 I FA      : To enable faster debug mode event logging run:
04-23 10:48:52.449 15056 15074 I FA      :   adb shell setprop debug.firebase.analytics.app com.microsoft.office.powerpoint
04-23 10:48:52.450 15056 15074 D FA      : Debug-level message logging enabled
04-23 10:48:52.465  1302  1403 D AutoBrightnessLenovo.LightSensorSample: onSensorChanged: lux = 226.0
04-23 10:48:52.476  1302  2300 I ActivityManager: Process ru.sberbank.spasibo:Metrica (pid 13856) has died
04-23 10:48:52.476  1302  2300 D ActivityManager: cleanUpApplicationRecord -- 13856
04-23 10:48:52.477  1302  2300 W ActivityManager: Scheduling restart of crashed service ru.sberbank.spasibo/com.yandex.metrica.ConfigurationService in 148161ms
04-23 10:48:52.500  1302  2751 I ActivityManager: Process com.lenovo.ideafriend (pid 13908) has died
04-23 10:48:52.500  1302  2751 D ActivityManager: cleanUpApplicationRecord -- 13908
04-23 10:48:52.500  1302  2751 W ActivityManager: Scheduling restart of crashed service com.lenovo.ideafriend/.contacts.simcontact.StartSIMService2 in 148137ms
04-23 10:48:52.501  1302  2751 W ActivityManager: Scheduling restart of crashed service com.lenovo.ideafriend/.contacts.simcontact.StartSIMService in 158137ms
04-23 10:48:52.501  1302  2751 W ActivityManager: Scheduling restart of crashed service com.lenovo.ideafriend/.call.BlockNumberSyncService in 168137ms
04-23 10:48:52.501  1302  2751 W ActivityManager: Scheduling restart of crashed service com.lenovo.ideafriend/.suggestions.service.ContactsSuggestionsMonitorService in 178137ms
04-23 10:48:52.532  1302  2301 I ActivityManager: Process ru.yandex.taxi:Metrica (pid 14012) has died
04-23 10:48:52.532  1302  2301 D ActivityManager: cleanUpApplicationRecord -- 14012
04-23 10:48:52.532  1302  2301 W ActivityManager: Scheduling restart of crashed service ru.yandex.taxi/com.yandex.metrica.ConfigurationService in 188105ms
04-23 10:48:52.574  1302  1320 I ActivityManager: Process ru.beru.android:Metrica (pid 14109) has died
04-23 10:48:52.574  1302  1320 D ActivityManager: cleanUpApplicationRecord -- 14109
04-23 10:48:52.574  1302  1320 W ActivityManager: Scheduling restart of crashed service ru.beru.android/com.yandex.metrica.ConfigurationService in 188063ms
04-23 10:48:52.600  1302  9794 I ActivityManager: Process ru.tele2.mytele2:Metrica (pid 14095) has died
04-23 10:48:52.601  1302  9794 D ActivityManager: cleanUpApplicationRecord -- 14095
04-23 10:48:52.601  1302  9794 W ActivityManager: Scheduling restart of crashed service ru.tele2.mytele2/com.yandex.metrica.ConfigurationService in 188037ms
04-23 10:48:52.631   607   652 I smart_charger: is_backlight_on ,lcd backlight  = 1,  
04-23 10:48:52.631   607   652 I smart_charger: smart_charger_do_thermal ,lcd on sence count 11
04-23 10:48:52.631   607   652 I smart_charger: call_state = false,  is_telephone_calling 
04-23 10:48:52.632   607   652 I smart_charger: is_cqa_test ,cqa test  = 0,  
04-23 10:48:52.632   607   652 I smart_charger: factorymode = 0(0),  is_factory_build 
04-23 10:48:52.632   607   652 I smart_charger: smart_charger_do_thermal , bat_temp = 355  , charger_type = 1 , Charger_Scene = 2 
04-23 10:48:52.632   607   652 I smart_charger: smart_charger_current_input , curr = 500 
04-23 10:48:52.633   607   652 I smart_charger: smart_charger_current_ibat , curr = 500 
04-23 10:48:52.637   607   652 I smart_charger: smart_charger_do_thermal , usb,  nothing  to do ! 
04-23 10:48:52.644  1302  2598 I ActivityManager: Process com.lenovo.themecenter (pid 12816) has died
04-23 10:48:52.644  1302  2598 D ActivityManager: cleanUpApplicationRecord -- 12816
04-23 10:48:52.648 15021 15021 E AppHost.Android: Low memory. Level : 80. System may start killing background processes.
04-23 10:48:52.649 14653 14653 I Finsky  : [1] qib.onTrimMemory(1): Memory trim requested to level 80
04-23 10:48:52.650 24555 24555 I AppBase : AppBase.onTrimMemory():601 onTrimMemory(): 5
04-23 10:48:52.650 24555 24555 I GoogleInputMethodServic: GoogleInputMethodService.onTrimMemory():4122 onTrimMemory(): 5
04-23 10:48:52.664  1302  1403 D AutoBrightnessLenovo.LightSensorSample: onSensorChanged: lux = 227.0
04-23 10:48:52.681  1302  3265 I ActivityManager: Process com.google.android.googlequicksearchbox:search (pid 14139) has died
04-23 10:48:52.681  1302  3265 D ActivityManager: cleanUpApplicationRecord -- 14139
04-23 10:48:52.682  1302  3265 W ActivityManager: Scheduling restart of crashed service com.google.android.googlequicksearchbox/com.google.android.apps.gsa.search.core.BroadcastListenerService in 187956ms
04-23 10:48:52.682  1302  3265 W ActivityManager: Scheduling restart of crashed service com.google.android.googlequicksearchbox/com.google.android.apps.gsa.search.core.service.SearchService in 197956ms
04-23 10:48:52.704 15056 15074 V FA      : Connecting to remote service
04-23 10:48:52.706 15056 15056 I TelemetryManager: Initalizing Android early telemetry
04-23 10:48:52.722 15056 15056 D TSLTokenProviderImpl: Init
04-23 10:48:52.726 15056 15056 D TSLTokenProviderImpl: Check if this IsTSLDebugMode
04-23 10:48:52.726 15056 15056 D TokenSharingManager_v1.4.7: Library works in release mode
04-23 10:48:52.738 15056 15056 E AppHost.Android: Low memory. Level : 5. System may start killing background processes.
04-23 10:48:52.750 15056 15074 D FA      : Connected to remote service
04-23 10:48:52.751 15056 15074 V FA      : Processing queued up service tasks: 1
04-23 10:48:52.761  1302  2595 I ActivityManager: Start proc 15087:com.microsoft.office.word/u0a125 for broadcast com.microsoft.office.word/com.microsoft.office.notification.SystemBroadcastReceiver
04-23 10:48:52.767 32696 10228 I Icing   : Indexing com.deliveryclub-internal.3p:Thing from com.deliveryclub
04-23 10:48:52.791 15087 15087 D LenovoAppIconTheme: ExtraResources;cleanCachedIcon;clear cache..
04-23 10:48:52.798 15056 15083 W System  : ClassLoader referenced unknown path: 
04-23 10:48:52.838 15087 15087 I art     : Starting a blocking GC AddRemoveAppImageSpace
04-23 10:48:52.864  1302  1403 D AutoBrightnessLenovo.LightSensorSample: onSensorChanged: lux = 220.0
04-23 10:48:52.878 32696 10228 I Icing   : Indexing done com.deliveryclub-internal.3p:Thing
04-23 10:48:52.880  1302  9795 D PowerManagerService: updateWakeLockWorkSourceInternal: lock=51272701 [Icing], ws=WorkSource{10010 com.google.android.gms, 10341 com.deliveryclub}
04-23 10:48:52.882  1302  2072 D PowerManagerService: updateWakeLockWorkSourceInternal: lock=51272701 [Icing], ws=WorkSource{10010 com.google.android.gms}
04-23 10:48:52.889  1302  1751 D PowerManagerService: releaseWakeLockInternal: lock=51272701 [Icing], flags=0x0
04-23 10:48:52.889  1302  1751 D PowerManagerService: updateWakeLockSummaryLocked: mWakefulness=Awake, mWakeLockSummary=0x1
04-23 10:48:52.889  1302  1751 D PowerManagerService: updateUserActivitySummaryLocked: mWakefulness=Awake, mUserActivitySummary=0x1, nextTimeout=859153201 (in 1739336 ms)
04-23 10:48:52.889  1302  1751 D PowerManagerService: updateDisplayPowerStateLocked: mDisplayReady=true, policy=3, mWakefulness=1, mWakeLockSummary=0x1, mUserActivitySummary=0x1, mBootCompleted=true, mScreenBrightnessBoostInProgress=false
04-23 10:48:52.957 15087 15087 I MAMInfo : MAMInfo initialized. Debug=false, UseTestAgent=false, ManagedDialogDisabled=false, DeprecationDialogDisabled=false, PolicyRequired=false, MultiIdentityEnabled=true, FullBackupContent=true, UseDefaultEnrollment=false, ExceptionOnInit=false, Debuggable=false
04-23 10:48:53.003 15087 15087 V FA      : Registered activity lifecycle callback
04-23 10:48:53.012 15087 15087 D FirebaseApp: com.google.firebase.auth.FirebaseAuth is not linked. Skipping initialization.
04-23 10:48:53.014 15087 15087 D FirebaseApp: com.google.firebase.crash.FirebaseCrash is not linked. Skipping initialization.
04-23 10:48:53.014 15087 15087 I FirebaseInitProvider: FirebaseApp initialization successful
04-23 10:48:53.015  1302  3226 D PowerManagerService: acquireWakeLockInternal: lock=10088093, flags=0x1, tag="fiid-sync", ws=null, uid=10125, pid=15087
04-23 10:48:53.015  1302  3226 D PowerManagerService: updateWakeLockSummaryLocked: mWakefulness=Awake, mWakeLockSummary=0x1
04-23 10:48:53.015  1302  3226 D PowerManagerService: updateUserActivitySummaryLocked: mWakefulness=Awake, mUserActivitySummary=0x1, nextTimeout=859153201 (in 1739210 ms)
04-23 10:48:53.015  1302  3226 D PowerManagerService: updateDisplayPowerStateLocked: mDisplayReady=true, policy=3, mWakefulness=1, mWakeLockSummary=0x1, mUserActivitySummary=0x1, mBootCompleted=true, mScreenBrightnessBoostInProgress=false
04-23 10:48:53.023  1302  2752 D PowerManagerService: releaseWakeLockInternal: lock=10088093 [fiid-sync], flags=0x0
04-23 10:48:53.023  1302  2752 D PowerManagerService: updateWakeLockSummaryLocked: mWakefulness=Awake, mWakeLockSummary=0x1
04-23 10:48:53.023  1302  2752 D PowerManagerService: updateUserActivitySummaryLocked: mWakefulness=Awake, mUserActivitySummary=0x1, nextTimeout=859153201 (in 1739201 ms)
04-23 10:48:53.023  1302  2752 D PowerManagerService: updateDisplayPowerStateLocked: mDisplayReady=true, policy=3, mWakefulness=1, mWakeLockSummary=0x1, mUserActivitySummary=0x1, mBootCompleted=true, mScreenBrightnessBoostInProgress=false
04-23 10:48:53.051  1797  1931 D MobileSignalController: showDataIcon = true , isDefault = true , dataConnected = true , dimmedIcon = false
04-23 10:48:53.055 15087 15106 I FA      : Collection disabled with firebase_analytics_collection_enabled=0
04-23 10:48:53.057 15087 15106 I FA      : App measurement is starting up, version: 14710
04-23 10:48:53.057 15087 15106 I FA      : To enable debug logging run: adb shell setprop log.tag.FA VERBOSE
04-23 10:48:53.058 15087 15106 I FA      : To enable faster debug mode event logging run:
04-23 10:48:53.058 15087 15106 I FA      :   adb shell setprop debug.firebase.analytics.app com.microsoft.office.word
04-23 10:48:53.058 15087 15106 D FA      : Debug-level message logging enabled
04-23 10:48:53.065  1302  1403 D AutoBrightnessLenovo.LightSensorSample: onSensorChanged: lux = 224.0
04-23 10:48:53.075 15087 15106 V FA      : Connecting to remote service
04-23 10:48:53.077 15087 15087 I TelemetryManager: Initalizing Android early telemetry
04-23 10:48:53.084 15087 15087 D TSLTokenProviderImpl: Init
04-23 10:48:53.085 15087 15087 D TSLTokenProviderImpl: Check if this IsTSLDebugMode
04-23 10:48:53.085 15087 15087 D TokenSharingManager_v1.4.7: Library works in release mode
04-23 10:48:53.106 15087 15106 D FA      : Connected to remote service
04-23 10:48:53.106 15087 15106 V FA      : Processing queued up service tasks: 1
04-23 10:48:53.113  1302  2301 I ActivityManager: Start proc 15120:ru.sberbankmobile/u0a254 for broadcast ru.sberbankmobile/com.kavsdk.AppInstallationReceiver
04-23 10:48:53.135 15087 15116 W System  : ClassLoader referenced unknown path: 
04-23 10:48:53.139 15120 15120 D LenovoAppIconTheme: ExtraResources;cleanCachedIcon;clear cache..
04-23 10:48:53.239 15120 15120 I art     : Starting a blocking GC AddRemoveAppImageSpace
04-23 10:48:53.265  1302  1403 D AutoBrightnessLenovo.LightSensorSample: onSensorChanged: lux = 225.0
04-23 10:48:53.398   623  1553 I MediaPlayerService: MediaPlayerService::getOMX
04-23 10:48:53.400 15137 15158 I OMXClient: MuxOMX ctor
04-23 10:48:53.404   620 15220 I OMXMaster: makeComponentInstance(OMX.qcom.video.encoder.avc) in mediacodec process
04-23 10:48:53.407   448  2261 E ANDR-PERF-MPCTL: Invalid profile no. 0, total profiles 0 only
04-23 10:48:53.407   620 15220 I OMX-VENC: Video encode perflock acquired,handle=41293
04-23 10:48:53.420   620 15220 I OMX-VENC: Component_init : OMX.qcom.video.encoder.avc : return = 0x0
04-23 10:48:53.422   620  1537 E OMX-VENC: set_parameter: metamode is valid for input port only
04-23 10:48:53.422   620  1537 W OMXNodeInstance: [26c1141:qcom.encoder.avc] component does not support metadata mode; using fallback
04-23 10:48:53.422 15137 15158 E ACodec  : [OMX.qcom.video.encoder.avc] storeMetaDataInBuffers (output) failed w/ err -1010
04-23 10:48:53.422 15137 15158 I ExtendedACodec: setupVideoEncoder()
04-23 10:48:53.422 15137 15158 W ACodec  : do not know color format 0x7fa30c04 = 2141391876
04-23 10:48:53.435 15137 15158 W ACodec  : do not know color format 0x7f000789 = 2130708361
04-23 10:48:53.440   620  1507 E OMX-VENC: ERROR: Unsupported H.264 level= 0
04-23 10:48:53.447   620 10867 E OMX-VENC: ERROR: Unsupported H.264 level= 0
04-23 10:48:53.450 15137 15158 I ACodec  : setupAVCEncoderParameters with [profile: Baseline] [level: Level1]
04-23 10:48:53.453 15137 15158 I ACodec  : [OMX.qcom.video.encoder.avc] cannot encode HDR static metadata. Ignoring.
04-23 10:48:53.453 15137 15158 I ACodec  : setupVideoEncoder succeeded
04-23 10:48:53.453 15137 15158 I ExtendedACodec: [OMX.qcom.video.encoder.avc] configure, AMessage : AMessage(what = 'conf', target = 1) = {
04-23 10:48:53.453 15137 15158 I ExtendedACodec:   int32_t width = 1080
04-23 10:48:53.453 15137 15158 I ExtendedACodec:   int32_t height = 1920
04-23 10:48:53.453 15137 15158 I ExtendedACodec:   string mime = "video/avc"
04-23 10:48:53.453 15137 15158 I ExtendedACodec:   int32_t color-format = 2130708361
04-23 10:48:53.453 15137 15158 I ExtendedACodec:   int32_t bitrate = 4000000
04-23 10:48:53.453 15137 15158 I ExtendedACodec:   float frame-rate = 60.000004
04-23 10:48:53.453 15137 15158 I ExtendedACodec:   int32_t i-frame-interval = 10
04-23 10:48:53.453 15137 15158 I ExtendedACodec:   int32_t encoder = 1
04-23 10:48:53.453 15137 15158 I ExtendedACodec: }
04-23 10:48:53.458 15137 15158 W ACodec  : do not know color format 0x7f000789 = 2130708361
04-23 10:48:53.465   620  1507 E OMX-VENC: Does not handle dataspace request
04-23 10:48:53.466   620  1507 E OMXNodeInstance: getConfig(26c1141:qcom.encoder.avc, ??(0x7f000062)) ERROR: UnsupportedSetting(0x80001019)
04-23 10:48:53.467  1302  1403 D AutoBrightnessLenovo.LightSensorSample: onSensorChanged: lux = 225.0
04-23 10:48:53.469   620   861 D GraphicBufferSource: setting dataspace: 0x104
04-23 10:48:53.469   620  1537 E OMXNodeInstance: getParameter(26c1141:qcom.encoder.avc, ParamConsumerUsageBits(0x6f800004)) ERROR: UnsupportedIndex(0x8000101a)
04-23 10:48:53.470   620 10867 D GraphicBufferSource: requesting color aspects (R:2(Limited), P:1(BT709_5), M:1(BT709_5), T:3(SMPTE170M))
04-23 10:48:53.511 14285 14297 W ProviderHelper: Unknown dynamite feature providerinstaller
04-23 10:48:53.524   620  1507 D GraphicBufferSource: got buffer with new dataSpace #104
04-23 10:48:53.524   620  1507 I OMX-VENC: get_config (dataspace changed): ColorSpace: Recommend 601-limited for RGBA8888
04-23 10:48:53.524   620  1507 D GraphicBufferSource: Codec resolved it to (R:2(Limited), P:3(BT601_6_625), M:3(BT601_6), T:3(SMPTE170M)) err=0(NO_ERROR)
04-23 10:48:53.524 15137 15158 D ACodec  : dataspace changed to 0x10c10000 (R:2(Limited), P:3(BT601_6_625), M:3(BT601_6), T:3(SMPTE170M)) (R:2(Limited), S:1(BT709), T:3(SMPTE_170M))
04-23 10:48:53.527   620 15159 I OMX-VENC: open Color conv forW: 1080, H: 1920
04-23 10:48:53.549 15137 15137 I MPEG4Writer: limits: 4294967295/0 bytes/us, bit rate: -1 bps and the estimated moov size 3193 bytes
04-23 10:48:53.561 15137 15183 I MPEG4Writer: setStartTimestampUs: 857414500078
04-23 10:48:53.561 15137 15183 I MPEG4Writer: Earliest track starting time: 857414500078
04-23 10:48:53.625 15120 15120 D NetworkSecurityConfig: No Network Security Config specified, using platform default
04-23 10:48:53.665  1302  1403 D AutoBrightnessLenovo.LightSensorSample: onSensorChanged: lux = 226.0
04-23 10:48:53.719 15120 15179 V NativeCrypto: Registering com/google/android/gms/org/conscrypt/NativeCrypto's 286 native methods...
04-23 10:48:53.837 15120 15120 W Java7Support: Unable to load JDK7 types (annotations, java.nio.file.Path): no Java7 support added
04-23 10:48:53.862 15120 15179 I ProviderInstaller: Installed default security provider GmsCore_OpenSSL
04-23 10:48:53.865  1302  1403 D AutoBrightnessLenovo.LightSensorSample: onSensorChanged: lux = 222.0
04-23 10:48:53.926 15120 15120 W Settings: Setting android_id has moved from android.provider.Settings.System to android.provider.Settings.Secure, returning read-only value.
04-23 10:48:53.960   614  1139 V audio_hw_primary: out_get_latency: Latency 8
04-23 10:48:53.960   614  1137 V audio_hw_primary: out_get_latency: Latency 8
04-23 10:48:53.960   614  1142 V audio_hw_primary: out_get_latency: Latency 64
04-23 10:48:53.960  1302  2301 D PowerManagerService: acquireWakeLockInternal: lock=228230447, flags=0x1, tag="AudioMix", ws=null, uid=1041, pid=0
04-23 10:48:53.961  1302  2301 D PowerManagerService: updateWakeLockSummaryLocked: mWakefulness=Awake, mWakeLockSummary=0x1
04-23 10:48:53.961   614  1140 V audio_hw_primary: out_get_latency: Latency 80
04-23 10:48:53.961  1302  2301 D PowerManagerService: updateUserActivitySummaryLocked: mWakefulness=Awake, mUserActivitySummary=0x1, nextTimeout=859153201 (in 1738263 ms)
04-23 10:48:53.961  1302  2301 D PowerManagerService: updateDisplayPowerStateLocked: mDisplayReady=true, policy=3, mWakefulness=1, mWakeLockSummary=0x1, mUserActivitySummary=0x1, mBootCompleted=true, mScreenBrightnessBoostInProgress=false
04-23 10:48:53.962  1302  2301 D PowerManagerService: acquireWakeLockInternal: lock=12138300, flags=0x1, tag="AudioMix", ws=null, uid=1041, pid=0
04-23 10:48:53.962  1302  2301 D PowerManagerService: updateWakeLockSummaryLocked: mWakefulness=Awake, mWakeLockSummary=0x1
04-23 10:48:53.962  1302  2301 D PowerManagerService: updateUserActivitySummaryLocked: mWakefulness=Awake, mUserActivitySummary=0x1, nextTimeout=859153201 (in 1738263 ms)
04-23 10:48:53.962  1302  2301 D PowerManagerService: updateDisplayPowerStateLocked: mDisplayReady=true, policy=3, mWakefulness=1, mWakeLockSummary=0x1, mUserActivitySummary=0x1, mBootCompleted=true, mScreenBrightnessBoostInProgress=false
04-23 10:48:53.963  1302  2301 D PowerManagerService: acquireWakeLockInternal: lock=35192005, flags=0x1, tag="AudioMix", ws=null, uid=1041, pid=0
04-23 10:48:53.963  1302  2301 D PowerManagerService: updateWakeLockSummaryLocked: mWakefulness=Awake, mWakeLockSummary=0x1
04-23 10:48:53.963  1302  2301 D PowerManagerService: updateUserActivitySummaryLocked: mWakefulness=Awake, mUserActivitySummary=0x1, nextTimeout=859153201 (in 1738262 ms)
04-23 10:48:53.963  1302  2301 D PowerManagerService: updateDisplayPowerStateLocked: mDisplayReady=true, policy=3, mWakefulness=1, mWakeLockSummary=0x1, mUserActivitySummary=0x1, mBootCompleted=true, mScreenBrightnessBoostInProgress=false
04-23 10:48:53.963  1302  2301 D PowerManagerService: updateWakeLockWorkSourceInternal: lock=228230447 [AudioMix], ws=null
04-23 10:48:53.964  1302  2301 D PowerManagerService: acquireWakeLockInternal: lock=117823002, flags=0x1, tag="AudioMix", ws=null, uid=1041, pid=0
04-23 10:48:53.964  1302  2301 D PowerManagerService: updateWakeLockSummaryLocked: mWakefulness=Awake, mWakeLockSummary=0x1
04-23 10:48:53.964  1302  2301 D PowerManagerService: updateUserActivitySummaryLocked: mWakefulness=Awake, mUserActivitySummary=0x1, nextTimeout=859153201 (in 1738261 ms)
04-23 10:48:53.964  1302  2301 D PowerManagerService: updateDisplayPowerStateLocked: mDisplayReady=true, policy=3, mWakefulness=1, mWakeLockSummary=0x1, mUserActivitySummary=0x1, mBootCompleted=true, mScreenBrightnessBoostInProgress=false
04-23 10:48:53.965  1302  2301 D PowerManagerService: updateWakeLockWorkSourceInternal: lock=12138300 [AudioMix], ws=null
04-23 10:48:53.965  1302  2301 D PowerManagerService: updateWakeLockWorkSourceInternal: lock=35192005 [AudioMix], ws=null
04-23 10:48:53.965  1302  2301 D PowerManagerService: updateWakeLockWorkSourceInternal: lock=117823002 [AudioMix], ws=null
04-23 10:48:53.966 15120 15120 D JVM     : JVM::Initialize@[tid=15120]
04-23 10:48:53.966 15120 15120 D JVM     : JVM::JVM@[tid=15120]
04-23 10:48:53.966 15120 15120 D JVM     : LoadClasses
04-23 10:48:53.966 15120 15120 D JVM     : name: org/webrtc/voiceengine/BuildInfo
04-23 10:48:53.966 15120 15120 D JVM     : name: org/webrtc/voiceengine/WebRtcAudioManager
04-23 10:48:53.967 15120 15120 D JVM     : name: org/webrtc/voiceengine/WebRtcAudioRecord
04-23 10:48:53.967 15120 15120 D JVM     : name: org/webrtc/voiceengine/WebRtcAudioTrack
04-23 10:48:53.994 15120 15120 W VideoCapabilities: Unrecognized profile 2130706433 for video/avc
04-23 10:48:53.994 15120 15120 W VideoCapabilities: Unrecognized profile 2130706434 for video/avc
04-23 10:48:54.005 15120 15120 W Utils   : could not parse long range '175-174'
04-23 10:48:54.010 15120 15120 W VideoCapabilities: Unrecognized profile 2130706433 for video/avc
04-23 10:48:54.010 15120 15120 W VideoCapabilities: Unrecognized profile 2130706434 for video/avc
04-23 10:48:54.013 15120 15120 W VideoCapabilities: Unrecognized profile 2130706433 for video/avc
04-23 10:48:54.013 15120 15120 W VideoCapabilities: Unrecognized profile 2130706434 for video/avc
04-23 10:48:54.017 15120 15120 W VideoCapabilities: Unrecognized profile/level 0/3 for video/mpeg2
04-23 10:48:54.020  1302  1302 I ActivityManager: Start proc 15214:com.google.android.apps.maps/u0a96 for service com.google.android.apps.maps/com.google.android.apps.gmm.ugc.phototaken.PhotoTakenObserverService
04-23 10:48:54.020  1302  1344 D DeviceIdleController: handleMessage(7)
04-23 10:48:54.020 15120 15120 W VideoCapabilities: Unrecognized profile/level 0/3 for video/mpeg2
04-23 10:48:54.030 15120 15120 W VideoCapabilities: Unsupported mime video/wvc1
04-23 10:48:54.034 15120 15120 W VideoCapabilities: Unsupported mime video/wvc1
04-23 10:48:54.038 15120 15120 W VideoCapabilities: Unsupported mime video/divx
04-23 10:48:54.042 15120 15120 W VideoCapabilities: Unsupported mime video/divx311
04-23 10:48:54.045 15120 15120 W VideoCapabilities: Unsupported mime video/divx4
04-23 10:48:54.053 15214 15214 D LenovoAppIconTheme: ExtraResources;cleanCachedIcon;clear cache..
04-23 10:48:54.056  1797  1931 D MobileSignalController: showDataIcon = true , isDefault = true , dataConnected = true , dimmedIcon = false
04-23 10:48:54.066  1302  1403 D AutoBrightnessLenovo.LightSensorSample: onSensorChanged: lux = 223.0
04-23 10:48:54.070 15120 15120 W VideoCapabilities: Unsupported mime video/mp4v-esdp
04-23 10:48:54.102 15120 15120 I VideoCapabilities: Unsupported profile 4 for video/mp4v-es
04-23 10:48:54.113 15120 15120 W Utils   : could not parse long range '175-174'
04-23 10:48:54.116 15120 15120 W VideoCapabilities: Unrecognized profile 2130706433 for video/avc
04-23 10:48:54.116 15120 15120 W VideoCapabilities: Unrecognized profile 2130706434 for video/avc
04-23 10:48:54.119 15120 15120 W VideoCapabilities: Unrecognized profile 2130706433 for video/avc
04-23 10:48:54.119 15120 15120 W VideoCapabilities: Unrecognized profile 2130706434 for video/avc
04-23 10:48:54.127 15120 15120 W VideoCapabilities: Unrecognized profile 2130706433 for video/avc
04-23 10:48:54.127 15120 15120 W VideoCapabilities: Unrecognized profile 2130706434 for video/avc
04-23 10:48:54.133 15120 15212 D JVM     : AttachCurrentThreadIfNeeded::ctor@[tid=15212]
04-23 10:48:54.133 15120 15212 D JVM     : Attaching thread to JVM
04-23 10:48:54.133 15120 15212 D JVM     : JVM::environment@[tid=15212]
04-23 10:48:54.133 15120 15212 D JVM     : JNIEnvironment::ctor@[tid=15212]
04-23 10:48:54.133 15120 15212 D AudioManager: ctor@[tid=15212]
04-23 10:48:54.133 15120 15212 D JVM     : JNIEnvironment::RegisterNatives(org/webrtc/voiceengine/WebRtcAudioManager)
04-23 10:48:54.133 15120 15212 D JVM     : NativeRegistration::ctor@[tid=15212]
04-23 10:48:54.133 15120 15212 D JVM     : NativeRegistration::NewObject@[tid=15212]
04-23 10:48:54.136   614  6955 I AudioPolicyManagerCustom: setting force DEEP buffer now 
04-23 10:48:54.136   614  7858 I AudioPolicyManagerCustom: setting force DEEP buffer now 
04-23 10:48:54.136   614  7837 I AudioPolicyManagerCustom: setting force DEEP buffer now 
04-23 10:48:54.137 15120 15212 D AudioManager: OnCacheAudioParameters@[tid=15212]
04-23 10:48:54.137 15120 15212 D AudioManager: hardware_aec: 1
04-23 10:48:54.137 15120 15212 D AudioManager: hardware_agc: 0
04-23 10:48:54.137 15120 15212 D AudioManager: hardware_ns: 1
04-23 10:48:54.137 15120 15212 D AudioManager: low_latency_output: 0
04-23 10:48:54.137 15120 15212 D AudioManager: low_latency_input: 0
04-23 10:48:54.137 15120 15212 D AudioManager: pro_audio: 0
04-23 10:48:54.137 15120 15212 D AudioManager: sample_rate: 48000
04-23 10:48:54.137 15120 15212 D AudioManager: output_channels: 1
04-23 10:48:54.137 15120 15212 D AudioManager: input_channels: 1
04-23 10:48:54.137 15120 15212 D AudioManager: output_buffer_size: 3844
04-23 10:48:54.137 15120 15212 D AudioManager: input_buffer_size: 1920
04-23 10:48:54.137 15120 15212 D JVM     : GlobalRef::ctor@[tid=15212]
04-23 10:48:54.137 15120 15212 D AudioManager: JavaAudioManager::ctor@[tid=15212]
04-23 10:48:54.137 15120 15212 D AudioManager: IsLowLatencyPlayoutSupported()
04-23 10:48:54.137 15120 15212 E WebRtcAudioManager: WebRtcAudioManager: Lenovo P2a42 is blacklisted for OpenSL ES usage!
04-23 10:48:54.137 15120 15212 D AudioManager: IsLowLatencyPlayoutSupported()
04-23 10:48:54.138 15120 15212 E WebRtcAudioManager: WebRtcAudioManager: Lenovo P2a42 is blacklisted for OpenSL ES usage!
04-23 10:48:54.138 15120 15212 D JVM     : AttachCurrentThreadIfNeeded::ctor@[tid=15212]
04-23 10:48:54.138 15120 15212 D JVM     : JVM::environment@[tid=15212]
04-23 10:48:54.138 15120 15212 D JVM     : JNIEnvironment::ctor@[tid=15212]
04-23 10:48:54.138 15120 15212 D AudioTrackJni: ctor@[tid=15212]
04-23 10:48:54.138 15120 15212 D JVM     : JNIEnvironment::RegisterNatives(org/webrtc/voiceengine/WebRtcAudioTrack)
04-23 10:48:54.138 15120 15212 D JVM     : NativeRegistration::ctor@[tid=15212]
04-23 10:48:54.138 15120 15212 D JVM     : NativeRegistration::NewObject@[tid=15212]
04-23 10:48:54.138 15120 15212 D JVM     : GlobalRef::ctor@[tid=15212]
04-23 10:48:54.138 15120 15212 D JVM     : AttachCurrentThreadIfNeeded::ctor@[tid=15212]
04-23 10:48:54.138 15120 15212 D JVM     : JVM::environment@[tid=15212]
04-23 10:48:54.138 15120 15212 D JVM     : JNIEnvironment::ctor@[tid=15212]
04-23 10:48:54.138 15120 15212 D AudioRecordJni: ctor@[tid=15212]
04-23 10:48:54.138 15120 15212 D JVM     : JNIEnvironment::RegisterNatives(org/webrtc/voiceengine/WebRtcAudioRecord)
04-23 10:48:54.138 15120 15212 D JVM     : NativeRegistration::ctor@[tid=15212]
04-23 10:48:54.138 15120 15212 D JVM     : NativeRegistration::NewObject@[tid=15212]
04-23 10:48:54.138 15120 15212 D JVM     : GlobalRef::ctor@[tid=15212]
04-23 10:48:54.138 15120 15212 D AudioManager: SetActiveAudioLayer(5)@[tid=15212]
04-23 10:48:54.138 15120 15212 D AudioManager: delay_estimate_in_milliseconds: 150
04-23 10:48:54.138 15120 15212 D AudioTrackJni: AttachAudioBuffer@[tid=15212]
04-23 10:48:54.138 15120 15212 D AudioTrackJni: SetPlayoutSampleRate(48000)
04-23 10:48:54.138 15120 15212 D AudioTrackJni: SetPlayoutChannels(1)
04-23 10:48:54.138 15120 15212 D AudioRecordJni: AttachAudioBuffer
04-23 10:48:54.138 15120 15212 D AudioRecordJni: SetRecordingSampleRate(48000)
04-23 10:48:54.138 15120 15212 D AudioRecordJni: SetRecordingChannels(1)
04-23 10:48:54.138 15120 15212 D AudioRecordJni: total_delay_in_milliseconds: 150
04-23 10:48:54.138 15120 15212 D AudioManager: Init@[tid=15212]
04-23 10:48:54.141 15120 15212 D AudioTrackJni: Init@[tid=15212]
04-23 10:48:54.141 15120 15212 D AudioRecordJni: Init@[tid=15212]
04-23 10:48:54.142 15120 15212 D AudioRecordJni: EnableBuiltInAEC@[tid=15212]
04-23 10:48:54.142 15120 15212 E libjingle: (apm_helpers.cc:67): Failed to set AGC mode in ADM: 1
04-23 10:48:54.142 15120 15212 D AudioRecordJni: EnableBuiltInNS@[tid=15212]
04-23 10:48:54.142 15120 15212 E libjingle: (adm_helpers.cc:47): Unable to set recording channel to kChannelBoth.
04-23 10:48:54.143 15120 15212 E libjingle: (adm_helpers.cc:65): Failed to set stereo recording mode.
04-23 10:48:54.143 15120 15212 E libjingle: (adm_helpers.cc:109): Failed to set stereo playout mode.
04-23 10:48:54.148 15120 15120 I Adreno  : QUALCOMM build                   : 01d2d27, I3d52eaf367
04-23 10:48:54.148 15120 15120 I Adreno  : Build Date                       : 12/10/16
04-23 10:48:54.148 15120 15120 I Adreno  : OpenGL ES Shader Compiler Version: XE031.09.00.03
04-23 10:48:54.148 15120 15120 I Adreno  : Local Branch                     : 
04-23 10:48:54.148 15120 15120 I Adreno  : Remote Branch                    : 
04-23 10:48:54.148 15120 15120 I Adreno  : Remote Branch                    : 
04-23 10:48:54.148 15120 15120 I Adreno  : Reconstruct Branch               : 
04-23 10:48:54.170 15214 15214 I art     : Starting a blocking GC AddRemoveAppImageSpace
04-23 10:48:54.196 15214 15214 W ResourceType: ResTable_typeSpec entry count inconsistent: given 15, previously 24
04-23 10:48:54.264  1302  1403 D AutoBrightnessLenovo.LightSensorSample: onSensorChanged: lux = 224.0
04-23 10:48:54.357  1302  3268 I ActivityManager: Start proc 15249:com.lenovo.themecenter/u0a34 for broadcast com.lenovo.themecenter/.ThemeChangeReceiver
04-23 10:48:54.406 15249 15249 D LenovoAppIconTheme: ExtraResources;cleanCachedIcon;clear cache..
04-23 10:48:54.417 15249 15249 I art     : Starting a blocking GC AddRemoveAppImageSpace
04-23 10:48:54.419 15249 15249 W System  : ClassLoader referenced unknown path: /data/app/com.lenovo.themecenter-1/lib/arm64
04-23 10:48:54.446 15249 15249 D AppData : onCreate
04-23 10:48:54.447 15249 15249 I AdapterUtils: isRowProject = :true
04-23 10:48:54.447 15249 15249 I AdapterUtils: system analysis tracker is enable : false
04-23 10:48:54.465  1302  1403 D AutoBrightnessLenovo.LightSensorSample: onSensorChanged: lux = 221.0
04-23 10:48:54.467 14818 14949 I System.out: [socket][8:-1] exception
04-23 10:48:54.468 14818 14949 I System.out: close [socket][::/:::-1]
04-23 10:48:54.469 14818 14949 I System.out: [socket][8] connection mobileapi.delivery-club.ru/128.140.175.206:443;LocalPort=-1(3000)
04-23 10:48:54.477 15249 15249 D AdapterUtils: isLenovoAppIconIntegrationSupport,support=true
04-23 10:48:54.485 14818 14963 I System.out: [socket][9:-1] exception
04-23 10:48:54.485 14818 14963 I System.out: close [socket][::/:::-1]
04-23 10:48:54.485 14818 14964 I System.out: [socket][9:-1] exception
04-23 10:48:54.485 14818 14964 I System.out: close [socket][::/:::-1]
04-23 10:48:54.486 14818 14963 I System.out: [socket][9] connection mobileapi.delivery-club.ru/128.140.175.206:443;LocalPort=-1(3000)
04-23 10:48:54.489 14818 14964 I System.out: [socket][10] connection mobileapi.delivery-club.ru/128.140.175.206:443;LocalPort=-1(3000)
04-23 10:48:54.498 14818 14965 I System.out: [socket][11:-1] exception
04-23 10:48:54.498 14818 14965 I System.out: close [socket][::/:::-1]
04-23 10:48:54.500 14818 14965 I System.out: [socket][11] connection amplifier.dclub.ru/128.140.175.215:443;LocalPort=-1(3000)
04-23 10:48:54.513  2738  2794 D ContactsProvider: performBackgroundTask()+ **** task=8
04-23 10:48:54.522 14653 14653 I Finsky  : [1] rtw.a(19): PackageMonitor - Received: android.intent.action.PACKAGE_ADDED, [FYOabcVqwVmisUINjCeo8fWxmIwDllTrxnsC0WZmHw0]
04-23 10:48:54.523  2738  2794 D ContactsProvider: performBackgroundTask()- **** task=8
04-23 10:48:54.524 14653 14653 I Finsky  : [1] ruz.d(9): Invalidating cached PackageState for com.google.android.exoplayer2.demo
04-23 10:48:54.541 14653 14653 I Finsky  : [1] addb.a(10): Do not start WearSupportService due to Wear service optimization
04-23 10:48:54.545 14653 14653 I Finsky  : [1] lmt.c(2): Frosting ID looked up on UI thread. Caller should move to a background thread.
04-23 10:48:54.557 15214 15273 I Filament: Filament library loaded.
04-23 10:48:54.567 14653 14783 I Finsky  : [12064] lmp.run(-1): Wrote row to frosting DB: 40825
04-23 10:48:54.567 14653 14778 I Finsky  : [12062] ert.a(-1): Asset module broadcast after update successful for package com.google.android.exoplayer2.demo. 0 sessions broadcast.
04-23 10:48:54.642 15214 15288 I Adreno  : QUALCOMM build                   : 01d2d27, I3d52eaf367
04-23 10:48:54.642 15214 15288 I Adreno  : Build Date                       : 12/10/16
04-23 10:48:54.642 15214 15288 I Adreno  : OpenGL ES Shader Compiler Version: XE031.09.00.03
04-23 10:48:54.642 15214 15288 I Adreno  : Local Branch                     : 
04-23 10:48:54.642 15214 15288 I Adreno  : Remote Branch                    : 
04-23 10:48:54.642 15214 15288 I Adreno  : Remote Branch                    : 
04-23 10:48:54.642 15214 15288 I Adreno  : Reconstruct Branch               : 
04-23 10:48:54.650 32696 14815 I Auth    : [SupervisedAccountIntentOperation] onHandleIntent(): android.intent.action.PACKAGE_ADDED
04-23 10:48:54.664  1302  1403 D AutoBrightnessLenovo.LightSensorSample: onSensorChanged: lux = 223.0
04-23 10:48:54.685  1302  2598 I ActivityManager: Start proc 15296:com.google.android.googlequicksearchbox:search/u0a53 for broadcast com.google.android.googlequicksearchbox/com.google.android.apps.gsa.googlequicksearchbox.GelStubAppWatcher
04-23 10:48:54.693 32696 14826 I ChromeSync: [Sync,SyncIntentOperation] Handling the intent: Intent { act=android.intent.action.PACKAGE_ADDED dat=package:com.google.android.exoplayer2.demo flg=0x4000010 cmp=com.google.android.gms/.chimera.GmsIntentOperationService (has extras) }.
04-23 10:48:54.713  1302  3265 W ActivityManager: Unable to start service Intent { act=com.google.android.gms.auth.key.retrieval.service.START pkg=com.google.android.gms } U=0: not found
04-23 10:48:54.732 32696 14826 I ChromeSync: [Persistence,AffiliationManager] One of affiliation or grouping data for android://b_7QNfuGZCOAJ4-3tG_ZQhff5fk7VUuUaMizsrF5A2wDc2Q96ReHojTubqdzqASPu2pNFf4ORTuHQ_LzoAzTBw==@com.google.android.exoplayer2.demo/ was not found. Marking affiliation data as stale...
04-23 10:48:54.752  1302  3226 W ActivityManager: Unbind failed: could not find connection for android.os.BinderProxy@1af8fe9
04-23 10:48:54.754 32696   369 E GmsClient: unable to connect to service: com.google.android.gms.auth.key.retrieval.service.START on com.google.android.gms
04-23 10:48:54.759 32696 15287 D LenovoAppIconTheme: ApplicationPackageManager;getLenovoDrawable;calling from :: com.google.android.gms, packageName = com.google.android.exoplayer2.demo
04-23 10:48:54.760 32696 15287 D LenovoAppIconTheme: ExtraResources;getIconOriginalName;<2131558400>com.google.android.exoplayer2.demo:mipmap/ic_launcher
04-23 10:48:54.760  1302  2595 D LenovoAppIconTheme: AppIconThemeServices;getThemeIconInfo;inPackageName = com.google.android.exoplayer2.demo,inResoucePath = mipmap/ic_launcher.png
04-23 10:48:54.760 15296 15296 D LenovoAppIconTheme: ExtraResources;cleanCachedIcon;clear cache..
04-23 10:48:54.761 32696 15287 D LenovoAppIconTheme: ExtraResources;getDrawableFromLenovoTheme;inResourcePath = mipmap/ic_launcher.png,result = null
04-23 10:48:54.765  1302  3225 D LenovoAppIconTheme: AppIconThemeServices;getThemeIconInfo;fileName = theme_appbg
04-23 10:48:54.774  1302  3224 D LenovoAppIconTheme: AppIconThemeServices;getThemeIconInfo;fileName = theme_appfg
04-23 10:48:54.776  1302  2074 D LenovoAppIconTheme: AppIconThemeServices;getThemeIconInfo;fileName = theme_appmask
04-23 10:48:54.779  1302  9797 D PowerManagerService: acquireWakeLockInternal: lock=51272701, flags=0x1, tag="Icing", ws=WorkSource{10010 com.google.android.gms}, uid=10010, pid=32696
04-23 10:48:54.779 32696 15287 D LenovoAppIconTheme: ExtraResources;createIconBitmap;icon=android.graphics.drawable.BitmapDrawable@a897b4a
04-23 10:48:54.779  1302  9797 D PowerManagerService: updateWakeLockSummaryLocked: mWakefulness=Awake, mWakeLockSummary=0x1
04-23 10:48:54.779  1302  9797 D PowerManagerService: updateUserActivitySummaryLocked: mWakefulness=Awake, mUserActivitySummary=0x1, nextTimeout=859153201 (in 1737446 ms)
04-23 10:48:54.779  1302  9797 D PowerManagerService: updateDisplayPowerStateLocked: mDisplayReady=true, policy=3, mWakefulness=1, mWakeLockSummary=0x1, mUserActivitySummary=0x1, mBootCompleted=true, mScreenBrightnessBoostInProgress=false
04-23 10:48:54.786 32696 15287 D LenovoAppIconTheme: ExtraResources;createIconBitmap;bm=android.graphics.Bitmap@d6c0216
04-23 10:48:54.786 32696 15287 D LenovoAppIconTheme: ExtraResources;createIconBitmap;bm.getHeight=156
04-23 10:48:54.786 32696 15287 D LenovoAppIconTheme: ExtraResources;createIconBitmap;bm.getWidth=156
04-23 10:48:54.786 32696 15287 D LenovoAppIconTheme: ExtraResources;createIconBitmap;mask != null mask = android.graphics.Bitmap@c562d84
04-23 10:48:54.788 32696 15287 D LenovoAppIconTheme: ExtraResources;createIconBitmap;bg != null bg = android.graphics.Bitmap@1e29a2
04-23 10:48:54.789 32696 15287 D LenovoAppIconTheme: ExtraResources;createIconBitmap;fg != null fg = android.graphics.Bitmap@2d34633
04-23 10:48:54.790 32696 15287 D LenovoAppIconTheme: ExtraResources;createIconBitmap;canvas.setBitmap(null); had removed
04-23 10:48:54.790 32696 15287 D LenovoAppIconTheme: ExtraResources;getShapeDrawable;db = android.graphics.drawable.BitmapDrawable@1ca9df0
04-23 10:48:54.791  1302  9795 D PowerManagerService: updateWakeLockWorkSourceInternal: lock=51272701 [Icing], ws=WorkSource{10010 com.google.android.gms, 10425 com.google.android.exoplayer2.demo}
04-23 10:48:54.823 15296 15296 I art     : Starting a blocking GC AddRemoveAppImageSpace
04-23 10:48:54.825  1302  2599 D PowerManagerService: updateWakeLockWorkSourceInternal: lock=51272701 [Icing], ws=WorkSource{10425 com.google.android.exoplayer2.demo}
04-23 10:48:54.841 28359 28776 V Avrcp   : Active sessions changed, 1 sessions
04-23 10:48:54.841 28359 28776 V Avrcp   : Updating media controller to android.media.session.MediaController@182ab10
04-23 10:48:54.842  1797  1797 V RemoteController: Updating current controller as null
04-23 10:48:54.842  1797  1797 D AudioManager: updateMediaPlayerList: Remove RCC com.google.android.music from List
04-23 10:48:54.842  1302  9793 V AudioService: removeMediaPlayerAndUpdateRemoteController: size of existing list: 2
04-23 10:48:54.842  1302  9793 V AudioService: Player entry for com.google.android.youtube is not present
04-23 10:48:54.842  1302  9793 V AudioService: Player entry present remove and update RemoteController
04-23 10:48:54.842  1302  9793 E AudioService: Removing Player: com.google.android.music from index1
04-23 10:48:54.844 28359 28776 V Avrcp   : updateMetadata
04-23 10:48:54.844 28359 28776 V Avrcp   : Metadata updated but no change!
04-23 10:48:54.844 28359 28776 V Avrcp   : updatePlayPauseState, state: PlaybackState {state=0, position=0, buffered position=0, speed=1.0, updated=930644555, actions=0, custom actions=[], active item id=-1, error=null} device: null
04-23 10:48:54.844 28359 28776 V Avrcp   : Device: no name: 
04-23 10:48:54.844 28359 28776 V Avrcp   : updatePlayerPlayPauseState, old=PlaybackState {state=0, position=0, buffered position=0, speed=1.0, updated=930644555, actions=0, custom actions=[], active item id=-1, error=null}, state=PlaybackState {state=0, position=0, buffered position=0, speed=1.0, updated=930644555, actions=0, custom actions=[], active item id=-1, error=null}
04-23 10:48:54.844 28359 28776 V Avrcp   : old state = PlaybackState {state=0, position=0, buffered position=0, speed=1.0, updated=930644555, actions=0, custom actions=[], active item id=-1, error=null}, new state= PlaybackState {state=0, position=0, buffered position=0, speed=1.0, updated=930644555, actions=0, custom actions=[], active item id=-1, error=null}
04-23 10:48:54.844 28359 28776 I Avrcp   : updatePlayStatusForDevice: device: null
04-23 10:48:54.844 28359 28776 V Avrcp   : updatePlaybackState (1): old=PlaybackState {state=0, position=0, buffered position=0, speed=1.0, updated=930644555, actions=0, custom actions=[], active item id=-1, error=null}(0), new=PlaybackState {state=0, position=0, buffered position=0, speed=1.0, updated=930644555, actions=0, custom actions=[], active item id=-1, error=null}(0)
04-23 10:48:54.844 28359 28776 D Avrcp   : sendPlayPosNotificationRsp: Not registered or requesting.
04-23 10:48:54.845 28359 28776 V Avrcp   : Focus gained for player: com.skype.raider
04-23 10:48:54.845 28359 28776 D Avrcp   : Exit updateCurrentMediaController()
04-23 10:48:54.845 28359 28776 D Avrcp   : Exit onActiveSessionsChanged()
04-23 10:48:54.845 28359 28776 V Avrcp   : MSG_UPDATE_RCC_CHANGE
04-23 10:48:54.845 28359 28776 V Avrcp   : processRCCStateChange: com.skype.raider
04-23 10:48:54.845 28359 28776 V Avrcp   : SetaddressedPlayer request is not in progress
04-23 10:48:54.845 28359 28776 V Avrcp   : isResetFocusRequired: true
04-23 10:48:54.845 28359 28776 V Avrcp   : setting com.skype.raider focus: false
04-23 10:48:54.845 28359 28776 V Avrcp   : setting com.skype.raider focus: false
04-23 10:48:54.845 28359 28776 V Avrcp   : Send MSG_UPDATE_ADDRESSED_PLAYER: 0
04-23 10:48:54.845 28359 28776 V Avrcp   : updateAddressedMediaPlayer
04-23 10:48:54.845 28359 28776 V Avrcp   : current Player: 0
04-23 10:48:54.845 28359 28776 V Avrcp   : Requested Player: 0
04-23 10:48:54.845 28359 28776 V Avrcp   : Do not reset notifications, ADDR_PLAYR_CHNGD not registered
04-23 10:48:54.864  1302  1403 D AutoBrightnessLenovo.LightSensorSample: onSensorChanged: lux = 221.0
04-23 10:48:54.867  1302  2752 D PowerManagerService: updateWakeLockWorkSourceInternal: lock=51272701 [Icing], ws=WorkSource{10010 com.google.android.gms, 10425 com.google.android.exoplayer2.demo}
