04-23 10:48:54.870  1302  2594 D PowerManagerService: updateWakeLockWorkSourceInternal: lock=51272701 [Icing], ws=WorkSource{10010 com.google.android.gms}
04-23 10:48:54.871  1302  3224 I ActivityManager: Process com.google.android.music:main (pid 14308) has died
04-23 10:48:54.871  1302  3224 D ActivityManager: cleanUpApplicationRecord -- 14308
04-23 10:48:54.871  1302  3224 W ActivityManager: Scheduling restart of crashed service com.google.android.music/.playback2.MusicPlaybackService in 55767ms
04-23 10:48:54.874  1302  9793 E ActivityManager: Sending non-protected broadcast org.codeaurora.bluetooth.RCC_CHANGED_ACTION from system 1302:system/1000 pkg android
04-23 10:48:54.874  1302  9793 E ActivityManager: java.lang.Throwable
04-23 10:48:54.874  1302  9793 E ActivityManager: 	at com.android.server.am.ActivityManagerService.broadcastIntentLocked(ActivityManagerService.java:19248)
04-23 10:48:54.874  1302  9793 E ActivityManager: 	at com.android.server.am.ActivityManagerService.broadcastIntent(ActivityManagerService.java:19849)
04-23 10:48:54.874  1302  9793 E ActivityManager: 	at android.app.ContextImpl.sendBroadcastAsUser(ContextImpl.java:1072)
04-23 10:48:54.874  1302  9793 E ActivityManager: 	at com.android.server.audio.AudioService.sendBroadcastToAll(AudioService.java:1898)
04-23 10:48:54.874  1302  9793 E ActivityManager: 	at com.android.server.audio.AudioService.removeMediaPlayerAndUpdateRemoteController(AudioService.java:1052)
04-23 10:48:54.874  1302  9793 E ActivityManager: 	at android.media.IAudioService$Stub.onTransact(IAudioService.java:795)
04-23 10:48:54.874  1302  9793 E ActivityManager: 	at android.os.Binder.execTransact(Binder.java:565)
04-23 10:48:54.875  1302  9793 V AudioService: Updated List size: 1
04-23 10:48:54.876  1797  1797 I lenovokeyguard.log: (1797.0/main/1.5)[MusicModel]{mRCClientUpdateListener.onClientChange}<boolean true>
04-23 10:48:54.876  1302  9792 D PowerManagerService: releaseWakeLockInternal: lock=51272701 [Icing], flags=0x0
04-23 10:48:54.876  1302  9792 D PowerManagerService: updateWakeLockSummaryLocked: mWakefulness=Awake, mWakeLockSummary=0x1
04-23 10:48:54.876  1302  9792 D PowerManagerService: updateUserActivitySummaryLocked: mWakefulness=Awake, mUserActivitySummary=0x1, nextTimeout=859153201 (in 1737349 ms)
04-23 10:48:54.876  1302  9792 D PowerManagerService: updateDisplayPowerStateLocked: mDisplayReady=true, policy=3, mWakefulness=1, mWakeLockSummary=0x1, mUserActivitySummary=0x1, mBootCompleted=true, mScreenBrightnessBoostInProgress=false
04-23 10:48:54.878 28359 28359 D Avrcp   : Enter onReceive()Intent { act=org.codeaurora.bluetooth.RCC_CHANGED_ACTION flg=0x14000010 (has extras) }
04-23 10:48:54.878 28359 28359 V Avrcp   : received RCC_CHANGED_ACTION
04-23 10:48:54.878 28359 28359 V Avrcp   : focus: false , availability: false
04-23 10:48:54.878 28359 28776 V Avrcp   : MSG_UPDATE_RCC_CHANGE
04-23 10:48:54.878 28359 28776 V Avrcp   : processRCCStateChange: com.google.android.music
04-23 10:48:54.878 28359 28776 V Avrcp   : setting com.google.android.music availability: false
04-23 10:48:54.878 28359 28776 V Avrcp   : Send MSG_UPDATE_AVAILABLE_PLAYERS
04-23 10:48:54.878 28359 28776 V Avrcp   : isResetFocusRequired: false
04-23 10:48:54.878 28359 28776 V Avrcp   : updateAvailableMediaPlayers
04-23 10:48:54.880 32696 15287 D LenovoAppIconTheme: ApplicationPackageManager;getLenovoDrawable;calling from :: com.google.android.gms, packageName = com.google.android.exoplayer2.demo
04-23 10:48:54.885 32696 15287 D LenovoAppIconTheme: ExtraResources;getIconOriginalName;<2131558400>com.google.android.exoplayer2.demo:mipmap/ic_launcher
04-23 10:48:54.885  1302  3226 I ActivityManager: Process android.process.media (pid 14843) has died
04-23 10:48:54.885  1302  3226 D ActivityManager: cleanUpApplicationRecord -- 14843
04-23 10:48:54.888  1302  1321 D LenovoAppIconTheme: AppIconThemeServices;getThemeIconInfo;inPackageName = com.google.android.exoplayer2.demo,inResoucePath = mipmap/ic_launcher.png
04-23 10:48:54.889 32696 15287 D LenovoAppIconTheme: ExtraResources;getDrawableFromLenovoTheme;inResourcePath = mipmap/ic_launcher.png,result = null
04-23 10:48:54.889 32696 15287 D LenovoAppIconTheme: ExtraResources;createIconBitmap;icon=android.graphics.drawable.BitmapDrawable@5e1ffb4
04-23 10:48:54.890 32696 15287 D LenovoAppIconTheme: ExtraResources;createIconBitmap;bm=android.graphics.Bitmap@65ae7dd
04-23 10:48:54.890 32696 15287 D LenovoAppIconTheme: ExtraResources;createIconBitmap;bm.getHeight=156
04-23 10:48:54.890 32696 15287 D LenovoAppIconTheme: ExtraResources;createIconBitmap;bm.getWidth=156
04-23 10:48:54.891 32696 15287 D LenovoAppIconTheme: ExtraResources;createIconBitmap;mask != null mask = android.graphics.Bitmap@c562d84
04-23 10:48:54.892 32696 15287 D LenovoAppIconTheme: ExtraResources;createIconBitmap;bg != null bg = android.graphics.Bitmap@1e29a2
04-23 10:48:54.892  1302  3265 D PowerManagerService: acquireWakeLockInternal: lock=51272701, flags=0x1, tag="Icing", ws=WorkSource{10010 com.google.android.gms}, uid=10010, pid=32696
04-23 10:48:54.892  1302  3265 D PowerManagerService: updateWakeLockSummaryLocked: mWakefulness=Awake, mWakeLockSummary=0x1
04-23 10:48:54.892  1302  3265 D PowerManagerService: updateUserActivitySummaryLocked: mWakefulness=Awake, mUserActivitySummary=0x1, nextTimeout=859153201 (in 1737332 ms)
04-23 10:48:54.893  1302  3265 D PowerManagerService: updateDisplayPowerStateLocked: mDisplayReady=true, policy=3, mWakefulness=1, mWakeLockSummary=0x1, mUserActivitySummary=0x1, mBootCompleted=true, mScreenBrightnessBoostInProgress=false
04-23 10:48:54.894 32696 15287 D LenovoAppIconTheme: ExtraResources;createIconBitmap;fg != null fg = android.graphics.Bitmap@2d34633
04-23 10:48:54.894 32696   871 I Icing   : IndexChimeraService.getServiceInterface callingPackage=com.google.android.gms componentName=AppsCorpus serviceId=36
04-23 10:48:54.896 32696 15287 D LenovoAppIconTheme: ExtraResources;createIconBitmap;canvas.setBitmap(null); had removed
04-23 10:48:54.896 32696 15287 D LenovoAppIconTheme: ExtraResources;getShapeDrawable;db = android.graphics.drawable.BitmapDrawable@e42bd7f
04-23 10:48:54.902 15296 15296 I MultiDex: VM with version 2.1.0 has multidex support
04-23 10:48:54.902 15296 15296 I MultiDex: install
04-23 10:48:54.902 15296 15296 I MultiDex: VM has multidex support, MultiDex support library is disabled.
04-23 10:48:54.932  1302  2072 V RestrictedPackageService: filterBroadcastReceiver for com.google.android.gms.gcm.ACTION_SCHEDULE
04-23 10:48:54.958  1302  3225 V RestrictedPackageService: filterBroadcastReceiver for com.google.android.gms.gcm.ACTION_SCHEDULE
04-23 10:48:54.962 32696 10228 I GmsCoreXrpcWrapper: Returning a channel provider with trafficStatsTag=12803
04-23 10:48:55.008  1302  1390 D BluetoothManagerService: Message: 20
04-23 10:48:55.013  1302  1390 D BluetoothManagerService: Added callback: android.bluetooth.IBluetoothManagerCallback$Stub$Proxy@5d408c4:true
04-23 10:48:55.030  1302  3268 I ActivityManager: Process com.android.keychain (pid 14614) has died
04-23 10:48:55.030  1302  3268 D ActivityManager: cleanUpApplicationRecord -- 14614
04-23 10:48:55.062  1797  1931 D MobileSignalController: showDataIcon = true , isDefault = true , dataConnected = true , dimmedIcon = false
04-23 10:48:55.064 32696 32706 I art     : Background sticky concurrent mark sweep GC freed 57266(4MB) AllocSpace objects, 17(1088KB) LOS objects, 20% free, 24MB/30MB, paused 7.178ms total 56.789ms
04-23 10:48:55.064  1302  1403 D AutoBrightnessLenovo.LightSensorSample: onSensorChanged: lux = 216.0
04-23 10:48:55.072 32696   871 I Icing   : IndexChimeraService.getServiceInterface callingPackage=com.google.android.gms componentName=null serviceId=30
04-23 10:48:55.073  1302  2599 V RestrictedPackageService: filterBroadcastReceiver for com.google.android.gms.gcm.ACTION_SCHEDULE
04-23 10:48:55.084  1302  2595 I ActivityManager: Process com.google.android.partnersetup (pid 12048) has died
04-23 10:48:55.084  1302  2595 D ActivityManager: cleanUpApplicationRecord -- 12048
04-23 10:48:55.086   532   532 E lowmemorykiller: Error writing /proc/15021/oom_score_adj; errno=22
04-23 10:48:55.089 24555 24555 I AppBase : AppBase.onTrimMemory():601 onTrimMemory(): 5
04-23 10:48:55.089 24555 24555 I GoogleInputMethodServic: GoogleInputMethodService.onTrimMemory():4122 onTrimMemory(): 5
04-23 10:48:55.093 14653 14653 I Finsky  : [1] qib.onTrimMemory(1): Memory trim requested to level 80
04-23 10:48:55.094 15056 15056 E AppHost.Android: Low memory. Level : 60. System may start killing background processes.
04-23 10:48:55.099 15087 15087 E AppHost.Android: Low memory. Level : 60. System may start killing background processes.
04-23 10:48:55.104  1302  2073 I ActivityManager: Process com.microsoft.office.excel (pid 15021) has died
04-23 10:48:55.104  1302  2073 D ActivityManager: cleanUpApplicationRecord -- 15021
04-23 10:48:55.136  1302  1302 D PowerManagerService: acquireWakeLockInternal: lock=150369049, flags=0x1, tag="*job*/com.google.android.apps.maps/com.google.android.apps.gmm.ugc.phototaken.PhotoTakenObserverService", ws=WorkSource{10096}, uid=1000, pid=1302
04-23 10:48:55.136  1302  1302 D PowerManagerService: updateWakeLockSummaryLocked: mWakefulness=Awake, mWakeLockSummary=0x1
04-23 10:48:55.136  1302  1302 D PowerManagerService: updateUserActivitySummaryLocked: mWakefulness=Awake, mUserActivitySummary=0x1, nextTimeout=859153201 (in 1737089 ms)
04-23 10:48:55.136  1302  1302 D PowerManagerService: updateDisplayPowerStateLocked: mDisplayReady=true, policy=3, mWakefulness=1, mWakeLockSummary=0x1, mUserActivitySummary=0x1, mBootCompleted=true, mScreenBrightnessBoostInProgress=false
04-23 10:48:55.175 32696 14826 I ChromeSync: [Persistence,AffiliationManager] Fetching affiliations from the server.
04-23 10:48:55.178 15343 15343 W LT-15343: type=1400 audit(0.0:405721): avc: denied { read } for uid=10254 name="oem" dev="rootfs" ino=14103 scontext=u:r:untrusted_app:s0:c512,c768 tcontext=u:object_r:rootfs:s0 tclass=dir permissive=0
04-23 10:48:55.178 15343 15343 W LT-15343: type=1400 audit(0.0:405722): avc: denied { read } for uid=10254 name="res" dev="rootfs" ino=14107 scontext=u:r:untrusted_app:s0:c512,c768 tcontext=u:object_r:rootfs:s0 tclass=dir permissive=0
04-23 10:48:55.178 15343 15343 W LT-15343: type=1400 audit(0.0:405723): avc: denied { read } for uid=10254 name="/" dev="cgroup" ino=1 scontext=u:r:untrusted_app:s0:c512,c768 tcontext=u:object_r:cgroup:s0 tclass=dir permissive=0
04-23 10:48:55.195 32696 10228 I Icing   : Usage reports ok 1, Failed Usage reports 0, indexed 0, rejected 0
04-23 10:48:55.202  1302  1657 D InputReader: AP_PROF:AppLaunch_dispatchPtr:Down:857416178, ID:0
04-23 10:48:55.203  1302  1656 D InputDispatcher: dispatchMotion - eventTime=857416178798000, deviceId=9, source=0x1002, policyFlags=0x62000000, action=0x0, flags=0x0, downTime=857416178798000 
04-23 10:48:55.203  1302  1656 D PowerManagerService: userActivityNoUpdateLocked: eventTime=857416178, event=2, flags=0x0, uid=1000
04-23 10:48:55.203  1302  1656 D PowerManagerService: updateUserActivitySummaryLocked: mWakefulness=Awake, mUserActivitySummary=0x1, nextTimeout=859209178 (in 1792999 ms)
04-23 10:48:55.203  1302  1656 D PowerManagerService: updateDisplayPowerStateLocked: mDisplayReady=true, policy=3, mWakefulness=1, mWakeLockSummary=0x1, mUserActivitySummary=0x1, mBootCompleted=true, mScreenBrightnessBoostInProgress=false
04-23 10:48:55.205 14736 14736 V BoostFramework: BoostFramework() : mPerf = com.qualcomm.qti.Performance@98194af
04-23 10:48:55.212 15296 15302 I art     : Method exceeds compiler instruction limit: 30035 in com.google.common.c.ev com.google.android.apps.gsa.shared.logger.b.h.a()
04-23 10:48:55.225  1302  2598 I ActivityManager: Start proc 15344:com.google.android.partnersetup/u0a12 for broadcast com.google.android.partnersetup/.RlzPingBroadcastReceiver
04-23 10:48:55.229 32696   871 I Icing   : IndexChimeraService.getServiceInterface callingPackage=com.google.android.gms componentName=null serviceId=36
04-23 10:48:55.234 14285 14285 W ChimeraUtils: Non Chimera context
04-23 10:48:55.265  1302  1403 D AutoBrightnessLenovo.LightSensorSample: onSensorChanged: lux = 216.0
04-23 10:48:55.276 32696   398 I PeopleChimeraService: onService. callbacks = aadz@40d047, request = com.google.android.gms.common.internal.GetServiceRequest@8f88074
04-23 10:48:55.293 32696 10228 I GmsCoreXrpcWrapper: Returning a channel provider with trafficStatsTag=12803
04-23 10:48:55.310  1302  1302 D PowerManagerService: releaseWakeLockInternal: lock=150369049 [*job*/com.google.android.apps.maps/com.google.android.apps.gmm.ugc.phototaken.PhotoTakenObserverService], flags=0x0
04-23 10:48:55.311  1302  1302 D PowerManagerService: updateWakeLockSummaryLocked: mWakefulness=Awake, mWakeLockSummary=0x1
04-23 10:48:55.311  1302  1302 D PowerManagerService: updateUserActivitySummaryLocked: mWakefulness=Awake, mUserActivitySummary=0x1, nextTimeout=859209178 (in 1792891 ms)
04-23 10:48:55.311  1302  1302 D PowerManagerService: updateDisplayPowerStateLocked: mDisplayReady=true, policy=3, mWakefulness=1, mWakeLockSummary=0x1, mUserActivitySummary=0x1, mBootCompleted=true, mScreenBrightnessBoostInProgress=false
04-23 10:48:55.324 32696  6086 I System.out: [socket][36] connection www.googleapis.com/173.194.73.95:443;LocalPort=-1(60000)
04-23 10:48:55.332  1302  3265 I ActivityManager: Start proc 15368:android.process.media/u0a8 for content provider com.android.providers.media/.MediaProvider
04-23 10:48:55.332  1302  3226 I ActivityManager: Process com.lenovo.serviceit (pid 14993) has died
04-23 10:48:55.332  1302  3226 D ActivityManager: cleanUpApplicationRecord -- 14993
04-23 10:48:55.335  1302  9794 V RestrictedPackageService: filterBroadcastReceiver for com.google.android.gms.gcm.ACTION_SCHEDULE
04-23 10:48:55.353  1302  2751 I ActivityManager: Process com.lenovo.leos.cloud.sync.row (pid 14972) has died
04-23 10:48:55.353  1302  2751 D ActivityManager: cleanUpApplicationRecord -- 14972
04-23 10:48:55.355 32696  6086 I System.out: [socket][/10.130.168.179:46394] connected
04-23 10:48:55.376 24555 24555 I AppBase : AppBase.onTrimMemory():601 onTrimMemory(): 10
04-23 10:48:55.376 15344 15344 D LenovoAppIconTheme: ExtraResources;cleanCachedIcon;clear cache..
04-23 10:48:55.376 24555 24555 I GoogleInputMethodServic: GoogleInputMethodService.onTrimMemory():4122 onTrimMemory(): 10
04-23 10:48:55.382  1302  1344 D DeviceIdleController: handleMessage(7)
04-23 10:48:55.388 15368 15368 D LenovoAppIconTheme: ExtraResources;cleanCachedIcon;clear cache..
04-23 10:48:55.401 15368 15368 W System  : ClassLoader referenced unknown path: /system/priv-app/MediaProvider/lib/arm64
04-23 10:48:55.402 15344 15344 W System  : ClassLoader referenced unknown path: /system/priv-app/GooglePartnerSetup/lib/arm64
04-23 10:48:55.447 32696  6086 W Conscrypt: Could not set socket write timeout: java.net.SocketException: Socket closed
04-23 10:48:55.464  1302  1403 D AutoBrightnessLenovo.LightSensorSample: onSensorChanged: lux = 204.0
04-23 10:48:55.468 15368 15368 W System  : ClassLoader referenced unknown path: /system/priv-app/DownloadProvider/lib/arm64
04-23 10:48:55.471 32696 10228 I Icing   : Usage reports ok 0, Failed Usage reports 0, indexed 0, rejected 0
04-23 10:48:55.475 32696 10228 I Icing   : Indexing com.google.android.gms-internal.3p:MobileApplication from com.google.android.gms using seqno 41923
04-23 10:48:55.482 15214 15356 W System  : ClassLoader referenced unknown path: 
04-23 10:48:55.498 32696  6086 W Conscrypt: 	at com.google.android.gms.org.conscrypt.Platform.setSocketWriteTimeout(:com.google.android.gms@201515021@20.15.15 (040408-306758586):2)
04-23 10:48:55.498 32696  6086 W Conscrypt: 	at com.google.android.gms.org.conscrypt.ConscryptFileDescriptorSocket.setSoWriteTimeout(:com.google.android.gms@201515021@20.15.15 (040408-306758586):0)
04-23 10:48:55.509 15296 15296 I Search.LoginHelperImpl: #refreshInternal(). Initializing = [true]
04-23 10:48:55.509 15296 15296 I Search.LoginHelperImpl: Getting accounts.
04-23 10:48:55.556 15296 15296 I Search.LoginHelperImpl: #refreshInternal(): fetched accounts. Accounts length = [2]
04-23 10:48:55.567  1302  1320 W DropBoxManagerService: Dropping: exp_det_cert_pin_failure (10 > 0 bytes)
04-23 10:48:55.570  1302  1302 V RestrictedPackageService: filterBroadcastReceiver for android.intent.action.DROPBOX_ENTRY_ADDED
04-23 10:48:55.571 32696 10228 I GmsCoreXrpcWrapper: Returning a channel provider with trafficStatsTag=12803
04-23 10:48:55.574 15214 15356 I DynamiteLoaderV2: [71] Measurementdynamite
04-23 10:48:55.589 15296 15296 I Search.LoginHelperImpl: #refreshInternal(): filtered accounts. Accounts length = [2]
04-23 10:48:55.589 15296 15296 I Search.LoginHelperImpl: #handleAccounts(): Sign in to a previously selected primary search account
04-23 10:48:55.589 15296 15296 I Search.LoginHelperImpl: #setAccount(): The old account is equal to the new accounts. No change required
04-23 10:48:55.619 32696  6086 W Conscrypt: Could not set socket write timeout: java.net.SocketException: Socket closed
04-23 10:48:55.620 32696  6086 W Conscrypt: 	at com.google.android.gms.org.conscrypt.Platform.setSocketWriteTimeout(:com.google.android.gms@201515021@20.15.15 (040408-306758586):2)
04-23 10:48:55.620 32696  6086 W Conscrypt: 	at com.google.android.gms.org.conscrypt.ConscryptFileDescriptorSocket.setSoWriteTimeout(:com.google.android.gms@201515021@20.15.15 (040408-306758586):0)
04-23 10:48:55.625  1302  9791 I ActivityManager: Start proc 15393:club.rentmee.apps/u0a269 for broadcast club.rentmee.apps/club.rentmee.receiver.ApplicationModifiedBroadcastReceiver
04-23 10:48:55.645 15214 15356 W System  : ClassLoader referenced unknown path: /data/user_de/0/com.google.android.gms/app_chimera/m/000001a4/n/arm64-v8a
04-23 10:48:55.664  1302  1403 D AutoBrightnessLenovo.LightSensorSample: onSensorChanged: lux = 203.0
04-23 10:48:55.666 15393 15393 D LenovoAppIconTheme: ExtraResources;cleanCachedIcon;clear cache..
04-23 10:48:55.667 15296 15382 I ModelDownloadListener: Schdedule model download
04-23 10:48:55.693 32696 10228 I Icing   : Usage reports ok 0, Failed Usage reports 0, indexed 0, rejected 0
04-23 10:48:55.701  1302  1654 D PowerManagerService: acquireWakeLockInternal: lock=130740844, flags=0x1, tag="*alarm*", ws=WorkSource{10053}, uid=1000, pid=1302
04-23 10:48:55.703  1302  1654 D PowerManagerService: updateWakeLockSummaryLocked: mWakefulness=Awake, mWakeLockSummary=0x1
04-23 10:48:55.703  1302  1654 D PowerManagerService: updateUserActivitySummaryLocked: mWakefulness=Awake, mUserActivitySummary=0x1, nextTimeout=859209178 (in 1792499 ms)
04-23 10:48:55.703  1302  1654 D PowerManagerService: updateDisplayPowerStateLocked: mDisplayReady=true, policy=3, mWakefulness=1, mWakeLockSummary=0x1, mUserActivitySummary=0x1, mBootCompleted=true, mScreenBrightnessBoostInProgress=false
04-23 10:48:55.711  1302  1656 D PowerManagerService: userActivityNoUpdateLocked: eventTime=857416686, event=2, flags=0x0, uid=1000
04-23 10:48:55.711  1302  1656 D PowerManagerService: updateUserActivitySummaryLocked: mWakefulness=Awake, mUserActivitySummary=0x1, nextTimeout=859209686 (in 1792999 ms)
04-23 10:48:55.711  1302  1656 D PowerManagerService: updateDisplayPowerStateLocked: mDisplayReady=true, policy=3, mWakefulness=1, mWakeLockSummary=0x1, mUserActivitySummary=0x1, mBootCompleted=true, mScreenBrightnessBoostInProgress=false
04-23 10:48:55.711 15296 15382 I OpaEligibilityChecker: send OpaEligibilityChange broadcast to CommonBroadcastReceiver
04-23 10:48:55.713 15296 15414 I EventBusThread: Event Bus thread starting with TID 15414
04-23 10:48:55.719 15296 15296 I SearchServiceCore: We were killed and are starting back!
04-23 10:48:55.738 15393 15393 I art     : Starting a blocking GC AddRemoveAppImageSpace
04-23 10:48:55.749  1302  9797 D PowerManagerService: updateWakeLockWorkSourceInternal: lock=51272701 [Icing], ws=WorkSource{10010 com.google.android.gms, 10096 com.google.android.apps.maps}
04-23 10:48:55.760  1302  2599 D PowerManagerService: updateWakeLockWorkSourceInternal: lock=51272701 [Icing], ws=WorkSource{10010 com.google.android.gms}
04-23 10:48:55.768 15393 15393 W System  : ClassLoader referenced unknown path: /data/app/club.rentmee.apps-1/lib/arm64
04-23 10:48:55.777  1302  1654 I ActivityManager: Start proc 15418:ru.auto.ara:Metrica/u0a75 for service ru.auto.ara/com.yandex.metrica.ConfigurationService
04-23 10:48:55.780  1302  2752 V RestrictedPackageService: filterBroadcastReceiver for com.google.android.apps.gsa.broadcastreceiver.ACTION_OPA_ELIGIBILITY_CHANGE
04-23 10:48:55.782 14285 14362 W ResourceType: ResTable_typeSpec entry count inconsistent: given 15, previously 24
04-23 10:48:55.782  1302  1302 D PowerManagerService: updateWakeLockWorkSourceInternal: lock=130740844 [*alarm*], ws=WorkSource{10075}
04-23 10:48:55.783  1302  1302 D PowerManagerService: releaseWakeLockInternal: lock=130740844 [*alarm*], flags=0x0
04-23 10:48:55.783  1302  1302 D PowerManagerService: updateWakeLockSummaryLocked: mWakefulness=Awake, mWakeLockSummary=0x1
04-23 10:48:55.783  1302  1302 D PowerManagerService: updateUserActivitySummaryLocked: mWakefulness=Awake, mUserActivitySummary=0x1, nextTimeout=859209686 (in 1792927 ms)
04-23 10:48:55.783  1302  1302 D PowerManagerService: updateDisplayPowerStateLocked: mDisplayReady=true, policy=3, mWakefulness=1, mWakeLockSummary=0x1, mUserActivitySummary=0x1, mBootCompleted=true, mScreenBrightnessBoostInProgress=false
04-23 10:48:55.786 15296 15296 I WorkerManager: Unloading disused workers
04-23 10:48:55.802  1302  2752 D PowerManagerService: acquireWakeLockInternal: lock=174282712, flags=0x1, tag="*gms_scheduler*:internal", ws=WorkSource{10010 com.google.android.gms}, uid=10010, pid=14285
04-23 10:48:55.806  1302  1344 D DeviceIdleController: handleMessage(7)
04-23 10:48:55.811  1302  2752 D PowerManagerService: updateWakeLockSummaryLocked: mWakefulness=Awake, mWakeLockSummary=0x1
04-23 10:48:55.811  1302  2752 D PowerManagerService: updateUserActivitySummaryLocked: mWakefulness=Awake, mUserActivitySummary=0x1, nextTimeout=859209686 (in 1792899 ms)
04-23 10:48:55.811  1302  2752 D PowerManagerService: updateDisplayPowerStateLocked: mDisplayReady=true, policy=3, mWakefulness=1, mWakeLockSummary=0x1, mUserActivitySummary=0x1, mBootCompleted=true, mScreenBrightnessBoostInProgress=false
04-23 10:48:55.811  1302  1302 D PowerManagerService: acquireWakeLockInternal: lock=245504388, flags=0x1, tag="*job*/com.google.android.googlequicksearchbox/com.google.android.apps.gsa.tasks.BackgroundTasksJobService", ws=WorkSource{10053}, uid=1000, pid=1302
04-23 10:48:55.812  1302  1302 D PowerManagerService: updateWakeLockSummaryLocked: mWakefulness=Awake, mWakeLockSummary=0x1
04-23 10:48:55.812  1302  1302 D PowerManagerService: updateUserActivitySummaryLocked: mWakefulness=Awake, mUserActivitySummary=0x1, nextTimeout=859209686 (in 1792898 ms)
04-23 10:48:55.812  1302  1302 D PowerManagerService: updateDisplayPowerStateLocked: mDisplayReady=true, policy=3, mWakefulness=1, mWakeLockSummary=0x1, mUserActivitySummary=0x1, mBootCompleted=true, mScreenBrightnessBoostInProgress=false
04-23 10:48:55.814 15296 15296 I BgTaskExecutorImpl: Starting EXCLUSIVE background task UPDATE_HOTWORD_MODELS.
04-23 10:48:55.820 14285 15243 I FacsCacheGmsModule: Receiving API connection to FACS API from package 'com.google.android.googlequicksearchbox'...
04-23 10:48:55.839 15296 15382 I OpaEligibilityChecker: Clock app not installed.
04-23 10:48:55.840 14285 15243 I FacsCacheGmsModule: API connection successful!
04-23 10:48:55.839 15418 15418 D LenovoAppIconTheme: ExtraResources;cleanCachedIcon;clear cache..
04-23 10:48:55.844 15393 15393 I MultiDex: VM with version 2.1.0 has multidex support
04-23 10:48:55.846 15393 15393 I MultiDex: Installing application
04-23 10:48:55.846 15393 15393 I MultiDex: VM has multidex support, MultiDex support library is disabled.
04-23 10:48:55.848 32696   398 I FacsCacheGmsModule: Receiving API connection to internal FACS API...
04-23 10:48:55.851 32696   398 I FacsCacheGmsModule: API connection successful!
04-23 10:48:55.853 14285 31259 I FacsCacheGmsModule: Receiving API connection to FACS API from package 'com.google.android.googlequicksearchbox'...
04-23 10:48:55.854  1302  1654 D PowerManagerService: acquireWakeLockInternal: lock=130740844, flags=0x1, tag="*alarm*", ws=WorkSource{10053}, uid=1000, pid=1302
04-23 10:48:55.854  1302  1654 D PowerManagerService: updateWakeLockSummaryLocked: mWakefulness=Awake, mWakeLockSummary=0x1
04-23 10:48:55.854  1302  1654 D PowerManagerService: updateUserActivitySummaryLocked: mWakefulness=Awake, mUserActivitySummary=0x1, nextTimeout=859209686 (in 1792855 ms)
04-23 10:48:55.854  1302  1654 D PowerManagerService: updateDisplayPowerStateLocked: mDisplayReady=true, policy=3, mWakefulness=1, mWakeLockSummary=0x1, mUserActivitySummary=0x1, mBootCompleted=true, mScreenBrightnessBoostInProgress=false
04-23 10:48:55.855  1302  1302 D PowerManagerService: releaseWakeLockInternal: lock=130740844 [*alarm*], flags=0x0
04-23 10:48:55.855  1302  1302 D PowerManagerService: updateWakeLockSummaryLocked: mWakefulness=Awake, mWakeLockSummary=0x1
04-23 10:48:55.855  1302  1302 D PowerManagerService: updateUserActivitySummaryLocked: mWakefulness=Awake, mUserActivitySummary=0x1, nextTimeout=859209686 (in 1792855 ms)
04-23 10:48:55.855  1302  1302 D PowerManagerService: updateDisplayPowerStateLocked: mDisplayReady=true, policy=3, mWakefulness=1, mWakeLockSummary=0x1, mUserActivitySummary=0x1, mBootCompleted=true, mScreenBrightnessBoostInProgress=false
04-23 10:48:55.860 14818 14829 W JavaBinder: BinderProxy is being destroyed but the application did not call unlinkToDeath to unlink all of its death recipients beforehand.  Releasing leaked death recipient: com.google.android.play.core.internal.bc
04-23 10:48:55.861 15296 15414 W art     : Before Android 4.1, method double java.util.concurrent.ThreadLocalRandom.internalNextDouble(double, double) would have incorrectly overridden the package-private method in java.util.Random
04-23 10:48:55.861 15296 15414 W art     : Before Android 4.1, method int java.util.concurrent.ThreadLocalRandom.internalNextInt(int, int) would have incorrectly overridden the package-private method in java.util.Random
04-23 10:48:55.862 15296 15414 W art     : Before Android 4.1, method long java.util.concurrent.ThreadLocalRandom.internalNextLong(long, long) would have incorrectly overridden the package-private method in java.util.Random
04-23 10:48:55.864 32696   372 I FacsCacheGmsModule: Receiving API connection to internal FACS API...
04-23 10:48:55.864 14285 31259 I FacsCacheGmsModule: API connection successful!
04-23 10:48:55.865  1302  1403 D AutoBrightnessLenovo.LightSensorSample: onSensorChanged: lux = 200.0
04-23 10:48:55.868 32696   372 I FacsCacheGmsModule: API connection successful!
04-23 10:48:55.882 14285 15054 E ExecutionCriteria: Package unavailable for task: org.speedspot.speedanalytics/com.firebase.jobdispatcher.GooglePlayReceiver{u=0 tag="X_TECH_TOWER" trigger=window{start=1440s,end=2160s,earliest=-33612427s,latest=-33611707s} requirements=[NET_ANY] attributes=[PERSISTED,RECURRING] scheduled=-33613867s last_run=N/A jid=N/A status=PENDING retries=0 client_lib=FIREBASE_JOB_DISPATCHER-1}
04-23 10:48:55.883 14285 15054 E ExecutionCriteria: Package unavailable for task: org.speedspot.speedanalytics/com.firebase.jobdispatcher.GooglePlayReceiver{u=0 tag="X_LOC_SCHED_REQ" trigger=window{start=43200s,end=129600s,earliest=-33612427s,latest=-33526027s} requirements=[NET_ANY] attributes=[PERSISTED,RECURRING] scheduled=-33655627s last_run=N/A jid=N/A status=PENDING retries=0 client_lib=FIREBASE_JOB_DISPATCHER-1}
04-23 10:48:55.922 15296 15441 I art     : Rejecting re-init on previously-failed class java.lang.Class<com.google.android.apps.gsa.shared.util.s.b>: java.lang.NoClassDefFoundError: Failed resolution of: Landroid/app/KeyguardManager$KeyguardDismissCallback;
04-23 10:48:55.922 15296 15441 I art     :   at com.google.android.apps.gsa.search.core.service.bc com.google.android.apps.gsa.binaries.velvet.app.wv.dZ() (SourceFile:3800)
04-23 10:48:55.922 15296 15441 I art     :   at com.google.android.apps.gsa.staticplugins.opa.worker.q com.google.android.apps.gsa.binaries.velvet.app.wv.ee() (SourceFile:3297)
04-23 10:48:55.922 15296 15441 I art     :   at java.lang.Object com.google.android.apps.gsa.binaries.velvet.app.rb.a() (SourceFile:55)
04-23 10:48:55.922 15296 15441 I art     :   at java.lang.Object com.google.android.apps.gsa.search.core.service.g.a.c.a() ((null):2)
04-23 10:48:55.922 15296 15441 I art     :   at com.google.common.v.a.ci com.google.android.libraries.gsa.l.a.n.a() ((null):2)
04-23 10:48:55.922 15296 15441 I art     :   at java.lang.Object com.google.common.v.a.dn.b() (SourceFile:7)
04-23 10:48:55.922 15296 15441 I art     :   at void com.google.common.v.a.ch.run() (SourceFile:12)
04-23 10:48:55.922 15296 15441 I art     :   at void com.google.common.v.a.dp.run() (SourceFile:10)
04-23 10:48:55.922 15296 15441 I art     :   at void com.google.apps.tiktok.concurrent.au.run() (SourceFile:2)
04-23 10:48:55.922 15296 15441 I art     :   at void java.util.concurrent.ThreadPoolExecutor.runWorker(java.util.concurrent.ThreadPoolExecutor$Worker) (ThreadPoolExecutor.java:1133)
04-23 10:48:55.922 15296 15441 I art     :   at void java.util.concurrent.ThreadPoolExecutor$Worker.run() (ThreadPoolExecutor.java:607)
04-23 10:48:55.922 15296 15441 I art     :   at void com.google.apps.tiktok.concurrent.f.run() ((null):4)
04-23 10:48:55.922 15296 15441 I art     :   at void java.lang.Thread.run() (Thread.java:761)
04-23 10:48:55.922 15296 15441 I art     : Caused by: java.lang.ClassNotFoundException: Didn't find class "android.app.KeyguardManager$KeyguardDismissCallback" on path: DexPathList[[zip file "/data/app/com.google.android.googlequicksearchbox-2/base.apk"],nativeLibraryDirectories=[/data/app/com.google.android.googlequicksearchbox-2/lib/arm64, /data/app/com.google.android.googlequicksearchbox-2/base.apk!/lib/arm64-v8a, /system/lib64, /vendor/lib64]]
04-23 10:48:55.922 15296 15441 I art     :   at java.lang.Class dalvik.system.BaseDexClassLoader.findClass(java.lang.String) (BaseDexClassLoader.java:56)
04-23 10:48:55.922 15296 15441 I art     :   at java.lang.Class java.lang.ClassLoader.loadClass(java.lang.String, boolean) (ClassLoader.java:380)
04-23 10:48:55.922 15296 15441 I art     :   at java.lang.Class java.lang.ClassLoader.loadClass(java.lang.String) (ClassLoader.java:312)
04-23 10:48:55.922 15296 15441 I art     :   at com.google.android.apps.gsa.search.core.service.bc com.google.android.apps.gsa.binaries.velvet.app.wv.dZ() (SourceFile:3800)
04-23 10:48:55.922 15296 15441 I art     :   at com.google.android.apps.gsa.staticplugins.opa.worker.q com.google.android.apps.gsa.binaries.velvet.app.wv.ee() (SourceFile:3297)
04-23 10:48:55.922 15296 15441 I art     :   at java.lang.Object com.google.android.apps.gsa.binaries.velvet.app.rb.a() (SourceFile:55)
04-23 10:48:55.922 15296 15441 I art     :   at java.lang.Object com.google.android.apps.gsa.search.core.service.g.a.c.a() ((null):2)
04-23 10:48:55.922 15296 15441 I art     :   at com.google.common.v.a.ci com.google.android.libraries.gsa.l.a.n.a() ((null):2)
04-23 10:48:55.922 15296 15441 I art     :   at java.lang.Object com.google.common.v.a.dn.b() (SourceFile:7)
04-23 10:48:55.922 15296 15441 I art     :   at void com.google.common.v.a.ch.run() (SourceFile:12)
04-23 10:48:55.922 15296 15441 I art     :   at void com.google.common.v.a.dp.run() (SourceFile:10)
04-23 10:48:55.922 15296 15441 I art     :   at void com.google.apps.tiktok.concurrent.au.run() (SourceFile:2)
04-23 10:48:55.922 15296 15441 I art     :   at void java.util.concurrent.ThreadPoolExecutor.runWorker(java.util.concurrent.ThreadPoolExecutor$Worker) (ThreadPoolExecutor.java:1133)
04-23 10:48:55.922 15296 15441 I art     :   at void java.util.concurrent.ThreadPoolExecutor$Worker.run() (ThreadPoolExecutor.java:607)
04-23 10:48:55.922 15296 15441 I art     :   at void com.google.apps.tiktok.concurrent.f.run() ((null):4)
04-23 10:48:55.922 15296 15441 I art     :   at void java.lang.Thread.run() (Thread.java:761)
04-23 10:48:55.922 15296 15441 I art     : 
04-23 10:48:55.924 15296 15382 E LauncherUtil: Failed to get system resource ID.
04-23 10:48:55.930 15296 15413 I ModelDownloadController: requestHotwordModelUpdate modelType-2 modelLocale-en-US
04-23 10:48:55.930 15296 15413 I ModelDownloadController: shouldDownloadModel: modelLocale is en-US
04-23 10:48:55.931 15296 15413 I ModelDownloadController: We already downloaded model from given location.
04-23 10:48:55.931 15296 15413 I ModelDownloadController: Model download not requested.
04-23 10:48:55.979  1302  1312 I art     : Background sticky concurrent mark sweep GC freed 183330(14MB) AllocSpace objects, 3(60KB) LOS objects, 25% free, 43MB/57MB, paused 3.455ms total 107.796ms
04-23 10:48:55.987  1302  1302 D PowerManagerService: releaseWakeLockInternal: lock=245504388 [*job*/com.google.android.googlequicksearchbox/com.google.android.apps.gsa.tasks.BackgroundTasksJobService], flags=0x0
04-23 10:48:55.987  1302  1302 D PowerManagerService: updateWakeLockSummaryLocked: mWakefulness=Awake, mWakeLockSummary=0x1
04-23 10:48:55.987  1302  1302 D PowerManagerService: updateUserActivitySummaryLocked: mWakefulness=Awake, mUserActivitySummary=0x1, nextTimeout=859209686 (in 1792723 ms)
04-23 10:48:55.987  1302  1302 D PowerManagerService: updateDisplayPowerStateLocked: mDisplayReady=true, policy=3, mWakefulness=1, mWakeLockSummary=0x1, mUserActivitySummary=0x1, mBootCompleted=true, mScreenBrightnessBoostInProgress=false
04-23 10:48:55.999  1302  1344 D DeviceIdleController: handleMessage(7)
04-23 10:48:56.002  1302  2593 D PowerManagerService: releaseWakeLockInternal: lock=174282712 [*gms_scheduler*:internal], flags=0x0
04-23 10:48:56.002  1302  2593 D PowerManagerService: updateWakeLockSummaryLocked: mWakefulness=Awake, mWakeLockSummary=0x1
04-23 10:48:56.002  1302  2593 D PowerManagerService: updateUserActivitySummaryLocked: mWakefulness=Awake, mUserActivitySummary=0x1, nextTimeout=859209686 (in 1792707 ms)
04-23 10:48:56.002  1302  2593 D PowerManagerService: updateDisplayPowerStateLocked: mDisplayReady=true, policy=3, mWakefulness=1, mWakeLockSummary=0x1, mUserActivitySummary=0x1, mBootCompleted=true, mScreenBrightnessBoostInProgress=false
04-23 10:48:56.020 15296 15414 I MicroDataManager: isInitializing-false locale not changed-false model not changed-false
04-23 10:48:56.035 15296 15414 I MicroDetectionWorker: Initializing MicroDataManager InitializeType-1, isForced-false, isActivePhoneEnrollment-false isActiveGoogleHomeEnrollment-false
04-23 10:48:56.039 15418 15418 I art     : Starting a blocking GC AddRemoveAppImageSpace
04-23 10:48:56.051 15296 15414 I MicroDetectionState: Should stop hotword detection immediately - false
04-23 10:48:56.065  1302  1403 D AutoBrightnessLenovo.LightSensorSample: onSensorChanged: lux = 206.0
04-23 10:48:56.067 15296 15296 D AppCompatDelegate: setDefaultNightMode. New:1, Current:-100
04-23 10:48:56.082 15296 15311 I MicroDataManager: isInitializing-false locale not changed-true model not changed-true
04-23 10:48:56.082 15296 15414 I MicroDataManager: isInitializing-false locale not changed-true model not changed-true
04-23 10:48:56.083 15296 15311 I HotwordHelper: hasHotwordEverywhere-true
04-23 10:48:56.086 15296 15414 I MicroDetectionState: Should stop hotword detection immediately - false
04-23 10:48:56.133  2637  2637 E HwDetectorWithState: a: 3
04-23 10:48:56.133  2637  2637 I GsaVoiceInteractionSrv: #checkDspStatus
04-23 10:48:56.133  2637  2637 I BistoHotwordHelper: setting speaker id present: true
04-23 10:48:56.133  2637  2637 I BistoHotwordHelper: setting hotword model location: https://www.gstatic.com/android-search/hotword/x_google/7db96c566dbd33b2218d5799ec330d22/hotword.data
04-23 10:48:56.133  2637  2637 I BistoHotwordHelper: setting modeltype: X Google
04-23 10:48:56.133  2637  2637 I BistoHotwordHelper: setting hotword voice locale: en-US
04-23 10:48:56.144   631   631 I cnss-daemon: RTM_NEWNEIGH message received: 28
04-23 10:48:56.144   631   631 E cnss-daemon: Stale or unreachable neighbors, ndm state: 4
04-23 10:48:56.150 15296 15382 I f       : Create FeedSyncWorker, enabledBackgroundRefresh true, SessionTimeoutMinutes 5, background RefreshIntervalMinutes 120
04-23 10:48:56.152 15296 15310 I art     : Background partial concurrent mark sweep GC freed 38935(2MB) AllocSpace objects, 15(536KB) LOS objects, 42% free, 10MB/18MB, paused 1.039ms total 109.730ms
04-23 10:48:56.159 15296 15414 W SessionLifecycleManager: Client : AttachedClient[67274107061982570, ClientConfig[mFlags=[40000088001] mSuggestFlags=[0] mClientId=HOTWORD_SERVICE mSessionType=search publicSearchServiceCallerUid=-1]] has no associated SessionController
04-23 10:48:56.173  1302  1657 D InputReader: AP_PROF:AppLaunch_dispatchPtr:Up:857417149, ID:0
04-23 10:48:56.173  1302  1656 D InputDispatcher: dispatchMotion - eventTime=857417149885000, deviceId=9, source=0x1002, policyFlags=0x62000000, action=0x1, flags=0x0, downTime=857416178798000 
04-23 10:48:56.175  1302  1390 D BluetoothManagerService: Message: 20
04-23 10:48:56.175  1302  1390 D BluetoothManagerService: Added callback: android.bluetooth.IBluetoothManagerCallback$Stub$Proxy@f90a9e4:true
04-23 10:48:56.188 15296 15414 I DeviceDetector: Is not a headset device
04-23 10:48:56.191 15296 15414 I DeviceDetector: Is not a headset device
04-23 10:48:56.195 15296 15382 I WM-GreedyScheduler: Ignoring schedule request in non-main process
04-23 10:48:56.195 15296 15414 I DeviceDetector: Is not a headset device
04-23 10:48:56.197 15393 15393 V FA      : Registered activity lifecycle callback
04-23 10:48:56.197 15393 15393 I FirebaseInitProvider: FirebaseApp initialization successful
04-23 10:48:56.205 15296 15414 I DeviceDetector: Is not a headset device
04-23 10:48:56.209 15296 15414 I DeviceDetector: Is not a headset device
04-23 10:48:56.213 15296 15414 I DeviceDetector: Is not a headset device
04-23 10:48:56.220 15296 15414 I DeviceDetector: Is not a headset device
04-23 10:48:56.234 32696 10228 I Icing   : Indexing com.google.android.gms-apps from com.google.android.gms
04-23 10:48:56.244 15296 15414 I DeviceDetector: Is not a headset device
04-23 10:48:56.262 15296 15414 I DeviceDetector: Is not a headset device
04-23 10:48:56.263 15214 15437 V FA      : App measurement collection enabled
04-23 10:48:56.264  1302  1403 D AutoBrightnessLenovo.LightSensorSample: onSensorChanged: lux = 200.0
04-23 10:48:56.268 15418 15418 E ActivityThread: Failed to find provider info for ru.auto.partnerconfig.provider
04-23 10:48:56.269 15296 15414 I DeviceDetector: Is not a headset device
04-23 10:48:56.271 15214 15437 V FA      : App measurement enabled for app package, google app id: com.google.android.apps.maps, 1:493454522602:android:4877c2b5f408a8b2
04-23 10:48:56.274 15296 15414 I DeviceDetector: Marked as a known non-bisto device
04-23 10:48:56.276 15296 15414 I DeviceDetector: Is not a headset device
04-23 10:48:56.277 15214 15437 I FA      : App measurement initialized, version: 25021
04-23 10:48:56.277 15214 15437 I FA      : To enable debug logging run: adb shell setprop log.tag.FA VERBOSE
04-23 10:48:56.278 15214 15437 I FA      : To enable faster debug mode event logging run:
04-23 10:48:56.278 15214 15437 I FA      :   adb shell setprop debug.firebase.analytics.app com.google.android.apps.maps
04-23 10:48:56.278 15214 15437 D FA      : Debug-level message logging enabled
04-23 10:48:56.279 15296 15414 I DeviceDetector: Is not a headset device
04-23 10:48:56.282 15296 15414 I DeviceDetector: Is not a headset device
04-23 10:48:56.285 15296 15414 I DeviceDetector: Is not a headset device
04-23 10:48:56.288 15296 15414 I DeviceDetector: Is not a headset device
04-23 10:48:56.291 15296 15414 I DeviceDetector: Is not a headset device
04-23 10:48:56.293 15296 15414 I DeviceDetector: Is not a headset device
04-23 10:48:56.296 15296 15414 I DeviceDetector: Is not a headset device
04-23 10:48:56.300 15296 15414 I DeviceDetector: Is not a headset device
04-23 10:48:56.303 15296 15414 I DeviceDetector: Is not a headset device
04-23 10:48:56.306 15296 15414 I DeviceDetector: Is not a headset device
04-23 10:48:56.308 32696 10228 I Icing   : Indexing done com.google.android.gms-apps
04-23 10:48:56.310 15296 15414 I DeviceDetector: Marked as a known non-bisto device
04-23 10:48:56.314 15296 15414 I DeviceDetector: Is not a headset device
04-23 10:48:56.317 15296 15414 I DeviceDetector: Marked as a known non-bisto device
04-23 10:48:56.319 15296 15414 I DeviceDetector: Checked for UUIDs too recently
04-23 10:48:56.322 15296 15414 I DeviceDetector: Is not a headset device
04-23 10:48:56.325 15296 15414 I DeviceDetector: Is not a headset device
04-23 10:48:56.327 15296 15414 I DeviceDetector: Is not a headset device
04-23 10:48:56.333 15296 15414 I DeviceDetector: Is not a headset device
04-23 10:48:56.334  1302  2593 D PowerManagerService: releaseWakeLockInternal: lock=51272701 [Icing], flags=0x0
04-23 10:48:56.334  1302  2593 D PowerManagerService: updateWakeLockSummaryLocked: mWakefulness=Awake, mWakeLockSummary=0x1
04-23 10:48:56.335  1302  2593 D PowerManagerService: updateUserActivitySummaryLocked: mWakefulness=Awake, mUserActivitySummary=0x1, nextTimeout=859209686 (in 1792375 ms)
04-23 10:48:56.335  1302  2593 D PowerManagerService: updateDisplayPowerStateLocked: mDisplayReady=true, policy=3, mWakefulness=1, mWakeLockSummary=0x1, mUserActivitySummary=0x1, mBootCompleted=true, mScreenBrightnessBoostInProgress=false
04-23 10:48:56.336 15296 15414 I DeviceDetector: Is not a headset device
04-23 10:48:56.340 15296 15414 I DeviceDetector: Is not a headset device
04-23 10:48:56.342 15296 15414 I DeviceDetector: Is not a headset device
04-23 10:48:56.343 15214 15437 V FA      : Connecting to remote service
04-23 10:48:56.345 15296 15414 I DeviceDetector: Is not a headset device
04-23 10:48:56.348 15296 15414 I DeviceDetector: Is not a headset device
04-23 10:48:56.351 15296 15414 I DeviceDetector: Marked as a known non-bisto device
04-23 10:48:56.353 15296 15414 I DeviceDetector: Is not a headset device
04-23 10:48:56.358 15296 15414 I DeviceDetector: Marked as a known non-bisto device
04-23 10:48:56.359 15214 15437 V FA      : Connection attempt already in progress
04-23 10:48:56.362 15296 15414 I DeviceDetector: Is not a headset device
04-23 10:48:56.364 15418 15418 I AppMetrica: Initializing of Metrica, Release type, Version 3.8.0, API Level 85, Dated 08.10.2019.
04-23 10:48:56.367 15296 15414 I DeviceDetector: Is not a headset device
04-23 10:48:56.368 15393 15393 I CrashlyticsCore: Initializing Crashlytics Core 2.7.0.33
04-23 10:48:56.368 15214 15437 D FA      : Connected to remote service
04-23 10:48:56.369 15214 15437 V FA      : Processing queued up service tasks: 2
04-23 10:48:56.374 15296 15414 I DeviceDetector: Is not a headset device
04-23 10:48:56.381 15296 15414 I DeviceDetector: Is not a headset device
04-23 10:48:56.384 15393 15469 D NetworkSecurityConfig: No Network Security Config specified, using platform default
04-23 10:48:56.385 15393 15469 I DpmTcmClient: RegisterTcmMonitor from: com.android.okhttp.TcmIdleTimerMonitor
04-23 10:48:56.386 15296 15414 I DeviceDetector: Is not a headset device
04-23 10:48:56.390 15393 15393 I CrashlyticsInitProvider: CrashlyticsInitProvider initialization successful
04-23 10:48:56.391 15296 15414 I DeviceDetector: Marked as a known non-bisto device
04-23 10:48:56.397 15296 15414 I DeviceDetector: Is not a headset device
04-23 10:48:56.400 15296 15414 I DeviceDetector: Is not a headset device
04-23 10:48:56.400 15418 15478 I AppMetrica: Activate AppMetrica with APIKey 6fedfed5-xxxx-xxxx-xxxx-xxxxxxxx2014
04-23 10:48:56.403 15393 15469 I System.out: [socket][0] connection settings.crashlytics.com/74.125.205.94:443;LocalPort=-1(10000)
04-23 10:48:56.405 15296 15414 I DeviceDetector: Is not a headset device
04-23 10:48:56.408 15296 15414 I DeviceDetector: Is not a headset device
04-23 10:48:56.411 15296 15414 I DeviceDetector: Marked as a known non-bisto device
04-23 10:48:56.414 15296 15414 I DeviceDetector: Is not a headset device
04-23 10:48:56.451 15393 15469 I System.out: [socket][/10.130.168.179:41941] connected
04-23 10:48:56.465  1302  1403 D AutoBrightnessLenovo.LightSensorSample: onSensorChanged: lux = 201.0
04-23 10:48:56.480  1302  9792 V RestrictedPackageService: filterBroadcastReceiver for com.google.android.gms.gcm.ACTION_SCHEDULE
04-23 10:48:56.487  1302  2751 V RestrictedPackageService: filterBroadcastReceiver for com.google.android.gms.gcm.ACTION_SCHEDULE
04-23 10:48:56.562 15418 15430 W art     : Suspending all threads took: 7.830ms
04-23 10:48:56.591 15120 15493 I DpmTcmClient: RegisterTcmMonitor from: com.android.okhttp.TcmIdleTimerMonitor
04-23 10:48:56.607 15120 15493 I System.out: [socket][0] connection clickstream.online.sberbank.ru/185.157.97.48:8097;LocalPort=-1(30000)
04-23 10:48:56.611 15418 15418 V FA      : Registered activity lifecycle callback
04-23 10:48:56.650 15393 15461 V FA      : App measurement collection enabled
04-23 10:48:56.651 15393 15461 V FA      : App measurement enabled for app package, google app id: club.rentmee.apps, 1:377408622890:android:95433d64129b4bde
04-23 10:48:56.651 15393 15469 E Fabric  : Failed to retrieve settings from https://settings.crashlytics.com/spi/v2/platforms/android/apps/club.rentmee.apps/settings
04-23 10:48:56.655 15120 15493 I System.out: [socket][/10.130.168.179:33931] connected
04-23 10:48:56.656 15393 15461 I FA      : App measurement initialized, version: 22048
04-23 10:48:56.656 15393 15461 I FA      : To enable debug logging run: adb shell setprop log.tag.FA VERBOSE
04-23 10:48:56.656 15393 15461 I FA      : To enable faster debug mode event logging run:
04-23 10:48:56.656 15393 15461 I FA      :   adb shell setprop debug.firebase.analytics.app club.rentmee.apps
04-23 10:48:56.656 15393 15461 D FA      : Debug-level message logging enabled
04-23 10:48:56.674  1302  1403 D AutoBrightnessLenovo.LightSensorSample: onSensorChanged: lux = 214.0
04-23 10:48:56.696 15393 15461 V FA      : Connecting to remote service
04-23 10:48:56.700  1302  9796 I ActivityManager: Start proc 15532:com.microsoft.office.excel/u0a125 for broadcast com.microsoft.office.excel/com.microsoft.office.notification.SystemBroadcastReceiver
04-23 10:48:56.703 32696 14307 D FA-SVC  : Removing user property: ga_session_id(_sid)
04-23 10:48:56.704 15418 15418 I FirebaseCrashlytics: Initializing Crashlytics 17.0.0-beta02
04-23 10:48:56.705 32696 14307 D FA-SVC  : User property removed: ga_session_id(_sid)
04-23 10:48:56.730 15418 15510 V FA      : App measurement collection enabled
04-23 10:48:56.733 15418 15510 V FA      : App measurement enabled for app package, google app id: ru.auto.ara, 1:204978813929:android:5709ce0b9cdd91ba
04-23 10:48:56.733  1302  3265 I ActivityManager: Start proc 15551:ru.sberbankmobile:Metrica/u0a254 for service ru.sberbankmobile/com.yandex.metrica.MetricaService
04-23 10:48:56.734 32696 14307 D FA-SVC  : Removing user property: ga_session_number(_sno)
04-23 10:48:56.736 32696 14307 D FA-SVC  : User property removed: ga_session_number(_sno)
04-23 10:48:56.760 15418 15510 I FA      : App measurement initialized, version: 21028
04-23 10:48:56.760 15418 15510 I FA      : To enable debug logging run: adb shell setprop log.tag.FA VERBOSE
04-23 10:48:56.760 15418 15510 I FA      : To enable faster debug mode event logging run:
04-23 10:48:56.760 15418 15510 I FA      :   adb shell setprop debug.firebase.analytics.app ru.auto.ara
04-23 10:48:56.761 15418 15510 D FA      : Debug-level message logging enabled
04-23 10:48:56.766 15532 15532 D LenovoAppIconTheme: ExtraResources;cleanCachedIcon;clear cache..
04-23 10:48:56.769 15393 15461 V FA      : Connection attempt already in progress
04-23 10:48:56.770 15393 15461 D FA      : Connected to remote service
04-23 10:48:56.772 15393 15461 V FA      : Processing queued up service tasks: 2
04-23 10:48:56.780 15532 15532 I art     : Starting a blocking GC AddRemoveAppImageSpace
04-23 10:48:56.782 15551 15551 D LenovoAppIconTheme: ExtraResources;cleanCachedIcon;clear cache..
04-23 10:48:56.796 15418 15531 W FirebaseCrashlytics: No minidump data found for session 5EA1462003C6-0001-293D-CCF7D0810BC7
04-23 10:48:56.801 32696 14307 D FA-SVC  : Removing user property: session_user_engagement(_se)
04-23 10:48:56.803 32696 14307 D FA-SVC  : User property removed: session_user_engagement(_se)
04-23 10:48:56.828 15532 15532 I MAMInfo : MAMInfo initialized. Debug=false, UseTestAgent=false, ManagedDialogDisabled=false, DeprecationDialogDisabled=false, PolicyRequired=false, MultiIdentityEnabled=true, FullBackupContent=true, UseDefaultEnrollment=false, ExceptionOnInit=false, Debuggable=false
04-23 10:48:56.843 15418 15510 V FA      : Connecting to remote service
04-23 10:48:56.846 32696 14307 V FA-SVC  : Logging event: origin=app,name=Security_Background_Init,params=Bundle[{internal_source=organic, ga_event_origin(_o)=app, external_source=organic, Sdk_version=5.7.0.270}]
04-23 10:48:56.860 14818 14871 V FA      : Inactivity, disconnecting from the service
04-23 10:48:56.860 15418 15510 V FA      : Connection attempt already in progress
04-23 10:48:56.865  1302  1403 D AutoBrightnessLenovo.LightSensorSample: onSensorChanged: lux = 218.0
04-23 10:48:56.869 15532 15532 V FA      : Registered activity lifecycle callback
04-23 10:48:56.880 15418 15510 D FA      : Connected to remote service
04-23 10:48:56.882 15418 15510 V FA      : Processing queued up service tasks: 2
04-23 10:48:56.882 32696 14307 V FA-SVC  : Upload scheduled in approximately ms: 2631514
