04-23 10:48:58.978 15813 15813 I art     :   at void android.app.Instrumentation.callApplicationOnCreate(android.app.Application) (Instrumentation.java:1025)
04-23 10:48:58.978 15813 15813 I art     :   at void android.app.ActivityThread.handleBindApplication(android.app.ActivityThread$AppBindData) (ActivityThread.java:5380)
04-23 10:48:58.978 15813 15813 I art     :   at void android.app.ActivityThread.-wrap2(android.app.ActivityThread, android.app.ActivityThread$AppBindData) (ActivityThread.java:-1)
04-23 10:48:58.978 15813 15813 I art     :   at void android.app.ActivityThread$H.handleMessage(android.os.Message) (ActivityThread.java:1534)
04-23 10:48:58.978 15813 15813 I art     :   at void android.os.Handler.dispatchMessage(android.os.Message) (Handler.java:102)
04-23 10:48:58.978 15813 15813 I art     :   at void android.os.Looper.loop() (Looper.java:154)
04-23 10:48:58.978 15813 15813 I art     :   at void android.app.ActivityThread.main(java.lang.String[]) (ActivityThread.java:6111)
04-23 10:48:58.978 15813 15813 I art     :   at java.lang.Object java.lang.reflect.Method.invoke!(java.lang.Object, java.lang.Object[]) (Method.java:-2)
04-23 10:48:58.978 15813 15813 I art     :   at void com.android.internal.os.ZygoteInit$MethodAndArgsCaller.run() (ZygoteInit.java:865)
04-23 10:48:58.978 15813 15813 I art     :   at void com.android.internal.os.ZygoteInit.main(java.lang.String[]) (ZygoteInit.java:755)
04-23 10:48:58.978 15813 15813 I art     : 
04-23 10:48:58.978 15813 15813 I art     : Rejecting re-init on previously-failed class java.lang.Class<t.i.e.f$f>: java.lang.NoClassDefFoundError: Failed resolution of: Landroid/app/job/JobServiceEngine;
04-23 10:48:58.978 15813 15813 I art     :   at void com.yandex.metrica.push.impl.f.a() (SourceFile:16)
04-23 10:48:58.978 15813 15813 I art     :   at void com.yandex.metrica.push.YandexMetricaPush.a(android.content.Context) (SourceFile:5)
04-23 10:48:58.978 15813 15813 I art     :   at void ru.tele2.mytele2.app.ProdAppDelegate.d() (SourceFile:1)
04-23 10:48:58.978 15813 15813 I art     :   at void d.a.a.g.a.onCreate() (SourceFile:21)
04-23 10:48:58.978 15813 15813 I art     :   at void android.app.Instrumentation.callApplicationOnCreate(android.app.Application) (Instrumentation.java:1025)
04-23 10:48:58.978 15813 15813 I art     :   at void android.app.ActivityThread.handleBindApplication(android.app.ActivityThread$AppBindData) (ActivityThread.java:5380)
04-23 10:48:58.978 15813 15813 I art     :   at void android.app.ActivityThread.-wrap2(android.app.ActivityThread, android.app.ActivityThread$AppBindData) (ActivityThread.java:-1)
04-23 10:48:58.978 15813 15813 I art     :   at void android.app.ActivityThread$H.handleMessage(android.os.Message) (ActivityThread.java:1534)
04-23 10:48:58.978 15813 15813 I art     :   at void android.os.Handler.dispatchMessage(android.os.Message) (Handler.java:102)
04-23 10:48:58.978 15813 15813 I art     :   at void android.os.Looper.loop() (Looper.java:154)
04-23 10:48:58.978 15813 15813 I art     :   at void android.app.ActivityThread.main(java.lang.String[]) (ActivityThread.java:6111)
04-23 10:48:58.978 15813 15813 I art     :   at java.lang.Object java.lang.reflect.Method.invoke!(java.lang.Object, java.lang.Object[]) (Method.java:-2)
04-23 10:48:58.978 15813 15813 I art     :   at void com.android.internal.os.ZygoteInit$MethodAndArgsCaller.run() (ZygoteInit.java:865)
04-23 10:48:58.978 15813 15813 I art     :   at void com.android.internal.os.ZygoteInit.main(java.lang.String[]) (ZygoteInit.java:755)
04-23 10:48:58.978 15813 15813 I art     : Caused by: java.lang.ClassNotFoundException: Didn't find class "android.app.job.JobServiceEngine" on path: DexPathList[[zip file "/data/app/ru.tele2.mytele2-1/base.apk"],nativeLibraryDirectories=[/data/app/ru.tele2.mytele2-1/lib/arm64, /data/app/ru.tele2.mytele2-1/base.apk!/lib/arm64-v8a, /system/lib64, /vendor/lib64]]
04-23 10:48:58.978 15813 15813 I art     :   at java.lang.Class dalvik.system.BaseDexClassLoader.findClass(java.lang.String) (BaseDexClassLoader.java:56)
04-23 10:48:58.979 15813 15813 I art     :   at java.lang.Class java.lang.ClassLoader.loadClass(java.lang.String, boolean) (ClassLoader.java:380)
04-23 10:48:58.979 15813 15813 I art     :   at java.lang.Class java.lang.ClassLoader.loadClass(java.lang.String) (ClassLoader.java:312)
04-23 10:48:58.979 15813 15813 I art     :   at void com.yandex.metrica.push.impl.f.a() (SourceFile:16)
04-23 10:48:58.979 15813 15813 I art     :   at void com.yandex.metrica.push.YandexMetricaPush.a(android.content.Context) (SourceFile:5)
04-23 10:48:58.979 15813 15813 I art     :   at void ru.tele2.mytele2.app.ProdAppDelegate.d() (SourceFile:1)
04-23 10:48:58.979 15813 15813 I art     :   at void d.a.a.g.a.onCreate() (SourceFile:21)
04-23 10:48:58.979 15813 15813 I art     :   at void android.app.Instrumentation.callApplicationOnCreate(android.app.Application) (Instrumentation.java:1025)
04-23 10:48:58.979 15813 15813 I art     :   at void android.app.ActivityThread.handleBindApplication(android.app.ActivityThread$AppBindData) (ActivityThread.java:5380)
04-23 10:48:58.979 15813 15813 I art     :   at void android.app.ActivityThread.-wrap2(android.app.ActivityThread, android.app.ActivityThread$AppBindData) (ActivityThread.java:-1)
04-23 10:48:58.979 15813 15813 I art     :   at void android.app.ActivityThread$H.handleMessage(android.os.Message) (ActivityThread.java:1534)
04-23 10:48:58.979 15813 15813 I art     :   at void android.os.Handler.dispatchMessage(android.os.Message) (Handler.java:102)
04-23 10:48:58.979 15813 15813 I art     :   at void android.os.Looper.loop() (Looper.java:154)
04-23 10:48:58.979 15813 15813 I art     :   at void android.app.ActivityThread.main(java.lang.String[]) (ActivityThread.java:6111)
04-23 10:48:58.979 15813 15813 I art     :   at java.lang.Object java.lang.reflect.Method.invoke!(java.lang.Object, java.lang.Object[]) (Method.java:-2)
04-23 10:48:58.979 15813 15813 I art     :   at void com.android.internal.os.ZygoteInit$MethodAndArgsCaller.run() (ZygoteInit.java:865)
04-23 10:48:58.979 15813 15813 I art     :   at void com.android.internal.os.ZygoteInit.main(java.lang.String[]) (ZygoteInit.java:755)
04-23 10:48:58.979 15813 15813 I art     : 
04-23 10:48:58.983 15890 15890 I MultiDex: VM with version 2.1.0 has multidex support
04-23 10:48:58.984 15890 15890 I MultiDex: Installing application
04-23 10:48:58.984 15890 15890 I MultiDex: VM has multidex support, MultiDex support library is disabled.
04-23 10:48:58.987  1302  2595 D PowerManagerService: acquireWakeLockInternal: lock=192428496, flags=0x1, tag="com.yandex.metrica.push.PushService:launch", ws=null, uid=10118, pid=15813
04-23 10:48:58.987  1302  2595 D PowerManagerService: updateWakeLockSummaryLocked: mWakefulness=Awake, mWakeLockSummary=0x1
04-23 10:48:58.987  1302  2595 D PowerManagerService: updateUserActivitySummaryLocked: mWakefulness=Awake, mUserActivitySummary=0x1, nextTimeout=859211941 (in 1791977 ms)
04-23 10:48:58.987  1302  2595 D PowerManagerService: updateDisplayPowerStateLocked: mDisplayReady=true, policy=3, mWakefulness=1, mWakeLockSummary=0x1, mUserActivitySummary=0x1, mBootCompleted=true, mScreenBrightnessBoostInProgress=false
04-23 10:48:59.004 15813 15844 V FA      : Collection enabled
04-23 10:48:59.004 15813 15844 V FA      : App package, google app id: ru.tele2.mytele2, 1:190769603481:android:9f16d1f3ec9606d7
04-23 10:48:59.009 15813 15844 I FA      : App measurement is starting up, version: 18202
04-23 10:48:59.009 15813 15844 I FA      : To enable debug logging run: adb shell setprop log.tag.FA VERBOSE
04-23 10:48:59.009 15813 15844 I FA      : To enable faster debug mode event logging run:
04-23 10:48:59.009 15813 15844 I FA      :   adb shell setprop debug.firebase.analytics.app ru.tele2.mytele2
04-23 10:48:59.009 15813 15844 D FA      : Debug-level message logging enabled
04-23 10:48:59.048  1302  9795 D PowerManagerService: acquireWakeLockInternal: lock=179187145, flags=0x1, tag="com.yandex.metrica.push.PushService:run", ws=null, uid=10118, pid=15813
04-23 10:48:59.048  1302  9795 D PowerManagerService: updateWakeLockSummaryLocked: mWakefulness=Awake, mWakeLockSummary=0x1
04-23 10:48:59.048  1302  9795 D PowerManagerService: updateUserActivitySummaryLocked: mWakefulness=Awake, mUserActivitySummary=0x1, nextTimeout=859211941 (in 1791916 ms)
04-23 10:48:59.048  1302  9795 D PowerManagerService: updateDisplayPowerStateLocked: mDisplayReady=true, policy=3, mWakefulness=1, mWakeLockSummary=0x1, mUserActivitySummary=0x1, mBootCompleted=true, mScreenBrightnessBoostInProgress=false
04-23 10:48:59.049  1302  2603 D PowerManagerService: releaseWakeLockInternal: lock=192428496 [com.yandex.metrica.push.PushService:launch], flags=0x0
04-23 10:48:59.049  1302  2603 D PowerManagerService: updateWakeLockSummaryLocked: mWakefulness=Awake, mWakeLockSummary=0x1
04-23 10:48:59.049  1302  2603 D PowerManagerService: updateUserActivitySummaryLocked: mWakefulness=Awake, mUserActivitySummary=0x1, nextTimeout=859211941 (in 1791915 ms)
04-23 10:48:59.049  1302  2603 D PowerManagerService: updateDisplayPowerStateLocked: mDisplayReady=true, policy=3, mWakefulness=1, mWakeLockSummary=0x1, mUserActivitySummary=0x1, mBootCompleted=true, mScreenBrightnessBoostInProgress=false
04-23 10:48:59.055 15813 15844 V FA      : Connecting to remote service
04-23 10:48:59.064  1302  1403 D AutoBrightnessLenovo.LightSensorSample: onSensorChanged: lux = 192.0
04-23 10:48:59.077 15813 15844 V FA      : Connection attempt already in progress
04-23 10:48:59.077 15813 15844 D FA      : Connected to remote service
04-23 10:48:59.078 15813 15844 V FA      : Processing queued up service tasks: 2
04-23 10:48:59.112  1302  3225 D PowerManagerService: releaseWakeLockInternal: lock=179187145 [com.yandex.metrica.push.PushService:run], flags=0x0
04-23 10:48:59.113  1302  3225 D PowerManagerService: updateWakeLockSummaryLocked: mWakefulness=Awake, mWakeLockSummary=0x1
04-23 10:48:59.113  1302  3225 D PowerManagerService: updateUserActivitySummaryLocked: mWakefulness=Awake, mUserActivitySummary=0x1, nextTimeout=859211941 (in 1791852 ms)
04-23 10:48:59.113  1302  3225 D PowerManagerService: updateDisplayPowerStateLocked: mDisplayReady=true, policy=3, mWakefulness=1, mWakeLockSummary=0x1, mUserActivitySummary=0x1, mBootCompleted=true, mScreenBrightnessBoostInProgress=false
04-23 10:48:59.118 15890 15913 I AppMetrica: Initializing of Metrica, Release type, Version 3.8.0, API Level 85, Dated 08.10.2019.
04-23 10:48:59.120  1302  2074 D PowerManagerService: acquireWakeLockInternal: lock=174282712, flags=0x1, tag="*gms_scheduler*:internal", ws=WorkSource{10010 com.google.android.gms}, uid=10010, pid=14285
04-23 10:48:59.120  1302  2074 D PowerManagerService: updateWakeLockSummaryLocked: mWakefulness=Awake, mWakeLockSummary=0x1
04-23 10:48:59.120  1302  2074 D PowerManagerService: updateUserActivitySummaryLocked: mWakefulness=Awake, mUserActivitySummary=0x1, nextTimeout=859211941 (in 1791845 ms)
04-23 10:48:59.120  1302  2074 D PowerManagerService: updateDisplayPowerStateLocked: mDisplayReady=true, policy=3, mWakefulness=1, mWakeLockSummary=0x1, mUserActivitySummary=0x1, mBootCompleted=true, mScreenBrightnessBoostInProgress=false
04-23 10:48:59.148 15890 15916 I art     : Rejecting re-init on previously-failed class java.lang.Class<u.h.a.a.j0.l>: java.lang.NoClassDefFoundError: Failed resolution of: Landroid/telephony/TelephonyManager$CellInfoCallback;
04-23 10:48:59.148 15890 15916 I art     :   at int u.f.a.d.f.i.isGooglePlayServicesAvailable(android.content.Context, int) (SourceFile:12)
04-23 10:48:59.148 15890 15916 I art     :   at int u.f.a.d.f.i.isGooglePlayServicesAvailable(android.content.Context) (SourceFile:1)
04-23 10:48:59.148 15890 15916 I art     :   at int com.google.android.gms.common.GooglePlayServicesUtil.isGooglePlayServicesAvailable(android.content.Context) (SourceFile:1)
04-23 10:48:59.148 15890 15916 I art     :   at java.lang.Object java.lang.reflect.Method.invoke!(java.lang.Object, java.lang.Object[]) (Method.java:-2)
04-23 10:48:59.148 15890 15916 I art     :   at boolean com.yandex.metrica.impl.ac.a.d(android.content.Context) (SourceFile:6)
04-23 10:48:59.148 15890 15916 I art     :   at boolean com.yandex.metrica.impl.ac.a.a(com.yandex.metrica.impl.ac.a, android.content.Context) (SourceFile:3)
04-23 10:48:59.148 15890 15916 I art     :   at android.util.Pair com.yandex.metrica.impl.ac.a$2.a() (SourceFile:2)
04-23 10:48:59.148 15890 15916 I art     :   at java.lang.Object com.yandex.metrica.impl.ac.a$2.call() (SourceFile:1)
04-23 10:48:59.148 15890 15916 I art     :   at void java.util.concurrent.FutureTask.run() (FutureTask.java:237)
04-23 10:48:59.148 15890 15916 I art     :   at void android.os.Handler.handleCallback(android.os.Message) (Handler.java:751)
04-23 10:48:59.148 15890 15916 I art     :   at void android.os.Handler.dispatchMessage(android.os.Message) (Handler.java:95)
04-23 10:48:59.148 15890 15916 I art     :   at void android.os.Looper.loop() (Looper.java:154)
04-23 10:48:59.148 15890 15916 I art     :   at void android.os.HandlerThread.run() (HandlerThread.java:61)
04-23 10:48:59.148 15890 15916 I art     : Caused by: java.lang.ClassNotFoundException: Didn't find class "android.telephony.TelephonyManager$CellInfoCallback" on path: DexPathList[[zip file "/data/app/ru.tele2.mytele2-1/base.apk"],nativeLibraryDirectories=[/data/app/ru.tele2.mytele2-1/lib/arm64, /data/app/ru.tele2.mytele2-1/base.apk!/lib/arm64-v8a, /system/lib64, /vendor/lib64]]
04-23 10:48:59.148 15890 15916 I art     :   at java.lang.Class dalvik.system.BaseDexClassLoader.findClass(java.lang.String) (BaseDexClassLoader.java:56)
04-23 10:48:59.148 15890 15916 I art     :   at java.lang.Class java.lang.ClassLoader.loadClass(java.lang.String, boolean) (ClassLoader.java:380)
04-23 10:48:59.148 15890 15916 I art     :   at java.lang.Class java.lang.ClassLoader.loadClass(java.lang.String) (ClassLoader.java:312)
04-23 10:48:59.148 15890 15916 I art     :   at int u.f.a.d.f.i.isGooglePlayServicesAvailable(android.content.Context, int) (SourceFile:12)
04-23 10:48:59.148 15890 15916 I art     :   at int u.f.a.d.f.i.isGooglePlayServicesAvailable(android.content.Context) (SourceFile:1)
04-23 10:48:59.148 15890 15916 I art     :   at int com.google.android.gms.common.GooglePlayServicesUtil.isGooglePlayServicesAvailable(android.content.Context) (SourceFile:1)
04-23 10:48:59.148 15890 15916 I art     :   at java.lang.Object java.lang.reflect.Method.invoke!(java.lang.Object, java.lang.Object[]) (Method.java:-2)
04-23 10:48:59.148 15890 15916 I art     :   at boolean com.yandex.metrica.impl.ac.a.d(android.content.Context) (SourceFile:6)
04-23 10:48:59.148 15890 15916 I art     :   at boolean com.yandex.metrica.impl.ac.a.a(com.yandex.metrica.impl.ac.a, android.content.Context) (SourceFile:3)
04-23 10:48:59.148 15890 15916 I art     :   at android.util.Pair com.yandex.metrica.impl.ac.a$2.a() (SourceFile:2)
04-23 10:48:59.148 15890 15916 I art     :   at java.lang.Object com.yandex.metrica.impl.ac.a$2.call() (SourceFile:1)
04-23 10:48:59.148 15890 15916 I art     :   at void java.util.concurrent.FutureTask.run() (FutureTask.java:237)
04-23 10:48:59.148 15890 15916 I art     :   at void android.os.Handler.handleCallback(android.os.Message) (Handler.java:751)
04-23 10:48:59.148 15890 15916 I art     :   at void android.os.Handler.dispatchMessage(android.os.Message) (Handler.java:95)
04-23 10:48:59.148 15890 15916 I art     :   at void android.os.Looper.loop() (Looper.java:154)
04-23 10:48:59.148 15890 15916 I art     :   at void android.os.HandlerThread.run() (HandlerThread.java:61)
04-23 10:48:59.148 15890 15916 I art     : 
04-23 10:48:59.177 14285 15054 E ExecutionCriteria: Package unavailable for task: org.speedspot.speedanalytics/com.firebase.jobdispatcher.GooglePlayReceiver{u=0 tag="X_TECH_TOWER" trigger=window{start=1440s,end=2160s,earliest=-33612430s,latest=-33611710s} requirements=[NET_ANY] attributes=[PERSISTED,RECURRING] scheduled=-33613870s last_run=N/A jid=N/A status=PENDING retries=0 client_lib=FIREBASE_JOB_DISPATCHER-1}
04-23 10:48:59.178 14285 15054 E ExecutionCriteria: Package unavailable for task: org.speedspot.speedanalytics/com.firebase.jobdispatcher.GooglePlayReceiver{u=0 tag="X_LOC_SCHED_REQ" trigger=window{start=43200s,end=129600s,earliest=-33612430s,latest=-33526030s} requirements=[NET_ANY] attributes=[PERSISTED,RECURRING] scheduled=-33655630s last_run=N/A jid=N/A status=PENDING retries=0 client_lib=FIREBASE_JOB_DISPATCHER-1}
04-23 10:48:59.191  1302  2595 D PowerManagerService: releaseWakeLockInternal: lock=174282712 [*gms_scheduler*:internal], flags=0x0
04-23 10:48:59.192  1302  2595 D PowerManagerService: updateWakeLockSummaryLocked: mWakefulness=Awake, mWakeLockSummary=0x1
04-23 10:48:59.192  1302  2595 D PowerManagerService: updateUserActivitySummaryLocked: mWakefulness=Awake, mUserActivitySummary=0x1, nextTimeout=859211941 (in 1791773 ms)
04-23 10:48:59.192  1302  2595 D PowerManagerService: updateDisplayPowerStateLocked: mDisplayReady=true, policy=3, mWakefulness=1, mWakeLockSummary=0x1, mUserActivitySummary=0x1, mBootCompleted=true, mScreenBrightnessBoostInProgress=false
04-23 10:48:59.203 14653 14711 I ShortcutBadger: Checking if platform supports badge counters, attempt 1/3.
04-23 10:48:59.205  1302  2598 D PowerManagerService: acquireWakeLockInternal: lock=174282712, flags=0x1, tag="*gms_scheduler*:internal", ws=WorkSource{10010 com.google.android.gms}, uid=10010, pid=14285
04-23 10:48:59.205  1302  2598 D PowerManagerService: updateWakeLockSummaryLocked: mWakefulness=Awake, mWakeLockSummary=0x1
04-23 10:48:59.205  1302  2598 D PowerManagerService: updateUserActivitySummaryLocked: mWakefulness=Awake, mUserActivitySummary=0x1, nextTimeout=859211941 (in 1791760 ms)
04-23 10:48:59.205  1302  2598 D PowerManagerService: updateDisplayPowerStateLocked: mDisplayReady=true, policy=3, mWakefulness=1, mWakeLockSummary=0x1, mUserActivitySummary=0x1, mBootCompleted=true, mScreenBrightnessBoostInProgress=false
04-23 10:48:59.217 14653 14705 I Finsky  : [12028] ebj.run(3): Initializing the instant apps module.
04-23 10:48:59.236 14285 15054 E ExecutionCriteria: Package unavailable for task: org.speedspot.speedanalytics/com.firebase.jobdispatcher.GooglePlayReceiver{u=0 tag="X_TECH_TOWER" trigger=window{start=1440s,end=2160s,earliest=-33612430s,latest=-33611710s} requirements=[NET_ANY] attributes=[PERSISTED,RECURRING] scheduled=-33613870s last_run=N/A jid=N/A status=PENDING retries=0 client_lib=FIREBASE_JOB_DISPATCHER-1}
04-23 10:48:59.237 14285 15054 E ExecutionCriteria: Package unavailable for task: org.speedspot.speedanalytics/com.firebase.jobdispatcher.GooglePlayReceiver{u=0 tag="X_LOC_SCHED_REQ" trigger=window{start=43200s,end=129600s,earliest=-33612430s,latest=-33526030s} requirements=[NET_ANY] attributes=[PERSISTED,RECURRING] scheduled=-33655630s last_run=N/A jid=N/A status=PENDING retries=0 client_lib=FIREBASE_JOB_DISPATCHER-1}
04-23 10:48:59.240 14653 14712 I Finsky  : [12031] hlk.a(19): No selector loaded
04-23 10:48:59.248 14653 14809 I Finsky  : [12069] sik.c(1): Triggered update for experiment package com.google.android.finsky.stable.
04-23 10:48:59.252 14653 14711 I ShortcutBadger: Checking if platform supports badge counters, attempt 2/3.
04-23 10:48:59.258 14653 14711 I ShortcutBadger: Checking if platform supports badge counters, attempt 3/3.
04-23 10:48:59.261  1302  9794 D PowerManagerService: releaseWakeLockInternal: lock=174282712 [*gms_scheduler*:internal], flags=0x0
04-23 10:48:59.261  1302  9794 D PowerManagerService: updateWakeLockSummaryLocked: mWakefulness=Awake, mWakeLockSummary=0x1
04-23 10:48:59.261  1302  9794 D PowerManagerService: updateUserActivitySummaryLocked: mWakefulness=Awake, mUserActivitySummary=0x1, nextTimeout=859211941 (in 1791704 ms)
04-23 10:48:59.261  1302  9794 D PowerManagerService: updateDisplayPowerStateLocked: mDisplayReady=true, policy=3, mWakefulness=1, mWakeLockSummary=0x1, mUserActivitySummary=0x1, mBootCompleted=true, mScreenBrightnessBoostInProgress=false
04-23 10:48:59.265  1302  1403 D AutoBrightnessLenovo.LightSensorSample: onSensorChanged: lux = 195.0
04-23 10:48:59.270 14653 14711 W ShortcutBadger: Badge counter seems not supported in this platform: unable to resolve intent: Intent { act=android.intent.action.BADGE_COUNT_UPDATE (has extras) }
04-23 10:48:59.272  1302  2603 D PowerManagerService: acquireWakeLockInternal: lock=174282712, flags=0x1, tag="*gms_scheduler*:internal", ws=WorkSource{10010 com.google.android.gms}, uid=10010, pid=14285
04-23 10:48:59.272  1302  2603 D PowerManagerService: updateWakeLockSummaryLocked: mWakefulness=Awake, mWakeLockSummary=0x1
04-23 10:48:59.272  1302  2603 D PowerManagerService: updateUserActivitySummaryLocked: mWakefulness=Awake, mUserActivitySummary=0x1, nextTimeout=859211941 (in 1791692 ms)
04-23 10:48:59.272  1302  2603 D PowerManagerService: updateDisplayPowerStateLocked: mDisplayReady=true, policy=3, mWakefulness=1, mWakeLockSummary=0x1, mUserActivitySummary=0x1, mBootCompleted=true, mScreenBrightnessBoostInProgress=false
04-23 10:48:59.276 32696 11959 I Icing   : Indexing com.google.android.gms-apps from com.google.android.gms
04-23 10:48:59.280 14285 15054 E ExecutionCriteria: Package unavailable for task: org.speedspot.speedanalytics/com.firebase.jobdispatcher.GooglePlayReceiver{u=0 tag="X_TECH_TOWER" trigger=window{start=1440s,end=2160s,earliest=-33612430s,latest=-33611710s} requirements=[NET_ANY] attributes=[PERSISTED,RECURRING] scheduled=-33613870s last_run=N/A jid=N/A status=PENDING retries=0 client_lib=FIREBASE_JOB_DISPATCHER-1}
04-23 10:48:59.282 14285 15054 E ExecutionCriteria: Package unavailable for task: org.speedspot.speedanalytics/com.firebase.jobdispatcher.GooglePlayReceiver{u=0 tag="X_LOC_SCHED_REQ" trigger=window{start=43200s,end=129600s,earliest=-33612430s,latest=-33526030s} requirements=[NET_ANY] attributes=[PERSISTED,RECURRING] scheduled=-33655630s last_run=N/A jid=N/A status=PENDING retries=0 client_lib=FIREBASE_JOB_DISPATCHER-1}
04-23 10:48:59.286 14653 14809 I DpmTcmClient: RegisterTcmMonitor from: org.apache.http.impl.conn.TcmIdleTimerMonitor
04-23 10:48:59.293 14653 14711 I Finsky  : [12030] abqe.f(2): Restoring notifications
04-23 10:48:59.297 14653 14711 I Finsky  : [12030] abqe.f(6): Done restoring notifications
04-23 10:48:59.328  1302  2593 D PowerManagerService: releaseWakeLockInternal: lock=174282712 [*gms_scheduler*:internal], flags=0x0
04-23 10:48:59.328  1302  2593 D PowerManagerService: updateWakeLockSummaryLocked: mWakefulness=Awake, mWakeLockSummary=0x1
04-23 10:48:59.328  1302  2593 D PowerManagerService: updateUserActivitySummaryLocked: mWakefulness=Awake, mUserActivitySummary=0x1, nextTimeout=859211941 (in 1791637 ms)
04-23 10:48:59.328  1302  2593 D PowerManagerService: updateDisplayPowerStateLocked: mDisplayReady=true, policy=3, mWakefulness=1, mWakeLockSummary=0x1, mUserActivitySummary=0x1, mBootCompleted=true, mScreenBrightnessBoostInProgress=false
04-23 10:48:59.346  1302  1751 D PowerManagerService: acquireWakeLockInternal: lock=174282712, flags=0x1, tag="*gms_scheduler*:internal", ws=WorkSource{10010 com.google.android.gms}, uid=10010, pid=14285
04-23 10:48:59.346  1302  1751 D PowerManagerService: updateWakeLockSummaryLocked: mWakefulness=Awake, mWakeLockSummary=0x1
04-23 10:48:59.346  1302  1751 D PowerManagerService: updateUserActivitySummaryLocked: mWakefulness=Awake, mUserActivitySummary=0x1, nextTimeout=859211941 (in 1791619 ms)
04-23 10:48:59.346  1302  1751 D PowerManagerService: updateDisplayPowerStateLocked: mDisplayReady=true, policy=3, mWakefulness=1, mWakeLockSummary=0x1, mUserActivitySummary=0x1, mBootCompleted=true, mScreenBrightnessBoostInProgress=false
04-23 10:48:59.352 32696 11959 I Icing   : Indexing done com.google.android.gms-apps
04-23 10:48:59.358  1302  3226 D PowerManagerService: releaseWakeLockInternal: lock=51272701 [Icing], flags=0x0
04-23 10:48:59.358  1302  3226 D PowerManagerService: updateWakeLockSummaryLocked: mWakefulness=Awake, mWakeLockSummary=0x1
04-23 10:48:59.358  1302  3226 D PowerManagerService: updateUserActivitySummaryLocked: mWakefulness=Awake, mUserActivitySummary=0x1, nextTimeout=859211941 (in 1791607 ms)
04-23 10:48:59.358  1302  3226 D PowerManagerService: updateDisplayPowerStateLocked: mDisplayReady=true, policy=3, mWakefulness=1, mWakeLockSummary=0x1, mUserActivitySummary=0x1, mBootCompleted=true, mScreenBrightnessBoostInProgress=false
04-23 10:48:59.364 14285 15054 E ExecutionCriteria: Package unavailable for task: org.speedspot.speedanalytics/com.firebase.jobdispatcher.GooglePlayReceiver{u=0 tag="X_TECH_TOWER" trigger=window{start=1440s,end=2160s,earliest=-33612430s,latest=-33611710s} requirements=[NET_ANY] attributes=[PERSISTED,RECURRING] scheduled=-33613870s last_run=N/A jid=N/A status=PENDING retries=0 client_lib=FIREBASE_JOB_DISPATCHER-1}
04-23 10:48:59.366 14285 15054 E ExecutionCriteria: Package unavailable for task: org.speedspot.speedanalytics/com.firebase.jobdispatcher.GooglePlayReceiver{u=0 tag="X_LOC_SCHED_REQ" trigger=window{start=43200s,end=129600s,earliest=-33612430s,latest=-33526030s} requirements=[NET_ANY] attributes=[PERSISTED,RECURRING] scheduled=-33655630s last_run=N/A jid=N/A status=PENDING retries=0 client_lib=FIREBASE_JOB_DISPATCHER-1}
04-23 10:48:59.376  1302  9795 D PowerManagerService: releaseWakeLockInternal: lock=174282712 [*gms_scheduler*:internal], flags=0x0
04-23 10:48:59.377  1302  9795 D PowerManagerService: updateWakeLockSummaryLocked: mWakefulness=Awake, mWakeLockSummary=0x1
04-23 10:48:59.377  1302  9795 D PowerManagerService: updateUserActivitySummaryLocked: mWakefulness=Awake, mUserActivitySummary=0x1, nextTimeout=859211941 (in 1791588 ms)
04-23 10:48:59.377  1302  9795 D PowerManagerService: updateDisplayPowerStateLocked: mDisplayReady=true, policy=3, mWakefulness=1, mWakeLockSummary=0x1, mUserActivitySummary=0x1, mBootCompleted=true, mScreenBrightnessBoostInProgress=false
04-23 10:48:59.389  1302  1654 D PowerManagerService: acquireWakeLockInternal: lock=130740844, flags=0x1, tag="*alarm*", ws=WorkSource{10010 com.google.android.gms, 10119 com.tripadvisor.tripadvisor, 10181 com.google.android.apps.walletnfcrel}, uid=1000, pid=1302
04-23 10:48:59.389  1302  1654 D PowerManagerService: updateWakeLockSummaryLocked: mWakefulness=Awake, mWakeLockSummary=0x1
04-23 10:48:59.389  1302  1654 D PowerManagerService: updateUserActivitySummaryLocked: mWakefulness=Awake, mUserActivitySummary=0x1, nextTimeout=859211941 (in 1791575 ms)
04-23 10:48:59.389  1302  1654 D PowerManagerService: updateDisplayPowerStateLocked: mDisplayReady=true, policy=3, mWakefulness=1, mWakeLockSummary=0x1, mUserActivitySummary=0x1, mBootCompleted=true, mScreenBrightnessBoostInProgress=false
04-23 10:48:59.393  1302  1751 D PowerManagerService: acquireWakeLockInternal: lock=160373642, flags=0x1, tag="GCoreFlp", ws=WorkSource{10010 com.google.android.gms}, uid=10010, pid=14285
04-23 10:48:59.394  1302  1751 D PowerManagerService: updateWakeLockSummaryLocked: mWakefulness=Awake, mWakeLockSummary=0x1
04-23 10:48:59.394  1302  1751 D PowerManagerService: updateUserActivitySummaryLocked: mWakefulness=Awake, mUserActivitySummary=0x1, nextTimeout=859211941 (in 1791571 ms)
04-23 10:48:59.394  1302  1751 D PowerManagerService: updateDisplayPowerStateLocked: mDisplayReady=true, policy=3, mWakefulness=1, mWakeLockSummary=0x1, mUserActivitySummary=0x1, mBootCompleted=true, mScreenBrightnessBoostInProgress=false
04-23 10:48:59.398  1302  3268 D PowerManagerService: releaseWakeLockInternal: lock=160373642 [GCoreFlp], flags=0x0
04-23 10:48:59.398  1302  3268 D PowerManagerService: updateWakeLockSummaryLocked: mWakefulness=Awake, mWakeLockSummary=0x1
04-23 10:48:59.398  1302  3268 D PowerManagerService: updateUserActivitySummaryLocked: mWakefulness=Awake, mUserActivitySummary=0x1, nextTimeout=859211941 (in 1791566 ms)
04-23 10:48:59.398  1302  3268 D PowerManagerService: updateDisplayPowerStateLocked: mDisplayReady=true, policy=3, mWakefulness=1, mWakeLockSummary=0x1, mUserActivitySummary=0x1, mBootCompleted=true, mScreenBrightnessBoostInProgress=false
04-23 10:48:59.401  1302  2300 D PowerManagerService: acquireWakeLockInternal: lock=51312123, flags=0x1, tag="CMWakeLock", ws=WorkSource{10053 com.google.android.googlequicksearchbox}, uid=10010, pid=14285
04-23 10:48:59.402  1302  2300 D PowerManagerService: updateWakeLockSummaryLocked: mWakefulness=Awake, mWakeLockSummary=0x1
04-23 10:48:59.402  1302  2300 D PowerManagerService: updateUserActivitySummaryLocked: mWakefulness=Awake, mUserActivitySummary=0x1, nextTimeout=859211941 (in 1791562 ms)
04-23 10:48:59.402  1302  2300 D PowerManagerService: updateDisplayPowerStateLocked: mDisplayReady=true, policy=3, mWakefulness=1, mWakeLockSummary=0x1, mUserActivitySummary=0x1, mBootCompleted=true, mScreenBrightnessBoostInProgress=false
04-23 10:48:59.403  1302  9791 D PowerManagerService: acquireWakeLockInternal: lock=125003288, flags=0x1, tag="GCoreFlp", ws=WorkSource{10119 com.tripadvisor.tripadvisor}, uid=10010, pid=14285
04-23 10:48:59.403  1302  9791 D PowerManagerService: updateWakeLockSummaryLocked: mWakefulness=Awake, mWakeLockSummary=0x1
04-23 10:48:59.403  1302  9791 D PowerManagerService: updateUserActivitySummaryLocked: mWakefulness=Awake, mUserActivitySummary=0x1, nextTimeout=859211941 (in 1791562 ms)
04-23 10:48:59.403  1302  9791 D PowerManagerService: updateDisplayPowerStateLocked: mDisplayReady=true, policy=3, mWakefulness=1, mWakeLockSummary=0x1, mUserActivitySummary=0x1, mBootCompleted=true, mScreenBrightnessBoostInProgress=false
04-23 10:48:59.404 14653 14686 I Finsky  : [12021] addb.a(10): Do not start WearSupportService due to Wear service optimization
04-23 10:48:59.408 14653 14712 I Finsky  : [12031] ebf.run(8): Component class com.google.android.finsky.wear.WearSupportService disabled via PackageManager.
04-23 10:48:59.410  1302  1320 D PowerManagerService: acquireWakeLockInternal: lock=63830129, flags=0x1, tag="GCoreFlp", ws=WorkSource{10010 com.google.android.gms, 10181 com.google.android.apps.walletnfcrel}, uid=10010, pid=14285
04-23 10:48:59.411  1302  1320 D PowerManagerService: updateWakeLockSummaryLocked: mWakefulness=Awake, mWakeLockSummary=0x1
04-23 10:48:59.411  1302  1320 D PowerManagerService: updateUserActivitySummaryLocked: mWakefulness=Awake, mUserActivitySummary=0x1, nextTimeout=859211941 (in 1791554 ms)
04-23 10:48:59.411  1302  1320 D PowerManagerService: updateDisplayPowerStateLocked: mDisplayReady=true, policy=3, mWakefulness=1, mWakeLockSummary=0x1, mUserActivitySummary=0x1, mBootCompleted=true, mScreenBrightnessBoostInProgress=false
04-23 10:48:59.411 14653 14712 I Finsky  : [12031] ebf.run(8): Component class com.google.android.finsky.wear.WearChangeListenerService disabled via PackageManager.
04-23 10:48:59.418  1302  2594 D PowerManagerService: releaseWakeLockInternal: lock=51312123 [CMWakeLock], flags=0x0
04-23 10:48:59.418  1302  2594 D PowerManagerService: updateWakeLockSummaryLocked: mWakefulness=Awake, mWakeLockSummary=0x1
04-23 10:48:59.419  1302  2594 D PowerManagerService: updateUserActivitySummaryLocked: mWakefulness=Awake, mUserActivitySummary=0x1, nextTimeout=859211941 (in 1791546 ms)
04-23 10:48:59.419  1302  2594 D PowerManagerService: updateDisplayPowerStateLocked: mDisplayReady=true, policy=3, mWakefulness=1, mWakeLockSummary=0x1, mUserActivitySummary=0x1, mBootCompleted=true, mScreenBrightnessBoostInProgress=false
04-23 10:48:59.423  1302  1345 I ActivityManager: Start proc 15955:com.tripadvisor.tripadvisor/u0a119 for broadcast com.tripadvisor.tripadvisor/com.foursquare.pilgrim.ReceiverPilgrimLocationClientFire
04-23 10:48:59.438  1302  3266 D PowerManagerService: acquireWakeLockInternal: lock=147547734, flags=0x1, tag="UlrDispSvcFastWL", ws=null, uid=10010, pid=14285
04-23 10:48:59.438  1302  3266 D PowerManagerService: updateWakeLockSummaryLocked: mWakefulness=Awake, mWakeLockSummary=0x1
04-23 10:48:59.438  1302  3266 D PowerManagerService: updateUserActivitySummaryLocked: mWakefulness=Awake, mUserActivitySummary=0x1, nextTimeout=859211941 (in 1791527 ms)
04-23 10:48:59.438  1302  3266 D PowerManagerService: updateDisplayPowerStateLocked: mDisplayReady=true, policy=3, mWakefulness=1, mWakeLockSummary=0x1, mUserActivitySummary=0x1, mBootCompleted=true, mScreenBrightnessBoostInProgress=false
04-23 10:48:59.439 14285 14285 I GeofencerStateMachine: sendNewTransitions called.
04-23 10:48:59.440  1302  9791 D PowerManagerService: releaseWakeLockInternal: lock=63830129 [GCoreFlp], flags=0x0
04-23 10:48:59.441  1302  9791 D PowerManagerService: updateWakeLockSummaryLocked: mWakefulness=Awake, mWakeLockSummary=0x1
04-23 10:48:59.442  1302  9791 D PowerManagerService: updateUserActivitySummaryLocked: mWakefulness=Awake, mUserActivitySummary=0x1, nextTimeout=859211941 (in 1791523 ms)
04-23 10:48:59.442  1302  9791 D PowerManagerService: updateDisplayPowerStateLocked: mDisplayReady=true, policy=3, mWakefulness=1, mWakeLockSummary=0x1, mUserActivitySummary=0x1, mBootCompleted=true, mScreenBrightnessBoostInProgress=false
04-23 10:48:59.442  1302  3225 D PowerManagerService: acquireWakeLockInternal: lock=72152791, flags=0x1, tag="Wakeful StateMachine: GeofencerStateMachine", ws=WorkSource{10010 com.google.android.gms}, uid=10010, pid=14285
04-23 10:48:59.442  1302  3225 D PowerManagerService: updateWakeLockSummaryLocked: mWakefulness=Awake, mWakeLockSummary=0x1
04-23 10:48:59.442  1302  3225 D PowerManagerService: updateUserActivitySummaryLocked: mWakefulness=Awake, mUserActivitySummary=0x1, nextTimeout=859211941 (in 1791523 ms)
04-23 10:48:59.442  1302  3225 D PowerManagerService: updateDisplayPowerStateLocked: mDisplayReady=true, policy=3, mWakefulness=1, mWakeLockSummary=0x1, mUserActivitySummary=0x1, mBootCompleted=true, mScreenBrightnessBoostInProgress=false
04-23 10:48:59.443  1302  2751 D PowerManagerService: releaseWakeLockInternal: lock=130740844 [*alarm*], flags=0x0
04-23 10:48:59.443  1302  2751 D PowerManagerService: updateWakeLockSummaryLocked: mWakefulness=Awake, mWakeLockSummary=0x1
04-23 10:48:59.443  1302  2751 D PowerManagerService: updateUserActivitySummaryLocked: mWakefulness=Awake, mUserActivitySummary=0x1, nextTimeout=859211941 (in 1791521 ms)
04-23 10:48:59.443  1302  2751 D PowerManagerService: updateDisplayPowerStateLocked: mDisplayReady=true, policy=3, mWakefulness=1, mWakeLockSummary=0x1, mUserActivitySummary=0x1, mBootCompleted=true, mScreenBrightnessBoostInProgress=false
04-23 10:48:59.463 14285 15410 I GCoreUlr: Successfully inserted 1 locations
04-23 10:48:59.465  1302  1403 D AutoBrightnessLenovo.LightSensorSample: onSensorChanged: lux = 202.0
04-23 10:48:59.467  1302  2598 D PowerManagerService: releaseWakeLockInternal: lock=147547734 [UlrDispSvcFastWL], flags=0x0
04-23 10:48:59.467  1302  2598 D PowerManagerService: updateWakeLockSummaryLocked: mWakefulness=Awake, mWakeLockSummary=0x1
04-23 10:48:59.467  1302  2598 D PowerManagerService: updateUserActivitySummaryLocked: mWakefulness=Awake, mUserActivitySummary=0x1, nextTimeout=859211941 (in 1791497 ms)
04-23 10:48:59.467  1302  2598 D PowerManagerService: updateDisplayPowerStateLocked: mDisplayReady=true, policy=3, mWakefulness=1, mWakeLockSummary=0x1, mUserActivitySummary=0x1, mBootCompleted=true, mScreenBrightnessBoostInProgress=false
04-23 10:48:59.475 15955 15955 D LenovoAppIconTheme: ExtraResources;cleanCachedIcon;clear cache..
04-23 10:48:59.511  1302  2603 D PowerManagerService: releaseWakeLockInternal: lock=72152791 [Wakeful StateMachine: GeofencerStateMachine], flags=0x0
04-23 10:48:59.512  1302  2603 D PowerManagerService: updateWakeLockSummaryLocked: mWakefulness=Awake, mWakeLockSummary=0x1
04-23 10:48:59.512  1302  2603 D PowerManagerService: updateUserActivitySummaryLocked: mWakefulness=Awake, mUserActivitySummary=0x1, nextTimeout=859211941 (in 1791452 ms)
04-23 10:48:59.512  1302  2603 D PowerManagerService: updateDisplayPowerStateLocked: mDisplayReady=true, policy=3, mWakefulness=1, mWakeLockSummary=0x1, mUserActivitySummary=0x1, mBootCompleted=true, mScreenBrightnessBoostInProgress=false
04-23 10:48:59.541 15955 15955 I art     : Starting a blocking GC AddRemoveAppImageSpace
04-23 10:48:59.609 15955 15955 W ResourceType: ResTable_typeSpec entry count inconsistent: given 15, previously 22
04-23 10:48:59.609 15955 15955 W ResourceType: ResTable_typeSpec entry count inconsistent: given 1595, previously 1624
04-23 10:48:59.610 15955 15955 W ResourceType: ResTable_typeSpec entry count inconsistent: given 24, previously 40
04-23 10:48:59.610 15955 15955 W ResourceType: ResTable_typeSpec entry count inconsistent: given 177, previously 1120
04-23 10:48:59.639 15955 15955 D NetworkSecurityConfig: Using Network Security Config from resource network_security_config debugBuild: false
04-23 10:48:59.665  1302  1403 D AutoBrightnessLenovo.LightSensorSample: onSensorChanged: lux = 195.0
04-23 10:48:59.674 14653 14809 I Finsky  : [12069] sik.c(7): Already at the latest configurations for experiment package com.google.android.finsky.stable.
04-23 10:48:59.678 14653 14838 I Finsky  : [12070] sik.c(1): Triggered update for experiment package com.google.android.finsky.regular.
04-23 10:48:59.686  1302  2279 D PowerManagerService: acquireWakeLockInternal: lock=61136944, flags=0x1, tag="com.evernote.android.job.JobRescheduleService:launch", ws=null, uid=10119, pid=15955
04-23 10:48:59.686  1302  2279 D PowerManagerService: updateWakeLockSummaryLocked: mWakefulness=Awake, mWakeLockSummary=0x1
04-23 10:48:59.686  1302  2279 D PowerManagerService: updateUserActivitySummaryLocked: mWakefulness=Awake, mUserActivitySummary=0x1, nextTimeout=859211941 (in 1791279 ms)
04-23 10:48:59.686  1302  2279 D PowerManagerService: updateDisplayPowerStateLocked: mDisplayReady=true, policy=3, mWakefulness=1, mWakeLockSummary=0x1, mUserActivitySummary=0x1, mBootCompleted=true, mScreenBrightnessBoostInProgress=false
04-23 10:48:59.776  1302  3225 D PowerManagerService: acquireWakeLockInternal: lock=260396011, flags=0x1, tag="fiid-sync", ws=null, uid=10119, pid=15955
04-23 10:48:59.776  1302  3225 D PowerManagerService: updateWakeLockSummaryLocked: mWakefulness=Awake, mWakeLockSummary=0x1
04-23 10:48:59.776  1302  3225 D PowerManagerService: updateUserActivitySummaryLocked: mWakefulness=Awake, mUserActivitySummary=0x1, nextTimeout=859211941 (in 1791188 ms)
04-23 10:48:59.776  1302  3225 D PowerManagerService: updateDisplayPowerStateLocked: mDisplayReady=true, policy=3, mWakefulness=1, mWakeLockSummary=0x1, mUserActivitySummary=0x1, mBootCompleted=true, mScreenBrightnessBoostInProgress=false
04-23 10:48:59.784  1302  2751 D PowerManagerService: releaseWakeLockInternal: lock=260396011 [fiid-sync], flags=0x0
04-23 10:48:59.784  1302  2751 D PowerManagerService: updateWakeLockSummaryLocked: mWakefulness=Awake, mWakeLockSummary=0x1
04-23 10:48:59.784  1302  2751 D PowerManagerService: updateUserActivitySummaryLocked: mWakefulness=Awake, mUserActivitySummary=0x1, nextTimeout=859211941 (in 1791181 ms)
04-23 10:48:59.784  1302  2751 D PowerManagerService: updateDisplayPowerStateLocked: mDisplayReady=true, policy=3, mWakefulness=1, mWakeLockSummary=0x1, mUserActivitySummary=0x1, mBootCompleted=true, mScreenBrightnessBoostInProgress=false
04-23 10:48:59.785 15955 15955 V FA      : Registered activity lifecycle callback
04-23 10:48:59.807  1302  1654 D PowerManagerService: acquireWakeLockInternal: lock=130740844, flags=0x1, tag="*alarm*", ws=WorkSource{10048}, uid=1000, pid=1302
04-23 10:48:59.807  1302  1654 D PowerManagerService: updateWakeLockSummaryLocked: mWakefulness=Awake, mWakeLockSummary=0x1
04-23 10:48:59.807  1302  1654 D PowerManagerService: updateUserActivitySummaryLocked: mWakefulness=Awake, mUserActivitySummary=0x1, nextTimeout=859211941 (in 1791157 ms)
04-23 10:48:59.808  1302  1654 D PowerManagerService: updateDisplayPowerStateLocked: mDisplayReady=true, policy=3, mWakefulness=1, mWakeLockSummary=0x1, mUserActivitySummary=0x1, mBootCompleted=true, mScreenBrightnessBoostInProgress=false
04-23 10:48:59.834  1302  1654 I ActivityManager: Start proc 15998:ru.yandex.weatherplugin:Metrica/u0a344 for service ru.yandex.weatherplugin/com.yandex.metrica.ConfigurationService
04-23 10:48:59.835  1302  1302 D PowerManagerService: updateWakeLockWorkSourceInternal: lock=130740844 [*alarm*], ws=WorkSource{10344}
04-23 10:48:59.835  1302  1302 D PowerManagerService: releaseWakeLockInternal: lock=130740844 [*alarm*], flags=0x0
04-23 10:48:59.835  1302  1302 D PowerManagerService: updateWakeLockSummaryLocked: mWakefulness=Awake, mWakeLockSummary=0x1
04-23 10:48:59.835  1302  1302 D PowerManagerService: updateUserActivitySummaryLocked: mWakefulness=Awake, mUserActivitySummary=0x1, nextTimeout=859211941 (in 1791129 ms)
04-23 10:48:59.835  1302  1302 D PowerManagerService: updateDisplayPowerStateLocked: mDisplayReady=true, policy=3, mWakefulness=1, mWakeLockSummary=0x1, mUserActivitySummary=0x1, mBootCompleted=true, mScreenBrightnessBoostInProgress=false
04-23 10:48:59.837 15955 15997 I DpmTcmClient: RegisterTcmMonitor from: com.android.okhttp.TcmIdleTimerMonitor
04-23 10:48:59.846 15955 15955 W ResourceType: For resource 0x7f050015, entry index(21) is beyond type entryCount(15)
04-23 10:48:59.849 14653 14838 I Finsky  : [12070] sik.c(7): Already at the latest configurations for experiment package com.google.android.finsky.regular.
04-23 10:48:59.850 15120 15487 E SQLiteLog: (283) recovered 206 frames from WAL file /data/user/0/ru.sberbankmobile/app_bases/d/persistent_q.db-wal
04-23 10:48:59.850 14653 14807 I Finsky  : [12068] sik.c(1): Triggered update for experiment package com.google.android.finsky.regular.
04-23 10:48:59.863  1302  1657 D InputReader: AP_PROF:AppLaunch_dispatchPtr:Down:857420839, ID:0
04-23 10:48:59.863  1302  1656 D InputDispatcher: dispatchMotion - eventTime=857420839373000, deviceId=9, source=0x1002, policyFlags=0x62000000, action=0x0, flags=0x0, downTime=857420839373000 
04-23 10:48:59.863  1302  1656 D PowerManagerService: userActivityNoUpdateLocked: eventTime=857420839, event=2, flags=0x0, uid=1000
04-23 10:48:59.863  1302  1656 D PowerManagerService: updateUserActivitySummaryLocked: mWakefulness=Awake, mUserActivitySummary=0x1, nextTimeout=859213839 (in 1792999 ms)
04-23 10:48:59.864  1302  1656 D PowerManagerService: updateDisplayPowerStateLocked: mDisplayReady=true, policy=3, mWakefulness=1, mWakeLockSummary=0x1, mUserActivitySummary=0x1, mBootCompleted=true, mScreenBrightnessBoostInProgress=false
04-23 10:48:59.864 15998 15998 D LenovoAppIconTheme: ExtraResources;cleanCachedIcon;clear cache..
04-23 10:48:59.864  1302  1403 D AutoBrightnessLenovo.LightSensorSample: onSensorChanged: lux = 198.0
04-23 10:48:59.934  1302  1657 D InputReader: AP_PROF:AppLaunch_dispatchPtr:Up:857420910, ID:0
04-23 10:48:59.934  1302  1656 D InputDispatcher: dispatchMotion - eventTime=857420910237000, deviceId=9, source=0x1002, policyFlags=0x62000000, action=0x1, flags=0x0, downTime=857420839373000 
04-23 10:48:59.937 15998 15998 I art     : Starting a blocking GC AddRemoveAppImageSpace
04-23 10:48:59.953 14653 14807 I Finsky  : [12068] sik.c(7): Already at the latest configurations for experiment package com.google.android.finsky.regular.
04-23 10:48:59.956 14653 14798 I Finsky  : [12065] sik.c(1): Triggered update for experiment package com.google.android.finsky.regular.
04-23 10:49:00.002  1302  1654 D PowerManagerService: acquireWakeLockInternal: lock=130740844, flags=0x40000001, tag="*alarm*", ws=WorkSource{1000}, uid=1000, pid=1302
04-23 10:49:00.002  1302  1654 D PowerManagerService: updateWakeLockSummaryLocked: mWakefulness=Awake, mWakeLockSummary=0x1
04-23 10:49:00.002  1302  1654 D PowerManagerService: updateUserActivitySummaryLocked: mWakefulness=Awake, mUserActivitySummary=0x1, nextTimeout=859213839 (in 1792860 ms)
04-23 10:49:00.002  1302  1654 D PowerManagerService: updateDisplayPowerStateLocked: mDisplayReady=true, policy=3, mWakefulness=1, mWakeLockSummary=0x1, mUserActivitySummary=0x1, mBootCompleted=true, mScreenBrightnessBoostInProgress=false
04-23 10:49:00.004  1797  1797 I lenovokeyguard.log: (1797.0/main/1.5)[LenovoAdapterQcom]{mBroadcastReceiver.onReceive}<Context com.android.systemui.SystemUIApplication@f15b2f5><Intent #Intent;action=android.intent.action.TIME_TICK;launchFlags=0x50000014;i.android.intent.extra.ALARM_COUNT=1;end>
04-23 10:49:00.004  1797  1797 I lenovokeyguard.log: (1797.0/main/1.5)[KeyguardUpdateMonitor]{onTimeChanged}
04-23 10:49:00.024 15998 15998 I MultiDex: VM with version 2.1.0 has multidex support
04-23 10:49:00.025 15998 15998 I MultiDex: Installing application
04-23 10:49:00.025 15998 15998 I MultiDex: VM has multidex support, MultiDex support library is disabled.
04-23 10:49:00.060 14653 14798 I Finsky  : [12065] sik.c(7): Already at the latest configurations for experiment package com.google.android.finsky.regular.
04-23 10:49:00.065  1302  1403 D AutoBrightnessLenovo.LightSensorSample: onSensorChanged: lux = 192.0
04-23 10:49:00.085  1302  9790 I ActivityManager: START u0 {act=com.google.android.exoplayer.demo.action.VIEW dat=https://storage.googleapis.com/... cmp=com.google.android.exoplayer2.demo/.PlayerActivity (has extras)} from uid 10425 on display 0
04-23 10:49:00.091  1302  9790 V WindowManager: Changing focus from Window{b434c1 u0 com.google.android.exoplayer2.demo/com.google.android.exoplayer2.demo.SampleChooserActivity} to null Callers=com.android.server.wm.WindowManagerService.setFocusedApp:4003 com.android.server.am.ActivityManagerService.setFocusedActivityLocked:3182 com.android.server.am.ActivityStarter.startActivityUnchecked:1357 com.android.server.am.ActivityStarter.startActivityLocked:657 
04-23 10:49:00.092  1302  1391 I WindowManager: Losing focus: Window{b434c1 u0 com.google.android.exoplayer2.demo/com.google.android.exoplayer2.demo.SampleChooserActivity}
04-23 10:49:00.092  1302  9790 D ActivityTrigger: ActivityTrigger activityPauseTrigger 
04-23 10:49:00.093  1302  9790 D PowerManagerService: acquireWakeLockInternal: lock=36982467, flags=0x1, tag="*launch*", ws=WorkSource{10425}, uid=1000, pid=1302
04-23 10:49:00.093  1302  9790 D PowerManagerService: updateWakeLockSummaryLocked: mWakefulness=Awake, mWakeLockSummary=0x1
04-23 10:49:00.093  1302  9790 D PowerManagerService: updateUserActivitySummaryLocked: mWakefulness=Awake, mUserActivitySummary=0x1, nextTimeout=859213839 (in 1792770 ms)
04-23 10:49:00.093  1302  9790 D PowerManagerService: updateDisplayPowerStateLocked: mDisplayReady=true, policy=3, mWakefulness=1, mWakeLockSummary=0x1, mUserActivitySummary=0x1, mBootCompleted=true, mScreenBrightnessBoostInProgress=false
04-23 10:49:00.096  1302  2074 I ActivityManager: Process ru.yandex.yandexmaps:Metrica (pid 13709) has died
04-23 10:49:00.096  1302  2074 D ActivityManager: cleanUpApplicationRecord -- 13709
04-23 10:49:00.096  1302  2074 W ActivityManager: Scheduling restart of crashed service ru.yandex.yandexmaps/com.yandex.metrica.ConfigurationService in 70543ms
04-23 10:49:00.098   532   532 E lowmemorykiller: Error writing /proc/3101/oom_score_adj; errno=22
04-23 10:49:00.100   532   532 E lowmemorykiller: Error writing /proc/3101/oom_score_adj; errno=22
04-23 10:49:00.105   532   532 E lowmemorykiller: Error opening /proc/3101/oom_score_adj; errno=2
04-23 10:49:00.107  1302  2594 I ActivityManager: Process ru.yandex.yandexnavi:Metrica (pid 3101) has died
04-23 10:49:00.108  1302  2594 D ActivityManager: cleanUpApplicationRecord -- 3101
04-23 10:49:00.108  1302  2594 W ActivityManager: Scheduling restart of crashed service ru.yandex.yandexnavi/com.yandex.metrica.ConfigurationService in 70531ms
04-23 10:49:00.115 14736 14736 I Typeface: setThemeFont(): sThemeFontPath = ,fontPath = 
04-23 10:49:00.115 14736 14736 W Typeface: setThemeFont(): FontPath Not Changed!
04-23 10:49:00.145 15955 15993 I FA      : Collection disabled with firebase_analytics_collection_deactivated=1
04-23 10:49:00.147 15955 15993 I FA      : App measurement is starting up, version: 16250
04-23 10:49:00.147 15955 15993 I FA      : To enable debug logging run: adb shell setprop log.tag.FA VERBOSE
04-23 10:49:00.147 15955 15993 I FA      : To enable faster debug mode event logging run:
04-23 10:49:00.147 15955 15993 I FA      :   adb shell setprop debug.firebase.analytics.app com.tripadvisor.tripadvisor
04-23 10:49:00.147 15955 15993 D FA      : Debug-level message logging enabled
04-23 10:49:00.161  1797  1797 D Resources: oneSpecialCase = falsequantityCode =other local = en_US
04-23 10:49:00.164 15955 15993 V FA      : Connecting to remote service
04-23 10:49:00.167  1797  1797 D Resources: oneSpecialCase = falsequantityCode =other local = en_US
04-23 10:49:00.168  1797  1797 D Resources: oneSpecialCase = falsequantityCode =other local = en_US
04-23 10:49:00.168  1797  1797 D Resources: oneSpecialCase = falsequantityCode =other local = en_US
04-23 10:49:00.168  1797  1797 D Resources: oneSpecialCase = falsequantityCode =other local = en_US
04-23 10:49:00.168  1797  1797 D Resources: oneSpecialCase = falsequantityCode =other local = en_US
04-23 10:49:00.168  1797  1797 D Resources: oneSpecialCase = falsequantityCode =other local = en_US
04-23 10:49:00.168  1797  1797 D Resources: oneSpecialCase = falsequantityCode =other local = en_US
04-23 10:49:00.176  2797  2797 D CodeThemeScript1Plug: action:android.intent.action.TIME_TICK
04-23 10:49:00.176  2797  2797 I codeTheme: (2797.0/main/1.5)[CodeThemeScript1Plug]{update time and weather }
04-23 10:49:00.176  2797  2797 I codeTheme: (2797.0/main/1.5)[CodeThemeScript1Plug]{timeChange}
04-23 10:49:00.178  2797  2797 D CodeThemeScript1Plug:  date:4/23/20
04-23 10:49:00.178  2797  2797 I codeTheme: (2797.0/main/1.5)[DrawItem_Image_Multi]{updateContent11}<int 1>
04-23 10:49:00.178  2797  2797 D QING    : updateContent11  index:1
