04-23 10:48:49.641  1302  2601 D ConnectivityService: ConnectivityService NetworkRequestInfo binderDied(NetworkRequest [ id=8325, legacyType=-1, [ Capabilities: NOT_RESTRICTED&TRUSTED&NOT_VPN] ], android.os.BinderProxy@b10f7fb)
04-23 10:48:49.641  1302  1672 E ConnectivityService: RemoteException caught trying to send a callback msg for NetworkRequest [ id=8325, legacyType=-1, [ Capabilities: NOT_RESTRICTED&TRUSTED&NOT_VPN] ]
04-23 10:48:49.664  1302  1403 D AutoBrightnessLenovo.LightSensorSample: onSensorChanged: lux = 228.0
04-23 10:48:49.806  2738  2794 D ContactsProvider: performBackgroundTask()- **** task=8
04-23 10:48:49.864  1302  1403 D AutoBrightnessLenovo.LightSensorSample: onSensorChanged: lux = 226.0
04-23 10:48:50.064  1302  1403 D AutoBrightnessLenovo.LightSensorSample: onSensorChanged: lux = 230.0
04-23 10:48:50.180  2797  2797 I Launcher3: AppsCustomizePagedView, filterAppsWithoutInvalidate mWidgets.size: 77
04-23 10:48:50.264  1302  1403 D AutoBrightnessLenovo.LightSensorSample: onSensorChanged: lux = 226.0
04-23 10:48:50.270 14653 14671 I Finsky  : [12015] absb.a(3): Device wide unknown source restriction is changed.
04-23 10:48:50.279   532   532 E lowmemorykiller: Error opening /proc/13407/oom_score_adj; errno=2
04-23 10:48:50.284 14653 14707 I PlayCommon: [12029] amoz.c(160): Connecting to server: https://play.googleapis.com/play/log?format=raw&proto_v2=true
04-23 10:48:50.296  1302  1391 I Choreographer: Skipped 52 frames!  The application may be doing too much work on its main thread.
04-23 10:48:50.296  1302  2072 I ActivityManager: Process ru.sberbankmobile (pid 13407) has died
04-23 10:48:50.296  1302  2072 D ActivityManager: cleanUpApplicationRecord -- 13407
04-23 10:48:50.297  1302  2072 W ActivityManager: Scheduling restart of crashed service ru.sberbankmobile/ru.sberbank.mobile.feature.kavsdk.presentation.monitor.view.SecurityMonitorService in 60341ms
04-23 10:48:50.297  1302  2072 W ActivityManager: Scheduling restart of crashed service ru.sberbankmobile/com.kavsdk.SdkService in 70341ms
04-23 10:48:50.297  1302  2072 W ActivityManager: Scheduling restart of crashed service ru.sberbankmobile/ru.sberbank.mobile.push.NotificationsService in 80341ms
04-23 10:48:50.297  1302  2072 W ActivityManager: Scheduling restart of crashed service ru.sberbankmobile/ru.sberbank.mobile.feature.kavsdk.presentation.init.view.SecurityInitService in 90341ms
04-23 10:48:50.300  1302  9792 V RestrictedPackageService: filterBroadcastReceiver for com.google.android.finsky.action.UPDATE_SETTINGS_ACTION
04-23 10:48:50.300  2670  2670 D RegisteredAidCache: generateServiceMap component: ComponentInfo{com.google.android.gms/com.google.android.gms.tapandpay.hce.service.TpHceService}
04-23 10:48:50.303  2670  2670 D RegisteredAidCache: generateServiceMap component: ComponentInfo{com.google.android.apps.walletnfcrel/com.google.commerce.tapandpay.android.hce.service.ValuableApduService}
04-23 10:48:50.303  2670  2670 D RegisteredAidCache: generateServiceMap component: ComponentInfo{com.google.android.apps.walletnfcrel/com.google.commerce.tapandpay.android.transit.tap.service.TransitHceService}
04-23 10:48:50.298 14763 14763 W ps      : type=1400 audit(0.0:404293): avc: denied { getattr } for uid=10425 path="/proc/1" dev="proc" ino=26375340 scontext=u:r:untrusted_app:s0:c512,c768 tcontext=u:r:init:s0 tclass=dir permissive=0
04-23 10:48:50.298 14763 14763 W ps      : type=1400 audit(0.0:404294): avc: denied { search } for uid=10425 name="1" dev="proc" ino=26375340 scontext=u:r:untrusted_app:s0:c512,c768 tcontext=u:r:init:s0 tclass=dir permissive=0
04-23 10:48:50.298 14763 14763 W ps      : type=1400 audit(0.0:404295): avc: denied { search } for uid=10425 name="1" dev="proc" ino=26375340 scontext=u:r:untrusted_app:s0:c512,c768 tcontext=u:r:init:s0 tclass=dir permissive=0
04-23 10:48:50.298 14763 14763 W ps      : type=1400 audit(0.0:404296): avc: denied { getattr } for uid=10425 path="/proc/2" dev="proc" ino=26375341 scontext=u:r:untrusted_app:s0:c512,c768 tcontext=u:r:kernel:s0 tclass=dir permissive=0
04-23 10:48:50.298 14763 14763 W ps      : type=1400 audit(0.0:404297): avc: denied { search } for uid=10425 name="2" dev="proc" ino=26375341 scontext=u:r:untrusted_app:s0:c512,c768 tcontext=u:r:kernel:s0 tclass=dir permissive=0
04-23 10:48:50.298 14763 14763 W ps      : type=1400 audit(0.0:404298): avc: denied { search } for uid=10425 name="2" dev="proc" ino=26375341 scontext=u:r:untrusted_app:s0:c512,c768 tcontext=u:r:kernel:s0 tclass=dir permissive=0
04-23 10:48:50.298 14763 14763 W ps      : type=1400 audit(0.0:404299): avc: denied { getattr } for uid=10425 path="/proc/3" dev="proc" ino=26375342 scontext=u:r:untrusted_app:s0:c512,c768 tcontext=u:r:kernel:s0 tclass=dir permissive=0
04-23 10:48:50.298 14763 14763 W ps      : type=1400 audit(0.0:404300): avc: denied { search } for uid=10425 name="3" dev="proc" ino=26375342 scontext=u:r:untrusted_app:s0:c512,c768 tcontext=u:r:kernel:s0 tclass=dir permissive=0
04-23 10:48:50.298 14763 14763 W ps      : type=1400 audit(0.0:404301): avc: denied { search } for uid=10425 name="3" dev="proc" ino=26375342 scontext=u:r:untrusted_app:s0:c512,c768 tcontext=u:r:kernel:s0 tclass=dir permissive=0
04-23 10:48:50.298 14763 14763 W ps      : type=1400 audit(0.0:404302): avc: denied { getattr } for uid=10425 path="/proc/5" dev="proc" ino=26375343 scontext=u:r:untrusted_app:s0:c512,c768 tcontext=u:r:kernel:s0 tclass=dir permissive=0
04-23 10:48:50.304  2670  2670 D RegisteredAidCache: generateServiceMap component: ComponentInfo{ru.serebryakovas.lukoilmobileapp/ru.serebryakovas.lukoilmobileapp.nfc.HceService}
04-23 10:48:50.304  2670  2670 D RegisteredAidCache: generateServiceMap component: ComponentInfo{com.idamob.tinkoff.android/com.mastercard.mcbp.hce.DefaultHceService}
04-23 10:48:50.304 14736 14736 D LenovoAppIconTheme: ExtraResources;cleanCachedIcon;clear cache..
04-23 10:48:50.305  2670  2670 D RegisteredAidCache: generateServiceMap component: ComponentInfo{ru.cardsmobile.mw3/ru.cardsmobile.pay.data.cmtsdk.service.SampleHceService}
04-23 10:48:50.306  2670  2670 D RegisteredAidCache: generateServiceMap component: ComponentInfo{com.lenovo.nfcsim/com.lenovo.nfcsim.MyOffHostApduService}
04-23 10:48:50.306  2670  2670 D RegisteredAidCache: generateAidCacheLocked: starting with aid 325041592E5359532E4444463031
04-23 10:48:50.306  2670  2670 D RegisteredAidCache: Exact AID, resolving.
04-23 10:48:50.306  2670  2670 D RegisteredAidCache: resolveAidLocked: (Ignoring handling service ComponentInfo{ru.serebryakovas.lukoilmobileapp/ru.serebryakovas.lukoilmobileapp.nfc.HceService} because it's not the payment default.)
04-23 10:48:50.306  2670  2670 D RegisteredAidCache: resolveAidLocked: (Ignoring handling service ComponentInfo{com.idamob.tinkoff.android/com.mastercard.mcbp.hce.DefaultHceService} because it's not the payment default.)
04-23 10:48:50.306  2670  2670 D RegisteredAidCache: resolveAidLocked: (Ignoring handling service ComponentInfo{ru.cardsmobile.mw3/ru.cardsmobile.pay.data.cmtsdk.service.SampleHceService} because it's not the payment default.)
04-23 10:48:50.306  2670  2670 D RegisteredAidCache: resolveAidLocked: (Ignoring handling service ComponentInfo{com.lenovo.nfcsim/com.lenovo.nfcsim.MyOffHostApduService} because it's not the payment default.)
04-23 10:48:50.306  2670  2670 D RegisteredAidCache: resolveAidLocked: DECISION: routing to payment default default ApduService: ComponentInfo{com.google.android.gms/com.google.android.gms.tapandpay.hce.service.TpHceService}, description: GooglePay, Static AID Groups: Category: payment, AIDs:325041592E5359532E4444463031, A0000000041010, A0000000042203, A0000000043060, A0000000031010, A0000000980840, A0000000032010, A0000000032020, A00000000307010001, A0000003241010, A0000001523010, A0000001524010, A00000002501, A000000025011001, A000000025021001, A0000002771010, A00000038410, A00000038420, A0000004941010, A0000004942010, , Dynamic AID Groups: 
04-23 10:48:50.306  2670  2670 D RegisteredAidCache: AIDs: [325041592E5359532E4444463031] were resolved.
04-23 10:48:50.306  2670  2670 D RegisteredAidCache: generateAidCacheLocked: starting with aid 4F53452E5641532E3031
04-23 10:48:50.306  2670  2670 D RegisteredAidCache: Exact AID, resolving.
04-23 10:48:50.306  2670  2670 D RegisteredAidCache: resolveAidLocked: DECISION: making single handling service ComponentInfo{com.google.android.apps.walletnfcrel/com.google.commerce.tapandpay.android.hce.service.ValuableApduService} default.
04-23 10:48:50.306  2670  2670 D RegisteredAidCache: AIDs: [4F53452E5641532E3031] were resolved.
04-23 10:48:50.306  2670  2670 D RegisteredAidCache: generateAidCacheLocked: starting with aid A00000000307010001
04-23 10:48:50.306  2670  2670 D RegisteredAidCache: Exact AID, resolving.
04-23 10:48:50.306  2670  2670 D RegisteredAidCache: resolveAidLocked: DECISION: routing to payment default default ApduService: ComponentInfo{com.google.android.gms/com.google.android.gms.tapandpay.hce.service.TpHceService}, description: GooglePay, Static AID Groups: Category: payment, AIDs:325041592E5359532E4444463031, A0000000041010, A0000000042203, A0000000043060, A0000000031010, A0000000980840, A0000000032010, A0000000032020, A00000000307010001, A0000003241010, A0000001523010, A0000001524010, A00000002501, A000000025011001, A000000025021001, A0000002771010, A00000038410, A00000038420, A0000004941010, A0000004942010, , Dynamic AID Groups: 
04-23 10:48:50.306  2670  2670 D RegisteredAidCache: AIDs: [A00000000307010001] were resolved.
04-23 10:48:50.306  2670  2670 D RegisteredAidCache: generateAidCacheLocked: starting with aid A0000000031010
04-23 10:48:50.306  2670  2670 D RegisteredAidCache: Exact AID, resolving.
04-23 10:48:50.306  2670  2670 D RegisteredAidCache: resolveAidLocked: (Ignoring handling service ComponentInfo{ru.cardsmobile.mw3/ru.cardsmobile.pay.data.cmtsdk.service.SampleHceService} because it's not the payment default.)
04-23 10:48:50.307  2670  2670 D RegisteredAidCache: resolveAidLocked: DECISION: routing to payment default default ApduService: ComponentInfo{com.google.android.gms/com.google.android.gms.tapandpay.hce.service.TpHceService}, description: GooglePay, Static AID Groups: Category: payment, AIDs:325041592E5359532E4444463031, A0000000041010, A0000000042203, A0000000043060, A0000000031010, A0000000980840, A0000000032010, A0000000032020, A00000000307010001, A0000003241010, A0000001523010, A0000001524010, A00000002501, A000000025011001, A000000025021001, A0000002771010, A00000038410, A00000038420, A0000004941010, A0000004942010, , Dynamic AID Groups: 
04-23 10:48:50.307  2670  2670 D RegisteredAidCache: AIDs: [A0000000031010] were resolved.
04-23 10:48:50.307  2670  2670 D RegisteredAidCache: generateAidCacheLocked: starting with aid A0000000032010
04-23 10:48:50.307  2670  2670 D RegisteredAidCache: Exact AID, resolving.
04-23 10:48:50.307  2670  2670 D RegisteredAidCache: resolveAidLocked: (Ignoring handling service ComponentInfo{ru.cardsmobile.mw3/ru.cardsmobile.pay.data.cmtsdk.service.SampleHceService} because it's not the payment default.)
04-23 10:48:50.307  2670  2670 D RegisteredAidCache: resolveAidLocked: DECISION: routing to payment default default ApduService: ComponentInfo{com.google.android.gms/com.google.android.gms.tapandpay.hce.service.TpHceService}, description: GooglePay, Static AID Groups: Category: payment, AIDs:325041592E5359532E4444463031, A0000000041010, A0000000042203, A0000000043060, A0000000031010, A0000000980840, A0000000032010, A0000000032020, A00000000307010001, A0000003241010, A0000001523010, A0000001524010, A00000002501, A000000025011001, A000000025021001, A0000002771010, A00000038410, A00000038420, A0000004941010, A0000004942010, , Dynamic AID Groups: 
04-23 10:48:50.307  2670  2670 D RegisteredAidCache: AIDs: [A0000000032010] were resolved.
04-23 10:48:50.307  2670  2670 D RegisteredAidCache: generateAidCacheLocked: starting with aid A0000000032020
04-23 10:48:50.307  2670  2670 D RegisteredAidCache: Exact AID, resolving.
04-23 10:48:50.307  2670  2670 D RegisteredAidCache: resolveAidLocked: (Ignoring handling service ComponentInfo{ru.cardsmobile.mw3/ru.cardsmobile.pay.data.cmtsdk.service.SampleHceService} because it's not the payment default.)
04-23 10:48:50.307  2670  2670 D RegisteredAidCache: resolveAidLocked: DECISION: routing to payment default default ApduService: ComponentInfo{com.google.android.gms/com.google.android.gms.tapandpay.hce.service.TpHceService}, description: GooglePay, Static AID Groups: Category: payment, AIDs:325041592E5359532E4444463031, A0000000041010, A0000000042203, A0000000043060, A0000000031010, A0000000980840, A0000000032010, A0000000032020, A00000000307010001, A0000003241010, A0000001523010, A0000001524010, A00000002501, A000000025011001, A000000025021001, A0000002771010, A00000038410, A00000038420, A0000004941010, A0000004942010, , Dynamic AID Groups: 
04-23 10:48:50.307  2670  2670 D RegisteredAidCache: AIDs: [A0000000032020] were resolved.
04-23 10:48:50.307  2670  2670 D RegisteredAidCache: generateAidCacheLocked: starting with aid A0000000033010
04-23 10:48:50.307  2670  2670 D RegisteredAidCache: Exact AID, resolving.
04-23 10:48:50.307  2670  2670 D RegisteredAidCache: resolveAidLocked: (Ignoring handling service ComponentInfo{ru.cardsmobile.mw3/ru.cardsmobile.pay.data.cmtsdk.service.SampleHceService} because it's not the payment default.)
04-23 10:48:50.307  2670  2670 D RegisteredAidCache: resolveAidLocked: DECISION: routing to all matching services
04-23 10:48:50.307  2670  2670 D RegisteredAidCache: AIDs: [A0000000033010] were resolved.
04-23 10:48:50.307  2670  2670 D RegisteredAidCache: generateAidCacheLocked: starting with aid A0000000041010
04-23 10:48:50.307  2670  2670 D RegisteredAidCache: Exact AID, resolving.
04-23 10:48:50.307  2670  2670 D RegisteredAidCache: resolveAidLocked: (Ignoring handling service ComponentInfo{com.idamob.tinkoff.android/com.mastercard.mcbp.hce.DefaultHceService} because it's not the payment default.)
04-23 10:48:50.307  2670  2670 D RegisteredAidCache: resolveAidLocked: (Ignoring handling service ComponentInfo{ru.cardsmobile.mw3/ru.cardsmobile.pay.data.cmtsdk.service.SampleHceService} because it's not the payment default.)
04-23 10:48:50.307  2670  2670 D RegisteredAidCache: resolveAidLocked: DECISION: routing to payment default default ApduService: ComponentInfo{com.google.android.gms/com.google.android.gms.tapandpay.hce.service.TpHceService}, description: GooglePay, Static AID Groups: Category: payment, AIDs:325041592E5359532E4444463031, A0000000041010, A0000000042203, A0000000043060, A0000000031010, A0000000980840, A0000000032010, A0000000032020, A00000000307010001, A0000003241010, A0000001523010, A0000001524010, A00000002501, A000000025011001, A000000025021001, A0000002771010, A00000038410, A00000038420, A0000004941010, A0000004942010, , Dynamic AID Groups: 
04-23 10:48:50.307  2670  2670 D RegisteredAidCache: AIDs: [A0000000041010] were resolved.
04-23 10:48:50.307  2670  2670 D RegisteredAidCache: generateAidCacheLocked: starting with aid A0000000042203
04-23 10:48:50.307  2670  2670 D RegisteredAidCache: Exact AID, resolving.
04-23 10:48:50.307  2670  2670 D RegisteredAidCache: resolveAidLocked: (Ignoring handling service ComponentInfo{com.idamob.tinkoff.android/com.mastercard.mcbp.hce.DefaultHceService} because it's not the payment default.)
04-23 10:48:50.307  2670  2670 D RegisteredAidCache: resolveAidLocked: (Ignoring handling service ComponentInfo{ru.cardsmobile.mw3/ru.cardsmobile.pay.data.cmtsdk.service.SampleHceService} because it's not the payment default.)
04-23 10:48:50.307  2670  2670 D RegisteredAidCache: resolveAidLocked: DECISION: routing to payment default default ApduService: ComponentInfo{com.google.android.gms/com.google.android.gms.tapandpay.hce.service.TpHceService}, description: GooglePay, Static AID Groups: Category: payment, AIDs:325041592E5359532E4444463031, A0000000041010, A0000000042203, A0000000043060, A0000000031010, A0000000980840, A0000000032010, A0000000032020, A00000000307010001, A0000003241010, A0000001523010, A0000001524010, A00000002501, A000000025011001, A000000025021001, A0000002771010, A00000038410, A00000038420, A0000004941010, A0000004942010, , Dynamic AID Groups: 
04-23 10:48:50.307  2670  2670 D RegisteredAidCache: AIDs: [A0000000042203] were resolved.
04-23 10:48:50.307  2670  2670 D RegisteredAidCache: generateAidCacheLocked: starting with aid A0000000043060
04-23 10:48:50.307  2670  2670 D RegisteredAidCache: Exact AID, resolving.
04-23 10:48:50.307  2670  2670 D RegisteredAidCache: resolveAidLocked: (Ignoring handling service ComponentInfo{ru.cardsmobile.mw3/ru.cardsmobile.pay.data.cmtsdk.service.SampleHceService} because it's not the payment default.)
04-23 10:48:50.307  2670  2670 D RegisteredAidCache: resolveAidLocked: DECISION: routing to payment default default ApduService: ComponentInfo{com.google.android.gms/com.google.android.gms.tapandpay.hce.service.TpHceService}, description: GooglePay, Static AID Groups: Category: payment, AIDs:325041592E5359532E4444463031, A0000000041010, A0000000042203, A0000000043060, A0000000031010, A0000000980840, A0000000032010, A0000000032020, A00000000307010001, A0000003241010, A0000001523010, A0000001524010, A00000002501, A000000025011001, A000000025021001, A0000002771010, A00000038410, A00000038420, A0000004941010, A0000004942010, , Dynamic AID Groups: 
04-23 10:48:50.307  2670  2670 D RegisteredAidCache: AIDs: [A0000000043060] were resolved.
04-23 10:48:50.307  2670  2670 D RegisteredAidCache: generateAidCacheLocked: starting with aid A0000000049100
04-23 10:48:50.307  2670  2670 D RegisteredAidCache: Exact AID, resolving.
04-23 10:48:50.308  2670  2670 D RegisteredAidCache: resolveAidLocked: (Ignoring handling service ComponentInfo{ru.cardsmobile.mw3/ru.cardsmobile.pay.data.cmtsdk.service.SampleHceService} because it's not the payment default.)
04-23 10:48:50.308  2670  2670 D RegisteredAidCache: resolveAidLocked: DECISION: routing to all matching services
04-23 10:48:50.308  2670  2670 D RegisteredAidCache: AIDs: [A0000000049100] were resolved.
04-23 10:48:50.308  2670  2670 D RegisteredAidCache: generateAidCacheLocked: starting with aid A00000002501
04-23 10:48:50.308  2670  2670 D RegisteredAidCache: Exact AID, resolving.
04-23 10:48:50.308  2670  2670 D RegisteredAidCache: resolveAidLocked: DECISION: routing to payment default default ApduService: ComponentInfo{com.google.android.gms/com.google.android.gms.tapandpay.hce.service.TpHceService}, description: GooglePay, Static AID Groups: Category: payment, AIDs:325041592E5359532E4444463031, A0000000041010, A0000000042203, A0000000043060, A0000000031010, A0000000980840, A0000000032010, A0000000032020, A00000000307010001, A0000003241010, A0000001523010, A0000001524010, A00000002501, A000000025011001, A000000025021001, A0000002771010, A00000038410, A00000038420, A0000004941010, A0000004942010, , Dynamic AID Groups: 
04-23 10:48:50.308  2670  2670 D RegisteredAidCache: AIDs: [A00000002501] were resolved.
04-23 10:48:50.308  2670  2670 D RegisteredAidCache: generateAidCacheLocked: starting with aid A000000025011001
04-23 10:48:50.308  2670  2670 D RegisteredAidCache: Exact AID, resolving.
04-23 10:48:50.308  2670  2670 D RegisteredAidCache: resolveAidLocked: DECISION: routing to payment default default ApduService: ComponentInfo{com.google.android.gms/com.google.android.gms.tapandpay.hce.service.TpHceService}, description: GooglePay, Static AID Groups: Category: payment, AIDs:325041592E5359532E4444463031, A0000000041010, A0000000042203, A0000000043060, A0000000031010, A0000000980840, A0000000032010, A0000000032020, A00000000307010001, A0000003241010, A0000001523010, A0000001524010, A00000002501, A000000025011001, A000000025021001, A0000002771010, A00000038410, A00000038420, A0000004941010, A0000004942010, , Dynamic AID Groups: 
04-23 10:48:50.308  2670  2670 D RegisteredAidCache: AIDs: [A000000025011001] were resolved.
04-23 10:48:50.308  2670  2670 D RegisteredAidCache: generateAidCacheLocked: starting with aid A000000025021001
04-23 10:48:50.308  2670  2670 D RegisteredAidCache: Exact AID, resolving.
04-23 10:48:50.308  2670  2670 D RegisteredAidCache: resolveAidLocked: DECISION: routing to payment default default ApduService: ComponentInfo{com.google.android.gms/com.google.android.gms.tapandpay.hce.service.TpHceService}, description: GooglePay, Static AID Groups: Category: payment, AIDs:325041592E5359532E4444463031, A0000000041010, A0000000042203, A0000000043060, A0000000031010, A0000000980840, A0000000032010, A0000000032020, A00000000307010001, A0000003241010, A0000001523010, A0000001524010, A00000002501, A000000025011001, A000000025021001, A0000002771010, A00000038410, A00000038420, A0000004941010, A0000004942010, , Dynamic AID Groups: 
04-23 10:48:50.308  2670  2670 D RegisteredAidCache: AIDs: [A000000025021001] were resolved.
04-23 10:48:50.308  2670  2670 D RegisteredAidCache: generateAidCacheLocked: starting with aid A0000000980840
04-23 10:48:50.308  2670  2670 D RegisteredAidCache: Exact AID, resolving.
04-23 10:48:50.308  2670  2670 D RegisteredAidCache: resolveAidLocked: (Ignoring handling service ComponentInfo{ru.cardsmobile.mw3/ru.cardsmobile.pay.data.cmtsdk.service.SampleHceService} because it's not the payment default.)
04-23 10:48:50.308  2670  2670 D RegisteredAidCache: resolveAidLocked: DECISION: routing to payment default default ApduService: ComponentInfo{com.google.android.gms/com.google.android.gms.tapandpay.hce.service.TpHceService}, description: GooglePay, Static AID Groups: Category: payment, AIDs:325041592E5359532E4444463031, A0000000041010, A0000000042203, A0000000043060, A0000000031010, A0000000980840, A0000000032010, A0000000032020, A00000000307010001, A0000003241010, A0000001523010, A0000001524010, A00000002501, A000000025011001, A000000025021001, A0000002771010, A00000038410, A00000038420, A0000004941010, A0000004942010, , Dynamic AID Groups: 
04-23 10:48:50.308  2670  2670 D RegisteredAidCache: AIDs: [A0000000980840] were resolved.
04-23 10:48:50.308  2670  2670 D RegisteredAidCache: generateAidCacheLocked: starting with aid A0000001523010
04-23 10:48:50.308  2670  2670 D RegisteredAidCache: Exact AID, resolving.
04-23 10:48:50.308  2670  2670 D RegisteredAidCache: resolveAidLocked: DECISION: routing to payment default default ApduService: ComponentInfo{com.google.android.gms/com.google.android.gms.tapandpay.hce.service.TpHceService}, description: GooglePay, Static AID Groups: Category: payment, AIDs:325041592E5359532E4444463031, A0000000041010, A0000000042203, A0000000043060, A0000000031010, A0000000980840, A0000000032010, A0000000032020, A00000000307010001, A0000003241010, A0000001523010, A0000001524010, A00000002501, A000000025011001, A000000025021001, A0000002771010, A00000038410, A00000038420, A0000004941010, A0000004942010, , Dynamic AID Groups: 
04-23 10:48:50.308  2670  2670 D RegisteredAidCache: AIDs: [A0000001523010] were resolved.
04-23 10:48:50.308  2670  2670 D RegisteredAidCache: generateAidCacheLocked: starting with aid A0000001524010
04-23 10:48:50.308  2670  2670 D RegisteredAidCache: Exact AID, resolving.
04-23 10:48:50.308  2670  2670 D RegisteredAidCache: resolveAidLocked: DECISION: routing to payment default default ApduService: ComponentInfo{com.google.android.gms/com.google.android.gms.tapandpay.hce.service.TpHceService}, description: GooglePay, Static AID Groups: Category: payment, AIDs:325041592E5359532E4444463031, A0000000041010, A0000000042203, A0000000043060, A0000000031010, A0000000980840, A0000000032010, A0000000032020, A00000000307010001, A0000003241010, A0000001523010, A0000001524010, A00000002501, A000000025011001, A000000025021001, A0000002771010, A00000038410, A00000038420, A0000004941010, A0000004942010, , Dynamic AID Groups: 
04-23 10:48:50.308  2670  2670 D RegisteredAidCache: AIDs: [A0000001524010] were resolved.
04-23 10:48:50.308  2670  2670 D RegisteredAidCache: generateAidCacheLocked: starting with aid A0000002164954534F2D31
04-23 10:48:50.308  2670  2670 D RegisteredAidCache: Exact AID, resolving.
04-23 10:48:50.308  2670  2670 D RegisteredAidCache: resolveAidLocked: DECISION: making single handling service ComponentInfo{com.google.android.apps.walletnfcrel/com.google.commerce.tapandpay.android.transit.tap.service.TransitHceService} default.
04-23 10:48:50.308  2670  2670 D RegisteredAidCache: AIDs: [A0000002164954534F2D31] were resolved.
04-23 10:48:50.308  2670  2670 D RegisteredAidCache: generateAidCacheLocked: starting with aid A0000002771010
04-23 10:48:50.308  2670  2670 D RegisteredAidCache: Exact AID, resolving.
04-23 10:48:50.308  2670  2670 D RegisteredAidCache: resolveAidLocked: DECISION: routing to payment default default ApduService: ComponentInfo{com.google.android.gms/com.google.android.gms.tapandpay.hce.service.TpHceService}, description: GooglePay, Static AID Groups: Category: payment, AIDs:325041592E5359532E4444463031, A0000000041010, A0000000042203, A0000000043060, A0000000031010, A0000000980840, A0000000032010, A0000000032020, A00000000307010001, A0000003241010, A0000001523010, A0000001524010, A00000002501, A000000025011001, A000000025021001, A0000002771010, A00000038410, A00000038420, A0000004941010, A0000004942010, , Dynamic AID Groups: 
04-23 10:48:50.308  2670  2670 D RegisteredAidCache: AIDs: [A0000002771010] were resolved.
04-23 10:48:50.309  2670  2670 D RegisteredAidCache: generateAidCacheLocked: starting with aid A0000003241010
04-23 10:48:50.309  2670  2670 D RegisteredAidCache: Exact AID, resolving.
04-23 10:48:50.309  2670  2670 D RegisteredAidCache: resolveAidLocked: DECISION: routing to payment default default ApduService: ComponentInfo{com.google.android.gms/com.google.android.gms.tapandpay.hce.service.TpHceService}, description: GooglePay, Static AID Groups: Category: payment, AIDs:325041592E5359532E4444463031, A0000000041010, A0000000042203, A0000000043060, A0000000031010, A0000000980840, A0000000032010, A0000000032020, A00000000307010001, A0000003241010, A0000001523010, A0000001524010, A00000002501, A000000025011001, A000000025021001, A0000002771010, A00000038410, A00000038420, A0000004941010, A0000004942010, , Dynamic AID Groups: 
04-23 10:48:50.309  2670  2670 D RegisteredAidCache: AIDs: [A0000003241010] were resolved.
04-23 10:48:50.309  2670  2670 D RegisteredAidCache: generateAidCacheLocked: starting with aid A00000038410
04-23 10:48:50.309  2670  2670 D RegisteredAidCache: Exact AID, resolving.
04-23 10:48:50.309  2670  2670 D RegisteredAidCache: resolveAidLocked: DECISION: routing to payment default default ApduService: ComponentInfo{com.google.android.gms/com.google.android.gms.tapandpay.hce.service.TpHceService}, description: GooglePay, Static AID Groups: Category: payment, AIDs:325041592E5359532E4444463031, A0000000041010, A0000000042203, A0000000043060, A0000000031010, A0000000980840, A0000000032010, A0000000032020, A00000000307010001, A0000003241010, A0000001523010, A0000001524010, A00000002501, A000000025011001, A000000025021001, A0000002771010, A00000038410, A00000038420, A0000004941010, A0000004942010, , Dynamic AID Groups: 
04-23 10:48:50.309  2670  2670 D RegisteredAidCache: AIDs: [A00000038410] were resolved.
04-23 10:48:50.309  2670  2670 D RegisteredAidCache: generateAidCacheLocked: starting with aid A00000038420
04-23 10:48:50.309  2670  2670 D RegisteredAidCache: Exact AID, resolving.
04-23 10:48:50.309  2670  2670 D RegisteredAidCache: resolveAidLocked: DECISION: routing to payment default default ApduService: ComponentInfo{com.google.android.gms/com.google.android.gms.tapandpay.hce.service.TpHceService}, description: GooglePay, Static AID Groups: Category: payment, AIDs:325041592E5359532E4444463031, A0000000041010, A0000000042203, A0000000043060, A0000000031010, A0000000980840, A0000000032010, A0000000032020, A00000000307010001, A0000003241010, A0000001523010, A0000001524010, A00000002501, A000000025011001, A000000025021001, A0000002771010, A00000038410, A00000038420, A0000004941010, A0000004942010, , Dynamic AID Groups: 
04-23 10:48:50.309  2670  2670 D RegisteredAidCache: AIDs: [A00000038420] were resolved.
04-23 10:48:50.309  2670  2670 D RegisteredAidCache: generateAidCacheLocked: starting with aid A00000039656434103F1216000000000
04-23 10:48:50.309  2670  2670 D RegisteredAidCache: Exact AID, resolving.
04-23 10:48:50.309  2670  2670 D RegisteredAidCache: resolveAidLocked: DECISION: making single handling service ComponentInfo{com.google.android.apps.walletnfcrel/com.google.commerce.tapandpay.android.transit.tap.service.TransitHceService} default.
04-23 10:48:50.309  2670  2670 D RegisteredAidCache: AIDs: [A00000039656434103F1216000000000] were resolved.
04-23 10:48:50.309  2670  2670 D RegisteredAidCache: generateAidCacheLocked: starting with aid A000000476D0000101
04-23 10:48:50.309  2670  2670 D RegisteredAidCache: Exact AID, resolving.
04-23 10:48:50.309  2670  2670 D RegisteredAidCache: resolveAidLocked: DECISION: making single handling service ComponentInfo{com.google.android.apps.walletnfcrel/com.google.commerce.tapandpay.android.hce.service.ValuableApduService} default.
04-23 10:48:50.309  2670  2670 D RegisteredAidCache: AIDs: [A000000476D0000101] were resolved.
04-23 10:48:50.309  2670  2670 D RegisteredAidCache: generateAidCacheLocked: starting with aid A000000476D0000111
04-23 10:48:50.309  2670  2670 D RegisteredAidCache: Exact AID, resolving.
04-23 10:48:50.309  2670  2670 D RegisteredAidCache: resolveAidLocked: DECISION: making single handling service ComponentInfo{com.google.android.apps.walletnfcrel/com.google.commerce.tapandpay.android.hce.service.ValuableApduService} default.
04-23 10:48:50.309  2670  2670 D RegisteredAidCache: AIDs: [A000000476D0000111] were resolved.
04-23 10:48:50.309  2670  2670 D RegisteredAidCache: generateAidCacheLocked: starting with aid A0000004941010
04-23 10:48:50.309  2670  2670 D RegisteredAidCache: Exact AID, resolving.
04-23 10:48:50.309  2670  2670 D RegisteredAidCache: resolveAidLocked: DECISION: routing to payment default default ApduService: ComponentInfo{com.google.android.gms/com.google.android.gms.tapandpay.hce.service.TpHceService}, description: GooglePay, Static AID Groups: Category: payment, AIDs:325041592E5359532E4444463031, A0000000041010, A0000000042203, A0000000043060, A0000000031010, A0000000980840, A0000000032010, A0000000032020, A00000000307010001, A0000003241010, A0000001523010, A0000001524010, A00000002501, A000000025011001, A000000025021001, A0000002771010, A00000038410, A00000038420, A0000004941010, A0000004942010, , Dynamic AID Groups: 
04-23 10:48:50.309  2670  2670 D RegisteredAidCache: AIDs: [A0000004941010] were resolved.
04-23 10:48:50.309  2670  2670 D RegisteredAidCache: generateAidCacheLocked: starting with aid A0000004942010
04-23 10:48:50.309  2670  2670 D RegisteredAidCache: Exact AID, resolving.
04-23 10:48:50.309  2670  2670 D RegisteredAidCache: resolveAidLocked: DECISION: routing to payment default default ApduService: ComponentInfo{com.google.android.gms/com.google.android.gms.tapandpay.hce.service.TpHceService}, description: GooglePay, Static AID Groups: Category: payment, AIDs:325041592E5359532E4444463031, A0000000041010, A0000000042203, A0000000043060, A0000000031010, A0000000980840, A0000000032010, A0000000032020, A00000000307010001, A0000003241010, A0000001523010, A0000001524010, A00000002501, A000000025011001, A000000025021001, A0000002771010, A00000038410, A00000038420, A0000004941010, A0000004942010, , Dynamic AID Groups: 
04-23 10:48:50.309  2670  2670 D RegisteredAidCache: AIDs: [A0000004942010] were resolved.
04-23 10:48:50.309  2670  2670 D RegisteredAidCache: generateAidCacheLocked: starting with aid A00000F21100
04-23 10:48:50.309  2670  2670 D RegisteredAidCache: Exact AID, resolving.
04-23 10:48:50.309  2670  2670 D RegisteredAidCache: resolveAidLocked: DECISION: making single handling service ComponentInfo{com.google.android.apps.walletnfcrel/com.google.commerce.tapandpay.android.transit.tap.service.TransitHceService} default.
04-23 10:48:50.309  2670  2670 D RegisteredAidCache: AIDs: [A00000F21100] were resolved.
04-23 10:48:50.309  2670  2670 D RegisteredAidCache: generateAidCacheLocked: starting with aid F74C696361726401
04-23 10:48:50.309  2670  2670 D RegisteredAidCache: Exact AID, resolving.
04-23 10:48:50.309  2670  2670 D RegisteredAidCache: resolveAidLocked: (Ignoring handling service ComponentInfo{ru.serebryakovas.lukoilmobileapp/ru.serebryakovas.lukoilmobileapp.nfc.HceService} because it's not the payment default.)
04-23 10:48:50.309  2670  2670 D RegisteredAidCache: resolveAidLocked: DECISION: routing to all matching services
04-23 10:48:50.309  2670  2670 D RegisteredAidCache: AIDs: [F74C696361726401] were resolved.
04-23 10:48:50.310  2670  2670 D NfcService: getDefaultRoute returns 0
04-23 10:48:50.310  2670  2670 D AidRoutingManager: Routing table unchanged, not updating
04-23 10:48:50.311  2670  2670 D ApduServiceInfo: updateServiceCommitStatus:Description:Google Pay:InternalState:1:commitStatus:true
04-23 10:48:50.311  2670  2670 D ApduServiceInfo: updateServiceCommitStatus:Description:Google Pay:InternalState:1:commitStatus:true
04-23 10:48:50.312  2797  2797 I Launcher3: AppsCustomizePagedView, filterAppsWithoutInvalidate mFilteredWidgets.size: 77
04-23 10:48:50.312  2670  2670 E RegisteredServicesCache:  Writing service state Data Always
04-23 10:48:50.298 14763 14763 W ps      : type=1400 audit(0.0:404303): avc: denied { search } for uid=10425 name="5" dev="proc" ino=26375343 scontext=u:r:untrusted_app:s0:c512,c768 tcontext=u:r:kernel:s0 tclass=dir permissive=0
04-23 10:48:50.298 14763 14763 W ps      : type=1400 audit(0.0:404304): avc: denied { search } for uid=10425 name="5" dev="proc" ino=26375343 scontext=u:r:untrusted_app:s0:c512,c768 tcontext=u:r:kernel:s0 tclass=dir permissive=0
04-23 10:48:50.298 14763 14763 W ps      : type=1400 audit(0.0:404305): avc: denied { getattr } for uid=10425 path="/proc/6" dev="proc" ino=26375344 scontext=u:r:untrusted_app:s0:c512,c768 tcontext=u:r:kernel:s0 tclass=dir permissive=0
04-23 10:48:50.298 14763 14763 W ps      : type=1400 audit(0.0:404306): avc: denied { search } for uid=10425 name="6" dev="proc" ino=26375344 scontext=u:r:untrusted_app:s0:c512,c768 tcontext=u:r:kernel:s0 tclass=dir permissive=0
04-23 10:48:50.298 14763 14763 W ps      : type=1400 audit(0.0:404307): avc: denied { search } for uid=10425 name="6" dev="proc" ino=26375344 scontext=u:r:untrusted_app:s0:c512,c768 tcontext=u:r:kernel:s0 tclass=dir permissive=0
04-23 10:48:50.298 14763 14763 W ps      : type=1400 audit(0.0:404308): avc: denied { getattr } for uid=10425 path="/proc/7" dev="proc" ino=26375345 scontext=u:r:untrusted_app:s0:c512,c768 tcontext=u:r:kernel:s0 tclass=dir permissive=0
04-23 10:48:50.298 14763 14763 W ps      : type=1400 audit(0.0:404309): avc: denied { search } for uid=10425 name="7" dev="proc" ino=26375345 scontext=u:r:untrusted_app:s0:c512,c768 tcontext=u:r:kernel:s0 tclass=dir permissive=0
04-23 10:48:50.314  2797  2797 I Launcher3: AppsCustomizePagedView, setupPage
04-23 10:48:50.298 14763 14763 W ps      : type=1400 audit(0.0:404310): avc: denied { search } for uid=10425 name="7" dev="proc" ino=26375345 scontext=u:r:untrusted_app:s0:c512,c768 tcontext=u:r:kernel:s0 tclass=dir permissive=0
04-23 10:48:50.298 14763 14763 W ps      : type=1400 audit(0.0:404311): avc: denied { getattr } for uid=10425 path="/proc/8" dev="proc" ino=26375346 scontext=u:r:untrusted_app:s0:c512,c768 tcontext=u:r:kernel:s0 tclass=dir permissive=0
04-23 10:48:50.315  2797  2797 I Launcher3: AppsCustomizePagedView, setupPage current 11
04-23 10:48:50.298 14763 14763 W ps      : type=1400 audit(0.0:404312): avc: denied { search } for uid=10425 name="8" dev="proc" ino=26375346 scontext=u:r:untrusted_app:s0:c512,c768 tcontext=u:r:kernel:s0 tclass=dir permissive=0
04-23 10:48:50.298 14763 14763 W ps      : type=1400 audit(0.0:404313): avc: denied { search } for uid=10425 name="8" dev="proc" ino=26375346 scontext=u:r:untrusted_app:s0:c512,c768 tcontext=u:r:kernel:s0 tclass=dir permissive=0
04-23 10:48:50.298 14763 14763 W ps      : type=1400 audit(0.0:404314): avc: denied { getattr } for uid=10425 path="/proc/9" dev="proc" ino=26375347 scontext=u:r:untrusted_app:s0:c512,c768 tcontext=u:r:kernel:s0 tclass=dir permissive=0
04-23 10:48:50.298 14763 14763 W ps      : type=1400 audit(0.0:404315): avc: denied { search } for uid=10425 name="9" dev="proc" ino=26375347 scontext=u:r:untrusted_app:s0:c512,c768 tcontext=u:r:kernel:s0 tclass=dir permissive=0
04-23 10:48:50.298 14763 14763 W ps      : type=1400 audit(0.0:404316): avc: denied { search } for uid=10425 name="9" dev="proc" ino=26375347 scontext=u:r:untrusted_app:s0:c512,c768 tcontext=u:r:kernel:s0 tclass=dir permissive=0
04-23 10:48:50.298 14763 14763 W ps      : type=1400 audit(0.0:404317): avc: denied { getattr } for uid=10425 path="/proc/10" dev="proc" ino=26375348 scontext=u:r:untrusted_app:s0:c512,c768 tcontext=u:r:kernel:s0 tclass=dir permissive=0
04-23 10:48:50.298 14763 14763 W ps      : type=1400 audit(0.0:404318): avc: denied { search } for uid=10425 name="10" dev="proc" ino=26375348 scontext=u:r:untrusted_app:s0:c512,c768 tcontext=u:r:kernel:s0 tclass=dir permissive=0
04-23 10:48:50.298 14763 14763 W ps      : type=1400 audit(0.0:404319): avc: denied { search } for uid=10425 name="10" dev="proc" ino=26375348 scontext=u:r:untrusted_app:s0:c512,c768 tcontext=u:r:kernel:s0 tclass=dir permissive=0
04-23 10:48:50.298 14763 14763 W ps      : type=1400 audit(0.0:404320): avc: denied { getattr } for uid=10425 path="/proc/11" dev="proc" ino=26375349 scontext=u:r:untrusted_app:s0:c512,c768 tcontext=u:r:kernel:s0 tclass=dir permissive=0
04-23 10:48:50.320  2797  2797 I Launcher3: AppsCustomizePagedView, setupPage
04-23 10:48:50.321  2797  2797 I Launcher3: AppsCustomizePagedView, setupPage current 11
04-23 10:48:50.326  2797  2797 I Launcher3: AppsCustomizePagedView, setupPage
04-23 10:48:50.327  2797  2797 I Launcher3: AppsCustomizePagedView, setupPage current 11
04-23 10:48:50.330 14653 14653 I Finsky  : [1] qib.onTrimMemory(1): Memory trim requested to level 5
04-23 10:48:50.332  2797  2797 I Launcher3: AppsCustomizePagedView, setupPage
04-23 10:48:50.333  2797  2797 I Launcher3: AppsCustomizePagedView, setupPage current 11
04-23 10:48:50.337 14653 14653 I Finsky  : [1] rtw.a(19): PackageMonitor - Received: android.intent.action.PACKAGE_REMOVED, [FYOabcVqwVmisUINjCeo8fWxmIwDllTrxnsC0WZmHw0]
04-23 10:48:50.337 14653 14653 I Finsky  : [1] ruz.d(9): Invalidating cached PackageState for com.google.android.exoplayer2.demo
04-23 10:48:50.340  2797  2797 I Launcher3: AppsCustomizePagedView, setupPage
04-23 10:48:50.341  2797  2797 I Launcher3: AppsCustomizePagedView, setupPage current 11
04-23 10:48:50.342 14736 14736 W System.err: java.io.FileNotFoundException: /jacoco.exec (Read-only file system)
04-23 10:48:50.343 14736 14736 W System.err: 	at java.io.FileOutputStream.open(Native Method)
04-23 10:48:50.343 14736 14736 W System.err: 	at java.io.FileOutputStream.<init>(FileOutputStream.java:221)
04-23 10:48:50.343 14736 14736 W System.err: 	at org.jacoco.agent.rt.internal_8ff85ea.output.FileOutput.openFile(FileOutput.java:67)
04-23 10:48:50.343 14736 14736 W System.err: 	at org.jacoco.agent.rt.internal_8ff85ea.output.FileOutput.startup(FileOutput.java:49)
04-23 10:48:50.343 14736 14736 W System.err: 	at org.jacoco.agent.rt.internal_8ff85ea.Agent.startup(Agent.java:122)
04-23 10:48:50.343 14736 14736 W System.err: 	at org.jacoco.agent.rt.internal_8ff85ea.Agent.getInstance(Agent.java:50)
04-23 10:48:50.343 14736 14736 W System.err: 	at org.jacoco.agent.rt.internal_8ff85ea.Offline.<clinit>(Offline.java:31)
04-23 10:48:50.343 14736 14736 W System.err: 	at org.jacoco.agent.rt.internal_8ff85ea.Offline.getProbes(Offline.java:51)
04-23 10:48:50.343 14736 14736 W System.err: 	at com.google.android.exoplayer2.util.Util.$jacocoInit(Util.java)
04-23 10:48:50.343 14736 14736 W System.err: 	at com.google.android.exoplayer2.util.Util.<clinit>(Util.java)
04-23 10:48:50.343 14736 14736 W System.err: 	at com.google.android.exoplayer2.util.Util.getUserAgent(Util.java)
04-23 10:48:50.343 14736 14736 W System.err: 	at com.google.android.exoplayer2.demo.DemoApplication.onCreate(DemoApplication.java:68)
04-23 10:48:50.343 14736 14736 W System.err: 	at android.app.Instrumentation.callApplicationOnCreate(Instrumentation.java:1025)
04-23 10:48:50.343 14736 14736 W System.err: 	at android.app.ActivityThread.handleBindApplication(ActivityThread.java:5380)
04-23 10:48:50.343 14736 14736 W System.err: 	at android.app.ActivityThread.-wrap2(ActivityThread.java)
04-23 10:48:50.343 14736 14736 W System.err: 	at android.app.ActivityThread$H.handleMessage(ActivityThread.java:1534)
04-23 10:48:50.343 14736 14736 W System.err: 	at android.os.Handler.dispatchMessage(Handler.java:102)
04-23 10:48:50.343 14736 14736 W System.err: 	at android.os.Looper.loop(Looper.java:154)
04-23 10:48:50.343 14736 14736 W System.err: 	at android.app.ActivityThread.main(ActivityThread.java:6111)
04-23 10:48:50.343 14736 14736 W System.err: 	at java.lang.reflect.Method.invoke(Native Method)
04-23 10:48:50.343 14736 14736 W System.err: 	at com.android.internal.os.ZygoteInit$MethodAndArgsCaller.run(ZygoteInit.java:865)
04-23 10:48:50.343 14736 14736 W System.err: 	at com.android.internal.os.ZygoteInit.main(ZygoteInit.java:755)
04-23 10:48:50.347  2797  2797 I Launcher3: AppsCustomizePagedView, setupPage
04-23 10:48:50.347  2797  2797 I Launcher3: AppsCustomizePagedView, setupPage current 11
04-23 10:48:50.352  2670  2670 D RegisteredServicesCache: component namecom.google.android.apps.walletnfcrel/com.google.commerce.tapandpay.android.transit.tap.service.TransitHceService
04-23 10:48:50.352  2670  2670 D RegisteredServicesCache: uid name10181
04-23 10:48:50.352  2670  2670 D RegisteredServicesCache: service State:1
04-23 10:48:50.352  2670  2670 D RegisteredServicesCache: component namecom.google.android.apps.walletnfcrel/com.google.commerce.tapandpay.android.hce.service.ValuableApduService
04-23 10:48:50.352  2670  2670 D RegisteredServicesCache: uid name10181
04-23 10:48:50.352  2670  2670 D RegisteredServicesCache: service State:1
04-23 10:48:50.353  2797  2797 D Launcher: recentAppList 0: ComponentInfo{club.rentmee.apps/club.rentmee.ui.activities.SplashActivity}
04-23 10:48:50.353  2797  2797 D Launcher: recentAppList 1: ComponentInfo{com.carshering/ru.delimobil.welcome.WelcomeRootActivity}
04-23 10:48:50.353  2797  2797 D Launcher: recentAppList 2: ComponentInfo{com.google.android.gm/com.google.android.gm.ConversationListActivityGmail}
04-23 10:48:50.353  2797  2797 D Launcher: recentAppList 3: ComponentInfo{org.telegram.messenger/org.telegram.ui.LaunchActivity}
04-23 10:48:50.353  2797  2797 D Launcher: recentAppList 0: ComponentInfo{club.rentmee.apps/club.rentmee.ui.activities.SplashActivity}
04-23 10:48:50.353  2797  2797 D Launcher: recentAppList 1: ComponentInfo{com.carshering/ru.delimobil.welcome.WelcomeRootActivity}
04-23 10:48:50.353  2797  2797 D Launcher: recentAppList 2: ComponentInfo{com.google.android.gm/com.google.android.gm.ConversationListActivityGmail}
04-23 10:48:50.353  2797  2797 D Launcher: recentAppList 3: ComponentInfo{org.telegram.messenger/org.telegram.ui.LaunchActivity}
04-23 10:48:50.353  2797  2797 D Launcher: recentAppList 0: ComponentInfo{club.rentmee.apps/club.rentmee.ui.activities.SplashActivity}
04-23 10:48:50.353  2797  2797 D Launcher: recentAppList 1: ComponentInfo{com.carshering/ru.delimobil.welcome.WelcomeRootActivity}
04-23 10:48:50.353  2797  2797 D Launcher: recentAppList 2: ComponentInfo{com.google.android.gm/com.google.android.gm.ConversationListActivityGmail}
04-23 10:48:50.353  2797  2797 D Launcher: recentAppList 3: ComponentInfo{org.telegram.messenger/org.telegram.ui.LaunchActivity}
04-23 10:48:50.353  2797  2797 D Launcher: recentAppList 0: ComponentInfo{club.rentmee.apps/club.rentmee.ui.activities.SplashActivity}
04-23 10:48:50.353  2797  2797 D Launcher: recentAppList 1: ComponentInfo{com.carshering/ru.delimobil.welcome.WelcomeRootActivity}
04-23 10:48:50.354  2797  2797 D Launcher: recentAppList 2: ComponentInfo{com.google.android.gm/com.google.android.gm.ConversationListActivityGmail}
04-23 10:48:50.354  2797  2797 D Launcher: recentAppList 3: ComponentInfo{org.telegram.messenger/org.telegram.ui.LaunchActivity}
04-23 10:48:50.354  2797  2797 D Launcher: recentAppList 0: ComponentInfo{club.rentmee.apps/club.rentmee.ui.activities.SplashActivity}
04-23 10:48:50.354  2797  2797 D Launcher: recentAppList 1: ComponentInfo{com.carshering/ru.delimobil.welcome.WelcomeRootActivity}
04-23 10:48:50.354  2797  2797 D Launcher: recentAppList 2: ComponentInfo{com.google.android.gm/com.google.android.gm.ConversationListActivityGmail}
04-23 10:48:50.354  2797  2797 D Launcher: recentAppList 3: ComponentInfo{org.telegram.messenger/org.telegram.ui.LaunchActivity}
04-23 10:48:50.354  2797  2797 D Launcher: recentAppList 0: ComponentInfo{club.rentmee.apps/club.rentmee.ui.activities.SplashActivity}
04-23 10:48:50.354  2797  2797 D Launcher: recentAppList 1: ComponentInfo{com.carshering/ru.delimobil.welcome.WelcomeRootActivity}
04-23 10:48:50.354  2797  2797 D Launcher: recentAppList 2: ComponentInfo{com.google.android.gm/com.google.android.gm.ConversationListActivityGmail}
04-23 10:48:50.354  2797  2797 D Launcher: recentAppList 3: ComponentInfo{org.telegram.messenger/org.telegram.ui.LaunchActivity}
04-23 10:48:50.359  2797  2797 I xixia   : == syncPageItems ==
04-23 10:48:50.364  2797  2797 I Launcher3: CellLayout, addViewToCellLayout lp (0, 0)
04-23 10:48:50.366  2797  2797 I Launcher3: CellLayout, addViewToCellLayout lp (1, 0)
04-23 10:48:50.368  2797  2797 I Launcher3: CellLayout, addViewToCellLayout lp (2, 0)
04-23 10:48:50.370  2797  2797 I Launcher3: CellLayout, addViewToCellLayout lp (3, 0)
04-23 10:48:50.370 14736 14736 I Typeface: setThemeFont(): sThemeFontPath = ,fontPath = 
04-23 10:48:50.371 14736 14736 W Typeface: setThemeFont(): FontPath Not Changed!
04-23 10:48:50.371  2797  2797 I Launcher3: CellLayout, addViewToCellLayout lp (0, 1)
04-23 10:48:50.373  2797  2797 I Launcher3: CellLayout, addViewToCellLayout lp (1, 1)
04-23 10:48:50.375  2797  2797 I Launcher3: CellLayout, addViewToCellLayout lp (2, 1)
04-23 10:48:50.377  2797  2797 I Launcher3: CellLayout, addViewToCellLayout lp (3, 1)
04-23 10:48:50.378  2797  2797 I Launcher3: CellLayout, addViewToCellLayout lp (0, 2)
04-23 10:48:50.381  2797  2797 I Launcher3: CellLayout, addViewToCellLayout lp (1, 2)
04-23 10:48:50.382  2797  2797 I Launcher3: CellLayout, addViewToCellLayout lp (2, 2)
04-23 10:48:50.384  2797  2797 I Launcher3: CellLayout, addViewToCellLayout lp (3, 2)
04-23 10:48:50.385  2797  2797 I Launcher3: CellLayout, addViewToCellLayout lp (0, 3)
04-23 10:48:50.386  2670  2670 D RegisteredAidCache:     AID cache entries: 
04-23 10:48:50.387  2670  2670 D RegisteredAidCache:     "325041592E5359532E4444463031" (category: payment)
04-23 10:48:50.387  2670  2670 D RegisteredAidCache:         *DEFAULT* ComponentInfo{com.google.android.gms/com.google.android.gms.tapandpay.hce.service.TpHceService} (Description: GooglePay)
04-23 10:48:50.387  2670  2670 D RegisteredAidCache:     "4F53452E5641532E3031" (category: other)
04-23 10:48:50.387  2670  2670 D RegisteredAidCache:         *DEFAULT* ComponentInfo{com.google.android.apps.walletnfcrel/com.google.commerce.tapandpay.android.hce.service.ValuableApduService} (Description: Google Pay)
04-23 10:48:50.387  2797  2797 I Launcher3: CellLayout, addViewToCellLayout lp (1, 3)
04-23 10:48:50.387  2670  2670 D RegisteredAidCache:     "A00000000307010001" (category: payment)
04-23 10:48:50.387  2670  2670 D RegisteredAidCache:         *DEFAULT* ComponentInfo{com.google.android.gms/com.google.android.gms.tapandpay.hce.service.TpHceService} (Description: GooglePay)
04-23 10:48:50.387  2670  2670 D RegisteredAidCache:     "A0000000031010" (category: payment)
04-23 10:48:50.387  2670  2670 D RegisteredAidCache:         *DEFAULT* ComponentInfo{com.google.android.gms/com.google.android.gms.tapandpay.hce.service.TpHceService} (Description: GooglePay)
04-23 10:48:50.387  2670  2670 D RegisteredAidCache:     "A0000000032010" (category: payment)
04-23 10:48:50.387  2670  2670 D RegisteredAidCache:         *DEFAULT* ComponentInfo{com.google.android.gms/com.google.android.gms.tapandpay.hce.service.TpHceService} (Description: GooglePay)
04-23 10:48:50.387  2670  2670 D RegisteredAidCache:     "A0000000032020" (category: payment)
04-23 10:48:50.387  2670  2670 D RegisteredAidCache:         *DEFAULT* ComponentInfo{com.google.android.gms/com.google.android.gms.tapandpay.hce.service.TpHceService} (Description: GooglePay)
04-23 10:48:50.387  2670  2670 D RegisteredAidCache:     "A0000000033010" (category: other)
04-23 10:48:50.387  2670  2670 D RegisteredAidCache:     "A0000000041010" (category: payment)
04-23 10:48:50.387  2670  2670 D RegisteredAidCache:         *DEFAULT* ComponentInfo{com.google.android.gms/com.google.android.gms.tapandpay.hce.service.TpHceService} (Description: GooglePay)
04-23 10:48:50.387  2670  2670 D RegisteredAidCache:     "A0000000042203" (category: payment)
04-23 10:48:50.387  2670  2670 D RegisteredAidCache:         *DEFAULT* ComponentInfo{com.google.android.gms/com.google.android.gms.tapandpay.hce.service.TpHceService} (Description: GooglePay)
04-23 10:48:50.387  2670  2670 D RegisteredAidCache:     "A0000000043060" (category: payment)
04-23 10:48:50.387  2670  2670 D RegisteredAidCache:         *DEFAULT* ComponentInfo{com.google.android.gms/com.google.android.gms.tapandpay.hce.service.TpHceService} (Description: GooglePay)
04-23 10:48:50.387  2670  2670 D RegisteredAidCache:     "A0000000049100" (category: other)
04-23 10:48:50.387  2670  2670 D RegisteredAidCache:     "A00000002501" (category: payment)
